Archive member included because of file (symbol)

/home/ape/libs/mspgcc-4.7.3/bin/../lib/gcc/msp430/4.7.3/mmpy-16/libgcc.a(_mulsi3.o)
                              build/sky/obj/cfs-coffee.o (__mulsi3)
/home/ape/libs/mspgcc-4.7.3/bin/../lib/gcc/msp430/4.7.3/mmpy-16/libgcc.a(_udivmod16.o)
                              build/sky/obj/cfs-coffee.o (__udivhi3)
/home/ape/libs/mspgcc-4.7.3/bin/../lib/gcc/msp430/4.7.3/mmpy-16/libgcc.a(_divmod16.o)
                              build/sky/obj/link-stats.o (__divhi3)
/home/ape/libs/mspgcc-4.7.3/bin/../lib/gcc/msp430/4.7.3/mmpy-16/libgcc.a(_udivmod32.o)
                              build/sky/obj/ifft.o (__udivsi3)
/home/ape/libs/mspgcc-4.7.3/bin/../lib/gcc/msp430/4.7.3/mmpy-16/libgcc.a(_divmod32.o)
                              build/sky/obj/cfs-coffee.o (__divsi3)
/home/ape/libs/mspgcc-4.7.3/bin/../lib/gcc/msp430/4.7.3/../../../../msp430/lib/mmpy-16/libc.a(printf.o)
                              build/sky/obj/assert.o (printf)
/home/ape/libs/mspgcc-4.7.3/bin/../lib/gcc/msp430/4.7.3/../../../../msp430/lib/mmpy-16/libc.a(sprintf.o)
                              build/sky/obj/log.o (snprintf)
/home/ape/libs/mspgcc-4.7.3/bin/../lib/gcc/msp430/4.7.3/../../../../msp430/lib/mmpy-16/libc.a(vuprintf.o)
                              /home/ape/libs/mspgcc-4.7.3/bin/../lib/gcc/msp430/4.7.3/../../../../msp430/lib/mmpy-16/libc.a(printf.o) (vuprintf)
/home/ape/libs/mspgcc-4.7.3/bin/../lib/gcc/msp430/4.7.3/../../../../msp430/lib/mmpy-16/libc.a(puts.o)
                              build/sky/obj/assert.o (puts)
/home/ape/libs/mspgcc-4.7.3/bin/../lib/gcc/msp430/4.7.3/../../../../msp430/lib/mmpy-16/libc.a(rand.o)
                              build/sky/obj/random.o (rand)
/home/ape/libs/mspgcc-4.7.3/bin/../lib/gcc/msp430/4.7.3/../../../../msp430/lib/mmpy-16/libc.a(strcmp.o)
                              build/sky/obj/cfs-coffee.o (strcmp)
/home/ape/libs/mspgcc-4.7.3/bin/../lib/gcc/msp430/4.7.3/../../../../msp430/lib/mmpy-16/libc.a(strncmp.o)
                              build/sky/obj/httpd-simple.o (strncmp)
/home/ape/libs/mspgcc-4.7.3/bin/../lib/gcc/msp430/4.7.3/../../../../msp430/lib/mmpy-16/libc.a(memcmp.o)
                              build/sky/obj/ip64-addr.o (memcmp)
/home/ape/libs/mspgcc-4.7.3/bin/../lib/gcc/msp430/4.7.3/../../../../msp430/lib/mmpy-16/libc.a(strncpy.o)
                              build/sky/obj/cfs-coffee.o (strncpy)
/home/ape/libs/mspgcc-4.7.3/bin/../lib/gcc/msp430/4.7.3/../../../../msp430/lib/mmpy-16/libc.a(memcpy.o)
                              build/sky/obj/aes-128.o (memcpy)
/home/ape/libs/mspgcc-4.7.3/bin/../lib/gcc/msp430/4.7.3/../../../../msp430/lib/mmpy-16/libc.a(memmove.o)
                              build/sky/obj/rpl-ext-header.o (memmove)
/home/ape/libs/mspgcc-4.7.3/bin/../lib/gcc/msp430/4.7.3/../../../../msp430/lib/mmpy-16/libc.a(memset.o)
                              build/sky/obj/cfs-coffee.o (memset)
/home/ape/libs/mspgcc-4.7.3/bin/../lib/gcc/msp430/4.7.3/mmpy-16/libgcc.a(_udivmod64.o)
                              /home/ape/libs/mspgcc-4.7.3/bin/../lib/gcc/msp430/4.7.3/../../../../msp430/lib/mmpy-16/libc.a(vuprintf.o) (__udivdi3)
/home/ape/libs/mspgcc-4.7.3/bin/../lib/gcc/msp430/4.7.3/mmpy-16/libcrt0.a(_reset_vector__.o)
                              (_reset_vector__)
/home/ape/libs/mspgcc-4.7.3/bin/../lib/gcc/msp430/4.7.3/mmpy-16/libcrt0.a(__watchdog_support.o)
                              /home/ape/libs/mspgcc-4.7.3/bin/../lib/gcc/msp430/4.7.3/mmpy-16/libcrt0.a(_reset_vector__.o) (__watchdog_support)
/home/ape/libs/mspgcc-4.7.3/bin/../lib/gcc/msp430/4.7.3/mmpy-16/libcrt0.a(__init_stack.o)
                              /home/ape/libs/mspgcc-4.7.3/bin/../lib/gcc/msp430/4.7.3/mmpy-16/libcrt0.a(_reset_vector__.o) (__init_stack)
/home/ape/libs/mspgcc-4.7.3/bin/../lib/gcc/msp430/4.7.3/mmpy-16/libcrt0.a(__low_level_init.o)
                              /home/ape/libs/mspgcc-4.7.3/bin/../lib/gcc/msp430/4.7.3/mmpy-16/libcrt0.a(_reset_vector__.o) (__low_level_init)
/home/ape/libs/mspgcc-4.7.3/bin/../lib/gcc/msp430/4.7.3/mmpy-16/libcrt0.a(_copy_data.o)
                              /home/ape/libs/mspgcc-4.7.3/bin/../lib/gcc/msp430/4.7.3/mmpy-16/libcrt0.a(_reset_vector__.o) (__do_copy_data)
/home/ape/libs/mspgcc-4.7.3/bin/../lib/gcc/msp430/4.7.3/mmpy-16/libcrt0.a(_clear_bss.o)
                              /home/ape/libs/mspgcc-4.7.3/bin/../lib/gcc/msp430/4.7.3/mmpy-16/libcrt0.a(_reset_vector__.o) (__do_clear_bss)
/home/ape/libs/mspgcc-4.7.3/bin/../lib/gcc/msp430/4.7.3/mmpy-16/libcrt0.a(__stop_progExec__.o)
                              /home/ape/libs/mspgcc-4.7.3/bin/../lib/gcc/msp430/4.7.3/mmpy-16/libcrt0.a(_reset_vector__.o) (__stop_progExec__)
/home/ape/libs/mspgcc-4.7.3/bin/../lib/gcc/msp430/4.7.3/mmpy-16/libcrt0.a(_endless_loop__.o)
                              /home/ape/libs/mspgcc-4.7.3/bin/../lib/gcc/msp430/4.7.3/mmpy-16/libcrt0.a(_reset_vector__.o) (_endless_loop__)
[...]
Memory Configuration

Name             Origin             Length             Attributes
sfr              0x0000000000000000 0x0000000000000010
peripheral_8bit  0x0000000000000010 0x00000000000000f0
peripheral_16bit 0x0000000000000100 0x0000000000000100
ram_mirror       0x0000000000000200 0x0000000000000800 xw
infomem          0x0000000000001000 0x0000000000000100
infob            0x0000000000001000 0x0000000000000080
infoa            0x0000000000001080 0x0000000000000080
ram              0x0000000000001100 0x0000000000002800 xw
rom              0x0000000000004000 0x000000000000bfe0 xr
vectors          0x000000000000ffe0 0x0000000000000020
bsl              0x0000000000000000 0x0000000000000000
infoc            0x0000000000000000 0x0000000000000000
infod            0x0000000000000000 0x0000000000000000
ram2             0x0000000000000000 0x0000000000000000 xw
usbram           0x0000000000000000 0x0000000000000000 xw
far_rom          0x0000000000000000 0x0000000000000000
*default*        0x0000000000000000 0xffffffffffffffff

Linker script and memory map

LOAD /home/ape/libs/mspgcc-4.7.3/bin/../lib/gcc/msp430/4.7.3/mmpy-16/crt0ivtbl16.o
                0x0000000000002a0a                _stack = _end
LOAD build/sky/obj/aes-128.o
LOAD build/sky/obj/anti-replay.o
LOAD build/sky/obj/assert.o
LOAD build/sky/obj/atomic.o
LOAD build/sky/obj/autostart.o
LOAD build/sky/obj/battery-sensor.o
LOAD build/sky/obj/border-router-embedded.o
LOAD build/sky/obj/border-router.o
LOAD build/sky/obj/button-hal.o
LOAD build/sky/obj/button-sensor.o
LOAD build/sky/obj/cc2420-arch-sfd.o
LOAD build/sky/obj/cc2420-arch.o
LOAD build/sky/obj/cc2420-tsch-15ms.o
LOAD build/sky/obj/cc2420.o
LOAD build/sky/obj/ccm-star-packetbuf.o
LOAD build/sky/obj/ccm-star.o
LOAD build/sky/obj/cfs-coffee.o
LOAD build/sky/obj/circular-list.o
LOAD build/sky/obj/clock.o
LOAD build/sky/obj/compower.o
LOAD build/sky/obj/contiki-main.o
LOAD build/sky/obj/contiki-sky-platform.o
LOAD build/sky/obj/crc16.o
LOAD build/sky/obj/csma-output.o
LOAD build/sky/obj/csma-security.o
LOAD build/sky/obj/csma.o
LOAD build/sky/obj/ctimer.o
LOAD build/sky/obj/dbl-circ-list.o
LOAD build/sky/obj/dbl-list.o
LOAD build/sky/obj/ds2411.o
LOAD build/sky/obj/energest.o
LOAD build/sky/obj/etimer.o
LOAD build/sky/obj/flash.o
LOAD build/sky/obj/frame802154.o
LOAD build/sky/obj/frame802154e-ie.o
LOAD build/sky/obj/framer-802154.o
LOAD build/sky/obj/gpio-hal.o
LOAD build/sky/obj/heapmem.o
LOAD build/sky/obj/hexconv.o
LOAD build/sky/obj/httpd-simple.o
LOAD build/sky/obj/i2c.o
LOAD build/sky/obj/ifft.o
LOAD build/sky/obj/int-master.o
LOAD build/sky/obj/ip64-addr.o
LOAD build/sky/obj/leds-arch.o
LOAD build/sky/obj/leds.o
LOAD build/sky/obj/light-sensor.o
LOAD build/sky/obj/link-stats.o
LOAD build/sky/obj/linkaddr.o
LOAD build/sky/obj/list.o
LOAD build/sky/obj/log.o
LOAD build/sky/obj/lpm.o
LOAD build/sky/obj/mac-sequence.o
LOAD build/sky/obj/mac.o
LOAD build/sky/obj/memb.o
LOAD build/sky/obj/msp430.o
LOAD build/sky/obj/mutex.o
LOAD build/sky/obj/nbr-table.o
LOAD build/sky/obj/net-debug.o
LOAD build/sky/obj/netstack.o
LOAD build/sky/obj/node-id.o
LOAD build/sky/obj/nullframer.o
LOAD build/sky/obj/nullradio.o
LOAD build/sky/obj/packetbuf.o
LOAD build/sky/obj/platform.o
LOAD build/sky/obj/process.o
LOAD build/sky/obj/psock.o
LOAD build/sky/obj/queuebuf.o
LOAD build/sky/obj/random.o
LOAD build/sky/obj/ringbuf.o
LOAD build/sky/obj/ringbufindex.o
LOAD build/sky/obj/rpl-border-router.o
LOAD build/sky/obj/rpl-dag-root.o
LOAD build/sky/obj/rpl-dag.o
LOAD build/sky/obj/rpl-ext-header.o
LOAD build/sky/obj/rpl-icmp6.o
LOAD build/sky/obj/rpl-mrhof.o
LOAD build/sky/obj/rpl-nbr-policy.o
LOAD build/sky/obj/rpl-neighbor.o
LOAD build/sky/obj/rpl-of0.o
LOAD build/sky/obj/rpl-timers.o
LOAD build/sky/obj/rpl.o
LOAD build/sky/obj/rtimer-arch.o
LOAD build/sky/obj/rtimer.o
LOAD build/sky/obj/sensors.o
LOAD build/sky/obj/serial-line.o
LOAD build/sky/obj/sht11-sensor.o
LOAD build/sky/obj/sht11.o
LOAD build/sky/obj/sicslowpan.o
LOAD build/sky/obj/simple-udp.o
LOAD build/sky/obj/sky-sensors.o
LOAD build/sky/obj/slip-bridge.o
LOAD build/sky/obj/slip.o
LOAD build/sky/obj/slip_uart1.o
LOAD build/sky/obj/spi-legacy.o
LOAD build/sky/obj/spi.o
LOAD build/sky/obj/stack-check.o
LOAD build/sky/obj/stimer.o
LOAD build/sky/obj/tcp-socket.o
LOAD build/sky/obj/tcpip.o
LOAD build/sky/obj/timer.o
LOAD build/sky/obj/trickle-timer.o
LOAD build/sky/obj/uart1-putchar.o
LOAD build/sky/obj/uart1.o
LOAD build/sky/obj/udp-socket.o
LOAD build/sky/obj/uip-ds6-nbr.o
LOAD build/sky/obj/uip-ds6-route.o
LOAD build/sky/obj/uip-ds6.o
LOAD build/sky/obj/uip-icmp6.o
LOAD build/sky/obj/uip-ipchksum.o
LOAD build/sky/obj/uip-nameserver.o
LOAD build/sky/obj/uip-nd6.o
LOAD build/sky/obj/uip-packetqueue.o
LOAD build/sky/obj/uip-sr.o
LOAD build/sky/obj/uip-udp-packet.o
LOAD build/sky/obj/uip6.o
LOAD build/sky/obj/uipbuf.o
LOAD build/sky/obj/uiplib.o
LOAD build/sky/obj/watchdog.o
LOAD build/sky/obj/webserver.o
LOAD build/sky/obj/xmem.o
LOAD /home/ape/libs/mspgcc-4.7.3/bin/../lib/gcc/msp430/4.7.3/mmpy-16/libgcc.a
LOAD /home/ape/libs/mspgcc-4.7.3/bin/../lib/gcc/msp430/4.7.3/../../../../msp430/lib/mmpy-16/libc.a
LOAD /home/ape/libs/mspgcc-4.7.3/bin/../lib/gcc/msp430/4.7.3/mmpy-16/libgcc.a
LOAD /home/ape/libs/mspgcc-4.7.3/bin/../lib/gcc/msp430/4.7.3/mmpy-16/libcrt0.a
                0x0000000000000080                PROVIDE (__info_segment_size, 0x80)
                0x0000000000001000                PROVIDE (__infob, 0x1000)
                0x0000000000001080                PROVIDE (__infoa, 0x1080)
                0x0000000000000000                __IE1 = 0x0
                0x0000000000000002                __IFG1 = 0x2
                0x0000000000000004                __ME1 = 0x4
                0x0000000000000001                __IE2 = 0x1
                0x0000000000000003                __IFG2 = 0x3
                0x0000000000000005                __ME2 = 0x5
                0x0000000000000120                __WDTCTL = 0x120
                0x0000000000000130                __MPY = 0x130
                0x0000000000000132                __MPYS = 0x132
                0x0000000000000134                __MAC = 0x134
                0x0000000000000136                __MACS = 0x136
                0x0000000000000138                __OP2 = 0x138
                0x000000000000013a                __RESLO = 0x13a
                0x000000000000013c                __RESHI = 0x13c
                0x000000000000013e                __SUMEXT = 0x13e
                0x0000000000000020                __P1IN = 0x20
                0x0000000000000021                __P1OUT = 0x21
                0x0000000000000022                __P1DIR = 0x22
                0x0000000000000023                __P1IFG = 0x23
                0x0000000000000024                __P1IES = 0x24
                0x0000000000000025                __P1IE = 0x25
                0x0000000000000026                __P1SEL = 0x26
                0x0000000000000028                __P2IN = 0x28
                0x0000000000000029                __P2OUT = 0x29
                0x000000000000002a                __P2DIR = 0x2a
                0x000000000000002b                __P2IFG = 0x2b
                0x000000000000002c                __P2IES = 0x2c
                0x000000000000002d                __P2IE = 0x2d
                0x000000000000002e                __P2SEL = 0x2e
                0x0000000000000018                __P3IN = 0x18
                0x0000000000000019                __P3OUT = 0x19
                0x000000000000001a                __P3DIR = 0x1a
                0x000000000000001b                __P3SEL = 0x1b
                0x000000000000001c                __P4IN = 0x1c
                0x000000000000001d                __P4OUT = 0x1d
                0x000000000000001e                __P4DIR = 0x1e
                0x000000000000001f                __P4SEL = 0x1f
                0x0000000000000030                __P5IN = 0x30
                0x0000000000000031                __P5OUT = 0x31
                0x0000000000000032                __P5DIR = 0x32
                0x0000000000000033                __P5SEL = 0x33
                0x0000000000000034                __P6IN = 0x34
                0x0000000000000035                __P6OUT = 0x35
                0x0000000000000036                __P6DIR = 0x36
                0x0000000000000037                __P6SEL = 0x37
                0x0000000000000070                __U0CTL = 0x70
                0x0000000000000071                __U0TCTL = 0x71
                0x0000000000000072                __U0RCTL = 0x72
                0x0000000000000073                __U0MCTL = 0x73
                0x0000000000000074                __U0BR0 = 0x74
                0x0000000000000075                __U0BR1 = 0x75
                0x0000000000000076                __U0RXBUF = 0x76
                0x0000000000000077                __U0TXBUF = 0x77
                0x0000000000000078                __U1CTL = 0x78
                0x0000000000000079                __U1TCTL = 0x79
                0x000000000000007a                __U1RCTL = 0x7a
                0x000000000000007b                __U1MCTL = 0x7b
                0x000000000000007c                __U1BR0 = 0x7c
                0x000000000000007d                __U1BR1 = 0x7d
                0x000000000000007e                __U1RXBUF = 0x7e
                0x000000000000007f                __U1TXBUF = 0x7f
                0x0000000000000050                __I2CIE = 0x50
                0x0000000000000051                __I2CIFG = 0x51
                0x0000000000000052                __I2CNDAT = 0x52
                0x0000000000000071                __I2CTCTL = 0x71
                0x0000000000000072                __I2CDCTL = 0x72
                0x0000000000000073                __I2CPSC = 0x73
                0x0000000000000074                __I2CSCLH = 0x74
                0x0000000000000075                __I2CSCLL = 0x75
                0x0000000000000076                __I2CDRB = 0x76
                0x0000000000000076                __I2CDRW = 0x76
                0x0000000000000118                __I2COA = 0x118
                0x000000000000011a                __I2CSA = 0x11a
                0x000000000000011c                __I2CIV = 0x11c
                0x000000000000012e                __TAIV = 0x12e
                0x0000000000000160                __TACTL = 0x160
                0x0000000000000162                __TACCTL0 = 0x162
                0x0000000000000164                __TACCTL1 = 0x164
                0x0000000000000166                __TACCTL2 = 0x166
                0x0000000000000170                __TAR = 0x170
                0x0000000000000172                __TACCR0 = 0x172
                0x0000000000000174                __TACCR1 = 0x174
                0x0000000000000176                __TACCR2 = 0x176
                0x000000000000011e                __TBIV = 0x11e
                0x0000000000000180                __TBCTL = 0x180
                0x0000000000000182                __TBCCTL0 = 0x182
                0x0000000000000184                __TBCCTL1 = 0x184
                0x0000000000000186                __TBCCTL2 = 0x186
                0x0000000000000188                __TBCCTL3 = 0x188
                0x000000000000018a                __TBCCTL4 = 0x18a
                0x000000000000018c                __TBCCTL5 = 0x18c
                0x000000000000018e                __TBCCTL6 = 0x18e
                0x0000000000000190                __TBR = 0x190
                0x0000000000000192                __TBCCR0 = 0x192
                0x0000000000000194                __TBCCR1 = 0x194
                0x0000000000000196                __TBCCR2 = 0x196
                0x0000000000000198                __TBCCR3 = 0x198
                0x000000000000019a                __TBCCR4 = 0x19a
                0x000000000000019c                __TBCCR5 = 0x19c
                0x000000000000019e                __TBCCR6 = 0x19e
                0x0000000000000056                __DCOCTL = 0x56
                0x0000000000000057                __BCSCTL1 = 0x57
                0x0000000000000058                __BCSCTL2 = 0x58
                0x0000000000000055                __SVSCTL = 0x55
                0x0000000000000128                __FCTL1 = 0x128
                0x000000000000012a                __FCTL2 = 0x12a
                0x000000000000012c                __FCTL3 = 0x12c
                0x0000000000000059                __CACTL1 = 0x59
                0x000000000000005a                __CACTL2 = 0x5a
                0x000000000000005b                __CAPD = 0x5b
                0x00000000000001a0                __ADC12CTL0 = 0x1a0
                0x00000000000001a2                __ADC12CTL1 = 0x1a2
                0x00000000000001a4                __ADC12IFG = 0x1a4
                0x00000000000001a6                __ADC12IE = 0x1a6
                0x00000000000001a8                __ADC12IV = 0x1a8
                0x0000000000000140                __ADC12MEM0 = 0x140
                0x0000000000000142                __ADC12MEM1 = 0x142
                0x0000000000000144                __ADC12MEM2 = 0x144
                0x0000000000000146                __ADC12MEM3 = 0x146
                0x0000000000000148                __ADC12MEM4 = 0x148
                0x000000000000014a                __ADC12MEM5 = 0x14a
                0x000000000000014c                __ADC12MEM6 = 0x14c
                0x000000000000014e                __ADC12MEM7 = 0x14e
                0x0000000000000150                __ADC12MEM8 = 0x150
                0x0000000000000152                __ADC12MEM9 = 0x152
                0x0000000000000154                __ADC12MEM10 = 0x154
                0x0000000000000156                __ADC12MEM11 = 0x156
                0x0000000000000158                __ADC12MEM12 = 0x158
                0x000000000000015a                __ADC12MEM13 = 0x15a
                0x000000000000015c                __ADC12MEM14 = 0x15c
                0x000000000000015e                __ADC12MEM15 = 0x15e
                0x0000000000000080                __ADC12MCTL0 = 0x80
                0x0000000000000081                __ADC12MCTL1 = 0x81
                0x0000000000000082                __ADC12MCTL2 = 0x82
                0x0000000000000083                __ADC12MCTL3 = 0x83
                0x0000000000000084                __ADC12MCTL4 = 0x84
                0x0000000000000085                __ADC12MCTL5 = 0x85
                0x0000000000000086                __ADC12MCTL6 = 0x86
                0x0000000000000087                __ADC12MCTL7 = 0x87
                0x0000000000000088                __ADC12MCTL8 = 0x88
                0x0000000000000089                __ADC12MCTL9 = 0x89
                0x000000000000008a                __ADC12MCTL10 = 0x8a
                0x000000000000008b                __ADC12MCTL11 = 0x8b
                0x000000000000008c                __ADC12MCTL12 = 0x8c
                0x000000000000008d                __ADC12MCTL13 = 0x8d
                0x000000000000008e                __ADC12MCTL14 = 0x8e
                0x000000000000008f                __ADC12MCTL15 = 0x8f
                0x00000000000001c0                __DAC12_0CTL = 0x1c0
                0x00000000000001c2                __DAC12_1CTL = 0x1c2
                0x00000000000001c8                __DAC12_0DAT = 0x1c8
                0x00000000000001ca                __DAC12_1DAT = 0x1ca
                0x0000000000000122                __DMACTL0 = 0x122
                0x0000000000000124                __DMACTL1 = 0x124
                0x00000000000001e0                __DMA0CTL = 0x1e0
                0x00000000000001e8                __DMA1CTL = 0x1e8
                0x00000000000001f0                __DMA2CTL = 0x1f0
                0x00000000000001e2                __DMA0SA = 0x1e2
                0x00000000000001e4                __DMA0DA = 0x1e4
                0x00000000000001e6                __DMA0SZ = 0x1e6
                0x00000000000001ea                __DMA1SA = 0x1ea
                0x00000000000001ec                __DMA1DA = 0x1ec
                0x00000000000001ee                __DMA1SZ = 0x1ee
                0x00000000000001f2                __DMA2SA = 0x1f2
                0x00000000000001f4                __DMA2DA = 0x1f4
                0x00000000000001f6                __DMA2SZ = 0x1f6

.hash
 *(SORT(.hash))

.dynsym
 *(SORT(.dynsym))

.dynstr
 *(SORT(.dynstr))

.gnu.version
 *(SORT(.gnu.version))

.gnu.version_d
 *(SORT(.gnu.version_d))

.gnu.version_r
 *(SORT(.gnu.version_r))

.rel.init
 *(SORT(.rel.init))

.rela.init
 *(SORT(.rela.init))

.rel.fini
 *(SORT(.rel.fini))

.rela.fini
 *(SORT(.rela.fini))

.rel.text
 *(SORT(.rel.text) SORT(.rel.text.*) SORT(.rel.gnu.linkonce.t.*))

.rela.text
 *(SORT(.rela.text) SORT(.rela.text.*) SORT(.rela.gnu.linkonce.t.*))

.rel.rodata
 *(SORT(.rel.rodata) SORT(.rel.rodata.*) SORT(.rel.gnu.linkonce.r.*))

.rela.rodata
 *(SORT(.rela.rodata) SORT(.rela.rodata.*) SORT(.rela.gnu.linkonce.r.*))

.rel.data
 *(SORT(.rel.data) SORT(.rel.data.*) SORT(.rel.gnu.linkonce.d.*))

.rela.data
 *(SORT(.rela.data) SORT(.rela.data.*) SORT(.rela.gnu.linkonce.d.*))

.rel.bss
 *(SORT(.rel.bss) SORT(.rel.bss.*) SORT(.rel.gnu.linkonce.b.*))

.rela.bss
 *(SORT(.rela.bss) SORT(.rela.bss.*) SORT(.rela.gnu.linkonce.b.*))

.rel.ctors
 *(SORT(.rel.ctors))

.rela.ctors
 *(SORT(.rela.ctors))

.rel.dtors
 *(SORT(.rel.dtors))

.rela.dtors
 *(SORT(.rela.dtors))

.rel.got
 *(SORT(.rel.got))

.rela.got
 *(SORT(.rela.got))

.rel.plt
 *(SORT(.rel.plt))

.rela.plt
 *(SORT(.rela.plt))

.text           0x0000000000004000     0xa8aa
                0x0000000000004000                . = ALIGN (0x2)
 *(SORT(.init) SORT(.init.*))
 *(SORT(.init0))
 .init0         0x0000000000004000        0x0 /home/ape/libs/mspgcc-4.7.3/bin/../lib/gcc/msp430/4.7.3/mmpy-16/libcrt0.a(_reset_vector__.o)
                0x0000000000004000                _reset_vector__
 *(SORT(.init1))
 .init1         0x0000000000004000        0xc /home/ape/libs/mspgcc-4.7.3/bin/../lib/gcc/msp430/4.7.3/mmpy-16/libcrt0.a(__watchdog_support.o)
                0x0000000000004000                __watchdog_support
 *(SORT(.init2))
 .init2         0x000000000000400c        0x4 /home/ape/libs/mspgcc-4.7.3/bin/../lib/gcc/msp430/4.7.3/mmpy-16/libcrt0.a(__init_stack.o)
                0x000000000000400c                __init_stack
 *(SORT(.init3))
 .init3         0x0000000000004010        0x0 /home/ape/libs/mspgcc-4.7.3/bin/../lib/gcc/msp430/4.7.3/mmpy-16/libcrt0.a(__low_level_init.o)
                0x0000000000004010                __low_level_init
 *(SORT(.init4))
 .init4         0x0000000000004010       0x18 /home/ape/libs/mspgcc-4.7.3/bin/../lib/gcc/msp430/4.7.3/mmpy-16/libcrt0.a(_copy_data.o)
                0x0000000000004010                __do_copy_data
 .init4         0x0000000000004028       0x16 /home/ape/libs/mspgcc-4.7.3/bin/../lib/gcc/msp430/4.7.3/mmpy-16/libcrt0.a(_clear_bss.o)
                0x0000000000004028                __do_clear_bss
 *(SORT(.init5))
 *(SORT(.init6))
 *(SORT(.init7))
 *(SORT(.init8))
 *(SORT(.init9))
 .init9         0x000000000000403e      0x212 build/sky/obj/contiki-main.o
                0x000000000000403e                main
 *(SORT(.fini9))
 .fini9         0x0000000000004250        0x0 /home/ape/libs/mspgcc-4.7.3/bin/../lib/gcc/msp430/4.7.3/mmpy-16/libcrt0.a(__stop_progExec__.o)
                0x0000000000004250                __stop_progExec__
 *(SORT(.fini8))
 *(SORT(.fini7))
 *(SORT(.fini6))
 *(SORT(.fini5))
 *(SORT(.fini4))
 *(SORT(.fini3))
 *(SORT(.fini2))
 *(SORT(.fini1))
 *(SORT(.fini0))
 .fini0         0x0000000000004250        0x6 /home/ape/libs/mspgcc-4.7.3/bin/../lib/gcc/msp430/4.7.3/mmpy-16/libcrt0.a(_endless_loop__.o)
                0x0000000000004250                _endless_loop__
 *(SORT(.fini) SORT(.fini.*))
                0x0000000000004256                . = ALIGN (0x2)
                0x0000000000004256                __ctors_start = .
 *(SORT(.ctors))
                0x0000000000004256                __ctors_end = .
                0x0000000000004256                __dtors_start = .
 *(SORT(.dtors))
                0x0000000000004256                __dtors_end = .
                0x0000000000004256                . = ALIGN (0x2)
 *(SORT(.text) SORT(.text.*) SORT(.gnu.linkonce.t.*))
 .text          0x0000000000004256        0x4 /home/ape/libs/mspgcc-4.7.3/bin/../lib/gcc/msp430/4.7.3/mmpy-16/crt0ivtbl16.o
                0x0000000000004256                __isr_14
                0x0000000000004256                __isr_11
                0x0000000000004256                __isr_2
                0x0000000000004256                __isr_7
                0x0000000000004256                __isr_0
                0x0000000000004256                __isr_8
                0x0000000000004256                __isr_3
                0x0000000000004256                __isr_13
                0x0000000000004256                __isr_9
 .text.autostart_start
                0x000000000000425a       0x16 build/sky/obj/autostart.o
                0x000000000000425a                autostart_start
 .text.process_thread_border_router_process
                0x0000000000004270      0x10e build/sky/obj/border-router-embedded.o
 .text.process_thread_contiki_ng_br
                0x000000000000437e       0xae build/sky/obj/border-router.o
 .text.status   0x000000000000442c       0x18 build/sky/obj/button-sensor.o
 .text.value    0x0000000000004444       0x20 build/sky/obj/button-sensor.o
 .text.configure
                0x0000000000004464       0x4c build/sky/obj/button-sensor.o
 .text.irq_p2   0x00000000000044b0       0x46 build/sky/obj/button-sensor.o
                0x00000000000044b0                irq_p2
                0x00000000000044b0                __isr_1
 .text.cc2420_timerb1_interrupt
                0x00000000000044f6       0x26 build/sky/obj/cc2420-arch-sfd.o
                0x00000000000044f6                cc2420_timerb1_interrupt
                0x00000000000044f6                __isr_12
 .text.cc2420_port1_interrupt
                0x000000000000451c       0x20 build/sky/obj/cc2420-arch.o
                0x000000000000451c                __isr_4
                0x000000000000451c                cc2420_port1_interrupt
 .text.cc2420_arch_init
                0x000000000000453c       0x1a build/sky/obj/cc2420-arch.o
                0x000000000000453c                cc2420_arch_init
 .text.get_object
                0x0000000000004556        0x4 build/sky/obj/cc2420.o
 .text.set_object
                0x000000000000455a        0x4 build/sky/obj/cc2420.o
 .text.strobe   0x000000000000455e       0x1c build/sky/obj/cc2420.o
 .text.getreg   0x000000000000457a       0x4c build/sky/obj/cc2420.o
 .text.setreg   0x00000000000045c6       0x4c build/sky/obj/cc2420.o
 .text.write_ram
                0x0000000000004612       0x7c build/sky/obj/cc2420.o
 .text.write_fifo_buf
                0x000000000000468e       0x3c build/sky/obj/cc2420.o
 .text.get_status
                0x00000000000046ca       0x20 build/sky/obj/cc2420.o
 .text.on       0x00000000000046ea       0x1a build/sky/obj/cc2420.o
 .text.cc2420_receiving_packet
                0x0000000000004704        0xc build/sky/obj/cc2420.o
 .text.pending_packet
                0x0000000000004710        0x8 build/sky/obj/cc2420.o
 .text.wait_for_transmission
                0x0000000000004718       0x22 build/sky/obj/cc2420.o
 .text.wait_for_status
                0x000000000000473a       0x28 build/sky/obj/cc2420.o
 .text.getrxdata
                0x0000000000004762       0x50 build/sky/obj/cc2420.o
 .text.flushrx  0x00000000000047b2       0x1a build/sky/obj/cc2420.o
 .text.off      0x00000000000047cc       0x28 build/sky/obj/cc2420.o
 .text.RELEASE_LOCK
                0x00000000000047f4       0x28 build/sky/obj/cc2420.o
 .text.set_key  0x000000000000481c       0x18 build/sky/obj/cc2420.o
 .text.set_frame_filtering
                0x0000000000004834       0x30 build/sky/obj/cc2420.o
 .text.set_auto_ack
                0x0000000000004864       0x30 build/sky/obj/cc2420.o
 .text.set_poll_mode
                0x0000000000004894       0x2c build/sky/obj/cc2420.o
 .text.cc2420_prepare
                0x00000000000048c0       0x46 build/sky/obj/cc2420.o
 .text.cc2420_on
                0x0000000000004906       0x22 build/sky/obj/cc2420.o
                0x0000000000004906                cc2420_on
 .text.cc2420_transmit
                0x0000000000004928       0x66 build/sky/obj/cc2420.o
 .text.cc2420_send
                0x000000000000498e       0x12 build/sky/obj/cc2420.o
 .text.cc2420_off
                0x00000000000049a0       0x30 build/sky/obj/cc2420.o
                0x00000000000049a0                cc2420_off
 .text.cc2420_cca
                0x00000000000049d0       0x68 build/sky/obj/cc2420.o
 .text.cc2420_read
                0x0000000000004a38       0xbe build/sky/obj/cc2420.o
 .text.process_thread_cc2420_process
                0x0000000000004af6       0x56 build/sky/obj/cc2420.o
 .text.encrypt  0x0000000000004b4c       0x88 build/sky/obj/cc2420.o
 .text.cc2420_set_channel
                0x0000000000004bd4       0x3c build/sky/obj/cc2420.o
                0x0000000000004bd4                cc2420_set_channel
 .text.cc2420_set_pan_addr
                0x0000000000004c10       0x4c build/sky/obj/cc2420.o
                0x0000000000004c10                cc2420_set_pan_addr
 .text.cc2420_interrupt
                0x0000000000004c5c       0x16 build/sky/obj/cc2420.o
                0x0000000000004c5c                cc2420_interrupt
 .text.cc2420_set_txpower
                0x0000000000004c72       0x2c build/sky/obj/cc2420.o
                0x0000000000004c72                cc2420_set_txpower
 .text.cc2420_get_txpower
                0x0000000000004c9e       0x1e build/sky/obj/cc2420.o
                0x0000000000004c9e                cc2420_get_txpower
 .text.cc2420_rssi
                0x0000000000004cbc       0x4c build/sky/obj/cc2420.o
                0x0000000000004cbc                cc2420_rssi
 .text.get_value
                0x0000000000004d08      0x11e build/sky/obj/cc2420.o
 .text.cc2420_set_cca_threshold
                0x0000000000004e26       0x16 build/sky/obj/cc2420.o
                0x0000000000004e26                cc2420_set_cca_threshold
 .text.set_value
                0x0000000000004e3c      0x150 build/sky/obj/cc2420.o
 .text.cc2420_init
                0x0000000000004f8c       0xea build/sky/obj/cc2420.o
                0x0000000000004f8c                cc2420_init
 .text.timera1  0x0000000000005076       0xdc build/sky/obj/clock.o
                0x0000000000005076                __isr_5
                0x0000000000005076                timera1
 .text.clock_time
                0x0000000000005152       0x1a build/sky/obj/clock.o
                0x0000000000005152                clock_time
 .text.clock_init
                0x000000000000516c       0x28 build/sky/obj/clock.o
                0x000000000000516c                clock_init
 .text.clock_delay
                0x0000000000005194        0xc build/sky/obj/clock.o
                0x0000000000005194                clock_delay
 .text.clock_seconds
                0x00000000000051a0       0x1a build/sky/obj/clock.o
                0x00000000000051a0                clock_seconds
 .text.init_platform
                0x00000000000051ba        0xc build/sky/obj/contiki-sky-platform.o
                0x00000000000051ba                init_platform
 .text.schedule_transmission
                0x00000000000051c6       0x70 build/sky/obj/csma-output.o
 .text.tx_done  0x0000000000005236       0x9a build/sky/obj/csma-output.o
 .text.transmit_from_queue
                0x00000000000052d0      0x1c0 build/sky/obj/csma-output.o
 .text.csma_output_packet
                0x0000000000005490      0x158 build/sky/obj/csma-output.o
                0x0000000000005490                csma_output_packet
 .text.csma_output_init
                0x00000000000055e8       0x1a build/sky/obj/csma-output.o
                0x00000000000055e8                csma_output_init
 .text.csma_security_create_frame
                0x0000000000005602       0x10 build/sky/obj/csma-security.o
                0x0000000000005602                csma_security_create_frame
 .text.csma_security_parse_frame
                0x0000000000005612        0x6 build/sky/obj/csma-security.o
                0x0000000000005612                csma_security_parse_frame
 .text.on       0x0000000000005618        0x6 build/sky/obj/csma.o
 .text.off      0x000000000000561e        0x6 build/sky/obj/csma.o
 .text.max_payload
                0x0000000000005624       0x38 build/sky/obj/csma.o
 .text.send_packet
                0x000000000000565c        0x6 build/sky/obj/csma.o
 .text.input_packet
                0x0000000000005662       0x58 build/sky/obj/csma.o
 .text.init     0x00000000000056ba       0x20 build/sky/obj/csma.o
 .text.process_thread_ctimer_process
                0x00000000000056da       0xa8 build/sky/obj/ctimer.o
 .text.ctimer_init
                0x0000000000005782       0x18 build/sky/obj/ctimer.o
                0x0000000000005782                ctimer_init
 .text.ctimer_set_with_process
                0x000000000000579a       0x4e build/sky/obj/ctimer.o
                0x000000000000579a                ctimer_set_with_process
 .text.ctimer_set
                0x00000000000057e8       0x10 build/sky/obj/ctimer.o
                0x00000000000057e8                ctimer_set
 .text.ctimer_reset
                0x00000000000057f8       0x30 build/sky/obj/ctimer.o
                0x00000000000057f8                ctimer_reset
 .text.ctimer_stop
                0x0000000000005828       0x28 build/sky/obj/ctimer.o
                0x0000000000005828                ctimer_stop
 .text.ctimer_expired
                0x0000000000005850       0x30 build/sky/obj/ctimer.o
                0x0000000000005850                ctimer_expired
 .text.owreadb  0x0000000000005880       0x50 build/sky/obj/ds2411.o
 .text.ds2411_init
                0x00000000000058d0      0x120 build/sky/obj/ds2411.o
                0x00000000000058d0                ds2411_init
 .text.energest_init
                0x00000000000059f0        0x2 build/sky/obj/energest.o
                0x00000000000059f0                energest_init
 .text.energest_flush
                0x00000000000059f2        0x2 build/sky/obj/energest.o
                0x00000000000059f2                energest_flush
 .text.update_time
                0x00000000000059f4       0x78 build/sky/obj/etimer.o
 .text.etimer_request_poll
                0x0000000000005a6c        0xa build/sky/obj/etimer.o
                0x0000000000005a6c                etimer_request_poll
 .text.process_thread_etimer_process
                0x0000000000005a76       0xcc build/sky/obj/etimer.o
 .text.add_timer
                0x0000000000005b42       0x40 build/sky/obj/etimer.o
 .text.etimer_set
                0x0000000000005b82       0x12 build/sky/obj/etimer.o
                0x0000000000005b82                etimer_set
 .text.etimer_reset
                0x0000000000005b94       0x12 build/sky/obj/etimer.o
                0x0000000000005b94                etimer_reset
 .text.etimer_expired
                0x0000000000005ba6        0xe build/sky/obj/etimer.o
                0x0000000000005ba6                etimer_expired
 .text.etimer_pending
                0x0000000000005bb4        0xc build/sky/obj/etimer.o
                0x0000000000005bb4                etimer_pending
 .text.etimer_next_expiration_time
                0x0000000000005bc0       0x16 build/sky/obj/etimer.o
                0x0000000000005bc0                etimer_next_expiration_time
 .text.etimer_stop
                0x0000000000005bd6       0x3e build/sky/obj/etimer.o
                0x0000000000005bd6                etimer_stop
 .text.frame802154_get_pan_id
                0x0000000000005c14        0x6 build/sky/obj/frame802154.o
                0x0000000000005c14                frame802154_get_pan_id
 .text.frame802154_has_panid
                0x0000000000005c1a       0xe0 build/sky/obj/frame802154.o
                0x0000000000005c1a                frame802154_has_panid
 .text.field_len
                0x0000000000005cfa       0xac build/sky/obj/frame802154.o
 .text.frame802154_is_broadcast_addr
                0x0000000000005da6       0x28 build/sky/obj/frame802154.o
                0x0000000000005da6                frame802154_is_broadcast_addr
 .text.frame802154_hdrlen
                0x0000000000005dce       0x32 build/sky/obj/frame802154.o
                0x0000000000005dce                frame802154_hdrlen
 .text.frame802154_create_fcf
                0x0000000000005e00       0x96 build/sky/obj/frame802154.o
                0x0000000000005e00                frame802154_create_fcf
 .text.frame802154_create
                0x0000000000005e96       0xe4 build/sky/obj/frame802154.o
                0x0000000000005e96                frame802154_create
 .text.frame802154_parse_fcf
                0x0000000000005f7a       0xbc build/sky/obj/frame802154.o
                0x0000000000005f7a                frame802154_parse_fcf
 .text.frame802154_parse
                0x0000000000006036      0x168 build/sky/obj/frame802154.o
                0x0000000000006036                frame802154_parse
 .text.parse    0x000000000000619e       0xa2 build/sky/obj/framer-802154.o
 .text.framer_802154_setup_params
                0x0000000000006240       0xb8 build/sky/obj/framer-802154.o
                0x0000000000006240                framer_802154_setup_params
 .text.create_frame
                0x00000000000062f8       0xa2 build/sky/obj/framer-802154.o
 .text.create   0x000000000000639a        0x8 build/sky/obj/framer-802154.o
 .text.hdr_length
                0x00000000000063a2        0x8 build/sky/obj/framer-802154.o
 .text.leds_arch_init
                0x00000000000063aa        0xe build/sky/obj/leds-arch.o
                0x00000000000063aa                leds_arch_init
 .text.leds_arch_get
                0x00000000000063b8       0x34 build/sky/obj/leds-arch.o
                0x00000000000063b8                leds_arch_get
 .text.leds_arch_set
                0x00000000000063ec       0x3e build/sky/obj/leds-arch.o
                0x00000000000063ec                leds_arch_set
 .text.leds_init
                0x000000000000642a        0x6 build/sky/obj/leds.o
                0x000000000000642a                leds_init
 .text.leds_on  0x0000000000006430       0x12 build/sky/obj/leds.o
                0x0000000000006430                leds_on
 .text.leds_off
                0x0000000000006442       0x12 build/sky/obj/leds.o
                0x0000000000006442                leds_off
 .text.periodic
                0x0000000000006454       0x28 build/sky/obj/link-stats.o
 .text.link_stats_from_lladdr
                0x000000000000647c        0xc build/sky/obj/link-stats.o
                0x000000000000647c                link_stats_from_lladdr
 .text.link_stats_is_fresh
                0x0000000000006488       0x30 build/sky/obj/link-stats.o
                0x0000000000006488                link_stats_is_fresh
 .text.link_stats_packet_sent
                0x00000000000064b8       0xf4 build/sky/obj/link-stats.o
                0x00000000000064b8                link_stats_packet_sent
 .text.link_stats_input_callback
                0x00000000000065ac      0x106 build/sky/obj/link-stats.o
                0x00000000000065ac                link_stats_input_callback
 .text.link_stats_reset
                0x00000000000066b2       0x2a build/sky/obj/link-stats.o
                0x00000000000066b2                link_stats_reset
 .text.link_stats_init
                0x00000000000066dc       0x22 build/sky/obj/link-stats.o
                0x00000000000066dc                link_stats_init
 .text.linkaddr_copy
                0x00000000000066fe        0x8 build/sky/obj/linkaddr.o
                0x00000000000066fe                linkaddr_copy
 .text.linkaddr_cmp
                0x0000000000006706       0x12 build/sky/obj/linkaddr.o
                0x0000000000006706                linkaddr_cmp
 .text.linkaddr_set_node_addr
                0x0000000000006718        0xc build/sky/obj/linkaddr.o
                0x0000000000006718                linkaddr_set_node_addr
 .text.list_init
                0x0000000000006724        0x6 build/sky/obj/list.o
                0x0000000000006724                list_init
 .text.list_head
                0x000000000000672a        0x4 build/sky/obj/list.o
                0x000000000000672a                list_head
 .text.list_tail
                0x000000000000672e       0x12 build/sky/obj/list.o
                0x000000000000672e                list_tail
 .text.list_remove
                0x0000000000006740       0x34 build/sky/obj/list.o
                0x0000000000006740                list_remove
 .text.list_push
                0x0000000000006774       0x1a build/sky/obj/list.o
                0x0000000000006774                list_push
 .text.list_add
                0x000000000000678e       0x2a build/sky/obj/list.o
                0x000000000000678e                list_add
 .text.list_length
                0x00000000000067b8       0x10 build/sky/obj/list.o
                0x00000000000067b8                list_length
 .text.list_item_next
                0x00000000000067c8        0xc build/sky/obj/list.o
                0x00000000000067c8                list_item_next
 .text.log_6addr
                0x00000000000067d4       0x32 build/sky/obj/log.o
                0x00000000000067d4                log_6addr
 .text.log_lladdr
                0x0000000000006806       0x44 build/sky/obj/log.o
                0x0000000000006806                log_lladdr
 .text.mac_sequence_init
                0x000000000000684a        0xa build/sky/obj/mac-sequence.o
                0x000000000000684a                mac_sequence_init
 .text.mac_sequence_set_dsn
                0x0000000000006854       0x18 build/sky/obj/mac-sequence.o
                0x0000000000006854                mac_sequence_set_dsn
 .text.mac_sequence_is_duplicate
                0x000000000000686c       0x84 build/sky/obj/mac-sequence.o
                0x000000000000686c                mac_sequence_is_duplicate
 .text.mac_sequence_register_seqno
                0x00000000000068f0       0x90 build/sky/obj/mac-sequence.o
                0x00000000000068f0                mac_sequence_register_seqno
 .text.mac_call_sent_callback
                0x0000000000006980       0x14 build/sky/obj/mac.o
                0x0000000000006980                mac_call_sent_callback
 .text.memb_init
                0x0000000000006994       0x36 build/sky/obj/memb.o
                0x0000000000006994                memb_init
 .text.memb_alloc
                0x00000000000069ca       0x3e build/sky/obj/memb.o
                0x00000000000069ca                memb_alloc
 .text.memb_free
                0x0000000000006a08       0x32 build/sky/obj/memb.o
                0x0000000000006a08                memb_free
 .text.memb_inmemb
                0x0000000000006a3a       0x2a build/sky/obj/memb.o
                0x0000000000006a3a                memb_inmemb
 .text.memb_numfree
                0x0000000000006a64       0x26 build/sky/obj/memb.o
                0x0000000000006a64                memb_numfree
 .text.msp430_init_dco
                0x0000000000006a8a       0x82 build/sky/obj/msp430.o
                0x0000000000006a8a                msp430_init_dco
 .text.msp430_add_lpm_req
                0x0000000000006b0c        0xc build/sky/obj/msp430.o
                0x0000000000006b0c                msp430_add_lpm_req
 .text.msp430_cpu_init
                0x0000000000006b18       0x2a build/sky/obj/msp430.o
                0x0000000000006b18                msp430_cpu_init
 .text.splhigh_
                0x0000000000006b42        0xa build/sky/obj/msp430.o
                0x0000000000006b42                splhigh_
 .text.msp430_sync_dco
                0x0000000000006b4c       0x6c build/sky/obj/msp430.o
                0x0000000000006b4c                msp430_sync_dco
 .text.item_from_index
                0x0000000000006bb8       0x2a build/sky/obj/nbr-table.o
 .text.index_from_key
                0x0000000000006be2       0x26 build/sky/obj/nbr-table.o
 .text.index_from_item
                0x0000000000006c08       0x1e build/sky/obj/nbr-table.o
 .text.nbr_set_bit
                0x0000000000006c26       0x58 build/sky/obj/nbr-table.o
 .text.index_from_lladdr
                0x0000000000006c7e       0x42 build/sky/obj/nbr-table.o
 .text.nbr_get_bit.constprop.3
                0x0000000000006cc0       0x2e build/sky/obj/nbr-table.o
 .text.remove_key
                0x0000000000006cee       0x84 build/sky/obj/nbr-table.o
 .text.nbr_table_is_registered
                0x0000000000006d72       0x22 build/sky/obj/nbr-table.o
                0x0000000000006d72                nbr_table_is_registered
 .text.nbr_table_register
                0x0000000000006d94       0x40 build/sky/obj/nbr-table.o
                0x0000000000006d94                nbr_table_register
 .text.nbr_table_next
                0x0000000000006dd4       0x54 build/sky/obj/nbr-table.o
                0x0000000000006dd4                nbr_table_next
 .text.nbr_table_head
                0x0000000000006e28       0x3a build/sky/obj/nbr-table.o
                0x0000000000006e28                nbr_table_head
 .text.nbr_table_get_from_lladdr
                0x0000000000006e62       0x2c build/sky/obj/nbr-table.o
                0x0000000000006e62                nbr_table_get_from_lladdr
 .text.entry_is_allowed.isra.2
                0x0000000000006e8e       0x80 build/sky/obj/nbr-table.o
 .text.nbr_table_add_lladdr
                0x0000000000006f0e       0xc2 build/sky/obj/nbr-table.o
                0x0000000000006f0e                nbr_table_add_lladdr
 .text.nbr_table_remove
                0x0000000000006fd0       0x32 build/sky/obj/nbr-table.o
                0x0000000000006fd0                nbr_table_remove
 .text.nbr_table_lock
                0x0000000000007002       0x10 build/sky/obj/nbr-table.o
                0x0000000000007002                nbr_table_lock
 .text.nbr_table_unlock
                0x0000000000007012       0x10 build/sky/obj/nbr-table.o
                0x0000000000007012                nbr_table_unlock
 .text.nbr_table_get_lladdr
                0x0000000000007022       0x22 build/sky/obj/nbr-table.o
                0x0000000000007022                nbr_table_get_lladdr
 .text.netstack_process_ip_callback
                0x0000000000007044       0x4e build/sky/obj/netstack.o
                0x0000000000007044                netstack_process_ip_callback
 .text.netstack_init
                0x0000000000007092        0xe build/sky/obj/netstack.o
                0x0000000000007092                netstack_init
 .text.node_id_init
                0x00000000000070a0       0x14 build/sky/obj/node-id.o
                0x00000000000070a0                node_id_init
 .text.packetbuf_hdrreduce
                0x00000000000070b4       0x1a build/sky/obj/packetbuf.o
                0x00000000000070b4                packetbuf_hdrreduce
 .text.packetbuf_set_datalen
                0x00000000000070ce        0x6 build/sky/obj/packetbuf.o
                0x00000000000070ce                packetbuf_set_datalen
 .text.packetbuf_hdrptr
                0x00000000000070d4        0x6 build/sky/obj/packetbuf.o
                0x00000000000070d4                packetbuf_hdrptr
 .text.packetbuf_datalen
                0x00000000000070da        0x6 build/sky/obj/packetbuf.o
                0x00000000000070da                packetbuf_datalen
 .text.packetbuf_hdrlen
                0x00000000000070e0        0xa build/sky/obj/packetbuf.o
                0x00000000000070e0                packetbuf_hdrlen
 .text.packetbuf_dataptr
                0x00000000000070ea        0xc build/sky/obj/packetbuf.o
                0x00000000000070ea                packetbuf_dataptr
 .text.packetbuf_copyto
                0x00000000000070f6       0x46 build/sky/obj/packetbuf.o
                0x00000000000070f6                packetbuf_copyto
 .text.packetbuf_totlen
                0x000000000000713c        0xc build/sky/obj/packetbuf.o
                0x000000000000713c                packetbuf_totlen
 .text.packetbuf_hdralloc
                0x0000000000007148       0x3c build/sky/obj/packetbuf.o
                0x0000000000007148                packetbuf_hdralloc
 .text.packetbuf_attr_clear
                0x0000000000007184       0x28 build/sky/obj/packetbuf.o
                0x0000000000007184                packetbuf_attr_clear
 .text.packetbuf_clear
                0x00000000000071ac       0x12 build/sky/obj/packetbuf.o
                0x00000000000071ac                packetbuf_clear
 .text.packetbuf_copyfrom
                0x00000000000071be       0x2e build/sky/obj/packetbuf.o
                0x00000000000071be                packetbuf_copyfrom
 .text.packetbuf_attr_copyto
                0x00000000000071ec       0x22 build/sky/obj/packetbuf.o
                0x00000000000071ec                packetbuf_attr_copyto
 .text.packetbuf_attr_copyfrom
                0x000000000000720e       0x24 build/sky/obj/packetbuf.o
                0x000000000000720e                packetbuf_attr_copyfrom
 .text.packetbuf_set_attr
                0x0000000000007232        0xc build/sky/obj/packetbuf.o
                0x0000000000007232                packetbuf_set_attr
 .text.packetbuf_attr
                0x000000000000723e        0xa build/sky/obj/packetbuf.o
                0x000000000000723e                packetbuf_attr
 .text.packetbuf_set_addr
                0x0000000000007248       0x18 build/sky/obj/packetbuf.o
                0x0000000000007248                packetbuf_set_addr
 .text.packetbuf_addr
                0x0000000000007260       0x12 build/sky/obj/packetbuf.o
                0x0000000000007260                packetbuf_addr
 .text.packetbuf_holds_broadcast
                0x0000000000007272        0xe build/sky/obj/packetbuf.o
                0x0000000000007272                packetbuf_holds_broadcast
 .text.platform_init_stage_one
                0x0000000000007280       0x12 build/sky/obj/platform.o
                0x0000000000007280                platform_init_stage_one
 .text.platform_init_stage_two
                0x0000000000007292       0x64 build/sky/obj/platform.o
                0x0000000000007292                platform_init_stage_two
 .text.platform_init_stage_three
                0x00000000000072f6       0x7a build/sky/obj/platform.o
                0x00000000000072f6                platform_init_stage_three
 .text.platform_idle
                0x0000000000007370       0x54 build/sky/obj/platform.o
                0x0000000000007370                platform_idle
 .text.call_process
                0x00000000000073c4       0x46 build/sky/obj/process.o
 .text.exit_process
                0x000000000000740a       0x96 build/sky/obj/process.o
 .text.do_poll  0x00000000000074a0       0x30 build/sky/obj/process.o
 .text.process_alloc_event
                0x00000000000074d0        0xe build/sky/obj/process.o
                0x00000000000074d0                process_alloc_event
 .text.process_init
                0x00000000000074de       0x18 build/sky/obj/process.o
                0x00000000000074de                process_init
 .text.process_run
                0x00000000000074f6       0x92 build/sky/obj/process.o
                0x00000000000074f6                process_run
 .text.process_nevents
                0x0000000000007588        0xe build/sky/obj/process.o
                0x0000000000007588                process_nevents
 .text.process_post
                0x0000000000007596       0x42 build/sky/obj/process.o
                0x0000000000007596                process_post
 .text.process_post_synch
                0x00000000000075d8       0x12 build/sky/obj/process.o
                0x00000000000075d8                process_post_synch
 .text.process_start
                0x00000000000075ea       0x36 build/sky/obj/process.o
                0x00000000000075ea                process_start
 .text.process_poll
                0x0000000000007620       0x18 build/sky/obj/process.o
                0x0000000000007620                process_poll
 .text.queuebuf_init
                0x0000000000007638       0x12 build/sky/obj/queuebuf.o
                0x0000000000007638                queuebuf_init
 .text.queuebuf_numfree
                0x000000000000764a        0xa build/sky/obj/queuebuf.o
                0x000000000000764a                queuebuf_numfree
 .text.queuebuf_new_from_packetbuf
                0x0000000000007654       0x52 build/sky/obj/queuebuf.o
                0x0000000000007654                queuebuf_new_from_packetbuf
 .text.queuebuf_update_attr_from_packetbuf
                0x00000000000076a6       0x12 build/sky/obj/queuebuf.o
                0x00000000000076a6                queuebuf_update_attr_from_packetbuf
 .text.queuebuf_free
                0x00000000000076b8       0x2a build/sky/obj/queuebuf.o
                0x00000000000076b8                queuebuf_free
 .text.queuebuf_to_packetbuf
                0x00000000000076e2       0x32 build/sky/obj/queuebuf.o
                0x00000000000076e2                queuebuf_to_packetbuf
 .text.random_init
                0x0000000000007714        0x6 build/sky/obj/random.o
                0x0000000000007714                random_init
 .text.random_rand
                0x000000000000771a        0x6 build/sky/obj/random.o
                0x000000000000771a                random_rand
 .text.print_local_addresses
                0x0000000000007720       0x8e build/sky/obj/rpl-border-router.o
                0x0000000000007720                print_local_addresses
 .text.set_prefix_64
                0x00000000000077ae       0x16 build/sky/obj/rpl-border-router.o
                0x00000000000077ae                set_prefix_64
 .text.rpl_border_router_init
                0x00000000000077c4        0xc build/sky/obj/rpl-border-router.o
                0x00000000000077c4                rpl_border_router_init
 .text.rpl_dag_root_set_prefix
                0x00000000000077d0       0x62 build/sky/obj/rpl-dag-root.o
                0x00000000000077d0                rpl_dag_root_set_prefix
 .text.rpl_dag_root_start
                0x0000000000007832       0x8e build/sky/obj/rpl-dag-root.o
                0x0000000000007832                rpl_dag_root_start
 .text.rpl_dag_root_is_root
                0x00000000000078c0       0x14 build/sky/obj/rpl-dag-root.o
                0x00000000000078c0                rpl_dag_root_is_root
 .text.init_dag
                0x00000000000078d4       0x84 build/sky/obj/rpl-dag.o
 .text.process_dio_init_dag
                0x0000000000007958       0xb0 build/sky/obj/rpl-dag.o
 .text.rpl_dag_get_root_ipaddr
                0x0000000000007a08       0x1e build/sky/obj/rpl-dag.o
                0x0000000000007a08                rpl_dag_get_root_ipaddr
 .text.rpl_dag_leave
                0x0000000000007a26       0x4a build/sky/obj/rpl-dag.o
                0x0000000000007a26                rpl_dag_leave
 .text.rpl_dag_poison_and_leave
                0x0000000000007a70        0xc build/sky/obj/rpl-dag.o
                0x0000000000007a70                rpl_dag_poison_and_leave
 .text.rpl_dag_periodic
                0x0000000000007a7c       0x6a build/sky/obj/rpl-dag.o
                0x0000000000007a7c                rpl_dag_periodic
 .text.rpl_is_addr_in_our_dag
                0x0000000000007ae6       0x34 build/sky/obj/rpl-dag.o
                0x0000000000007ae6                rpl_is_addr_in_our_dag
 .text.rpl_local_repair
                0x0000000000007b1a       0x2a build/sky/obj/rpl-dag.o
                0x0000000000007b1a                rpl_local_repair
 .text.rpl_global_repair
                0x0000000000007b44       0x2e build/sky/obj/rpl-dag.o
                0x0000000000007b44                rpl_global_repair
 .text.rpl_dag_ready_to_advertise
                0x0000000000007b72       0x22 build/sky/obj/rpl-dag.o
                0x0000000000007b72                rpl_dag_ready_to_advertise
 .text.rpl_dag_update_state
                0x0000000000007b94      0x140 build/sky/obj/rpl-dag.o
                0x0000000000007b94                rpl_dag_update_state
 .text.rpl_process_dio
                0x0000000000007cd4      0x1b6 build/sky/obj/rpl-dag.o
                0x0000000000007cd4                rpl_process_dio
 .text.rpl_process_dis
                0x0000000000007e8a       0x2a build/sky/obj/rpl-dag.o
                0x0000000000007e8a                rpl_process_dis
 .text.rpl_process_dao
                0x0000000000007eb4       0x6c build/sky/obj/rpl-dag.o
                0x0000000000007eb4                rpl_process_dao
 .text.rpl_process_dao_ack
                0x0000000000007f20       0x54 build/sky/obj/rpl-dag.o
                0x0000000000007f20                rpl_process_dao_ack
 .text.rpl_process_hbh
                0x0000000000007f74       0x2e build/sky/obj/rpl-dag.o
                0x0000000000007f74                rpl_process_hbh
 .text.rpl_dag_init_root
                0x0000000000007fa2       0xbc build/sky/obj/rpl-dag.o
                0x0000000000007fa2                rpl_dag_init_root
 .text.rpl_dag_init
                0x000000000000805e       0x10 build/sky/obj/rpl-dag.o
                0x000000000000805e                rpl_dag_init
 .text.update_hbh_header
                0x000000000000806e       0x4a build/sky/obj/rpl-ext-header.o
 .text.rpl_ext_header_srh_get_next_hop
                0x00000000000080b8       0x84 build/sky/obj/rpl-ext-header.o
                0x00000000000080b8                rpl_ext_header_srh_get_next_hop
 .text.rpl_ext_header_srh_update
                0x000000000000813c      0x118 build/sky/obj/rpl-ext-header.o
                0x000000000000813c                rpl_ext_header_srh_update
 .text.rpl_ext_header_hbh_update
                0x0000000000008254       0x9e build/sky/obj/rpl-ext-header.o
                0x0000000000008254                rpl_ext_header_hbh_update
 .text.rpl_ext_header_remove
                0x00000000000082f2       0xcc build/sky/obj/rpl-ext-header.o
                0x00000000000082f2                rpl_ext_header_remove
 .text.rpl_ext_header_update
                0x00000000000083be      0x2aa build/sky/obj/rpl-ext-header.o
                0x00000000000083be                rpl_ext_header_update
 .text.get32    0x0000000000008668       0x46 build/sky/obj/rpl-icmp6.o
 .text.set32    0x00000000000086ae       0x2a build/sky/obj/rpl-icmp6.o
 .text.get16    0x00000000000086d8        0xe build/sky/obj/rpl-icmp6.o
 .text.set16    0x00000000000086e6       0x10 build/sky/obj/rpl-icmp6.o
 .text.dao_ack_input
                0x00000000000086f6       0x30 build/sky/obj/rpl-icmp6.o
 .text.dao_input
                0x0000000000008726      0x13c build/sky/obj/rpl-icmp6.o
 .text.dio_input
                0x0000000000008862      0x29c build/sky/obj/rpl-icmp6.o
 .text.dis_input
                0x0000000000008afe       0x1e build/sky/obj/rpl-icmp6.o
 .text.rpl_icmp6_update_nbr_table
                0x0000000000008b1c       0x36 build/sky/obj/rpl-icmp6.o
                0x0000000000008b1c                rpl_icmp6_update_nbr_table
 .text.rpl_icmp6_dis_output
                0x0000000000008b52       0x34 build/sky/obj/rpl-icmp6.o
                0x0000000000008b52                rpl_icmp6_dis_output
 .text.rpl_icmp6_dio_output
                0x0000000000008b86      0x23a build/sky/obj/rpl-icmp6.o
                0x0000000000008b86                rpl_icmp6_dio_output
 .text.rpl_icmp6_dao_output
                0x0000000000008dc0       0xe2 build/sky/obj/rpl-icmp6.o
                0x0000000000008dc0                rpl_icmp6_dao_output
 .text.rpl_icmp6_dao_ack_output
                0x0000000000008ea2       0x4e build/sky/obj/rpl-icmp6.o
                0x0000000000008ea2                rpl_icmp6_dao_ack_output
 .text.rpl_icmp6_init
                0x0000000000008ef0       0x22 build/sky/obj/rpl-icmp6.o
                0x0000000000008ef0                rpl_icmp6_init
 .text.reset    0x0000000000008f12        0x2 build/sky/obj/rpl-mrhof.o
 .text.update_metric_container
                0x0000000000008f14        0x6 build/sky/obj/rpl-mrhof.o
 .text.nbr_link_metric
                0x0000000000008f1a       0x12 build/sky/obj/rpl-mrhof.o
 .text.nbr_has_usable_link
                0x0000000000008f2c       0x14 build/sky/obj/rpl-mrhof.o
 .text.nbr_path_cost
                0x0000000000008f40       0x38 build/sky/obj/rpl-mrhof.o
 .text.within_hysteresis
                0x0000000000008f78       0x54 build/sky/obj/rpl-mrhof.o
 .text.nbr_is_acceptable_parent
                0x0000000000008fcc       0x2c build/sky/obj/rpl-mrhof.o
 .text.rank_via_nbr
                0x0000000000008ff8       0x48 build/sky/obj/rpl-mrhof.o
 .text.best_parent
                0x0000000000009040       0x7c build/sky/obj/rpl-mrhof.o
 .text.get_rank
                0x00000000000090bc       0x16 build/sky/obj/rpl-nbr-policy.o
 .text.rpl_nbr_gc_get_worst
                0x00000000000090d2       0x28 build/sky/obj/rpl-nbr-policy.o
                0x00000000000090d2                rpl_nbr_gc_get_worst
 .text.remove_neighbor
                0x00000000000090fa       0x24 build/sky/obj/rpl-neighbor.o
 .text.rpl_neighbor_get_from_lladdr
                0x000000000000911e        0xc build/sky/obj/rpl-neighbor.o
                0x000000000000911e                rpl_neighbor_get_from_lladdr
 .text.rpl_neighbor_rank_via_nbr
                0x000000000000912a       0x18 build/sky/obj/rpl-neighbor.o
                0x000000000000912a                rpl_neighbor_rank_via_nbr
 .text.rpl_neighbor_get_lladdr
                0x0000000000009142        0xc build/sky/obj/rpl-neighbor.o
                0x0000000000009142                rpl_neighbor_get_lladdr
 .text.rpl_neighbor_get_ipaddr
                0x000000000000914e        0xa build/sky/obj/rpl-neighbor.o
                0x000000000000914e                rpl_neighbor_get_ipaddr
 .text.rpl_neighbor_get_link_stats
                0x0000000000009158        0xa build/sky/obj/rpl-neighbor.o
                0x0000000000009158                rpl_neighbor_get_link_stats
 .text.rpl_neighbor_is_fresh
                0x0000000000009162        0xa build/sky/obj/rpl-neighbor.o
                0x0000000000009162                rpl_neighbor_is_fresh
 .text.best_parent
                0x000000000000916c       0xb4 build/sky/obj/rpl-neighbor.o
 .text.rpl_neighbor_set_preferred_parent
                0x0000000000009220       0x48 build/sky/obj/rpl-neighbor.o
                0x0000000000009220                rpl_neighbor_set_preferred_parent
 .text.rpl_neighbor_remove_all
                0x0000000000009268       0x30 build/sky/obj/rpl-neighbor.o
                0x0000000000009268                rpl_neighbor_remove_all
 .text.rpl_neighbor_get_from_ipaddr
                0x0000000000009298       0x14 build/sky/obj/rpl-neighbor.o
                0x0000000000009298                rpl_neighbor_get_from_ipaddr
 .text.rpl_neighbor_select_best
                0x00000000000092ac       0x54 build/sky/obj/rpl-neighbor.o
                0x00000000000092ac                rpl_neighbor_select_best
 .text.rpl_neighbor_init
                0x0000000000009300        0xe build/sky/obj/rpl-neighbor.o
                0x0000000000009300                rpl_neighbor_init
 .text.handle_state_update
                0x000000000000930e        0x6 build/sky/obj/rpl-timers.o
 .text.handle_leaving_timer
                0x0000000000009314        0xc build/sky/obj/rpl-timers.o
 .text.schedule_dao_retransmission
                0x0000000000009320       0x34 build/sky/obj/rpl-timers.o
 .text.new_dio_interval
                0x0000000000009354       0x8a build/sky/obj/rpl-timers.o
 .text.handle_unicast_dio_timer
                0x00000000000093de       0x12 build/sky/obj/rpl-timers.o
 .text.send_new_dao
                0x00000000000093f0       0x28 build/sky/obj/rpl-timers.o
 .text.resend_dao
                0x0000000000009418       0x24 build/sky/obj/rpl-timers.o
 .text.handle_dao_ack_timer
                0x000000000000943c       0x12 build/sky/obj/rpl-timers.o
 .text.handle_dio_timer
                0x000000000000944e       0x6e build/sky/obj/rpl-timers.o
 .text.rpl_timers_schedule_periodic_dis
                0x00000000000094bc       0x40 build/sky/obj/rpl-timers.o
                0x00000000000094bc                rpl_timers_schedule_periodic_dis
 .text.handle_periodic_timer
                0x00000000000094fc       0x3a build/sky/obj/rpl-timers.o
 .text.handle_dis_timer
                0x0000000000009536       0x26 build/sky/obj/rpl-timers.o
 .text.rpl_timers_dio_reset
                0x000000000000955c       0x2e build/sky/obj/rpl-timers.o
                0x000000000000955c                rpl_timers_dio_reset
 .text.rpl_timers_schedule_unicast_dio
                0x000000000000958a       0x20 build/sky/obj/rpl-timers.o
                0x000000000000958a                rpl_timers_schedule_unicast_dio
 .text.rpl_timers_schedule_dao
                0x00000000000095aa       0x3c build/sky/obj/rpl-timers.o
                0x00000000000095aa                rpl_timers_schedule_dao
 .text.rpl_timers_schedule_dao_ack
                0x00000000000095e6       0x34 build/sky/obj/rpl-timers.o
                0x00000000000095e6                rpl_timers_schedule_dao_ack
 .text.rpl_timers_notify_dao_ack
                0x000000000000961a       0x82 build/sky/obj/rpl-timers.o
                0x000000000000961a                rpl_timers_notify_dao_ack
 .text.get_probing_delay
                0x000000000000969c       0x1c build/sky/obj/rpl-timers.o
                0x000000000000969c                get_probing_delay
 .text.get_probing_target
                0x00000000000096b8       0xee build/sky/obj/rpl-timers.o
                0x00000000000096b8                get_probing_target
 .text.rpl_schedule_probing
                0x00000000000097a6       0x20 build/sky/obj/rpl-timers.o
                0x00000000000097a6                rpl_schedule_probing
 .text.handle_probing_timer
                0x00000000000097c6       0x2a build/sky/obj/rpl-timers.o
 .text.rpl_schedule_probing_now
                0x00000000000097f0       0x24 build/sky/obj/rpl-timers.o
                0x00000000000097f0                rpl_schedule_probing_now
 .text.rpl_timers_unschedule_leaving
                0x0000000000009814       0x1c build/sky/obj/rpl-timers.o
                0x0000000000009814                rpl_timers_unschedule_leaving
 .text.rpl_timers_schedule_leaving
                0x0000000000009830       0x2a build/sky/obj/rpl-timers.o
                0x0000000000009830                rpl_timers_schedule_leaving
 .text.rpl_timers_init
                0x000000000000985a       0x1c build/sky/obj/rpl-timers.o
                0x000000000000985a                rpl_timers_init
 .text.rpl_timers_stop_dag_timers
                0x0000000000009876       0x4c build/sky/obj/rpl-timers.o
                0x0000000000009876                rpl_timers_stop_dag_timers
 .text.rpl_timers_unschedule_state_update
                0x00000000000098c2       0x10 build/sky/obj/rpl-timers.o
                0x00000000000098c2                rpl_timers_unschedule_state_update
 .text.rpl_timers_schedule_state_update
                0x00000000000098d2       0x1c build/sky/obj/rpl-timers.o
                0x00000000000098d2                rpl_timers_schedule_state_update
 .text.rpl_has_joined
                0x00000000000098ee       0x12 build/sky/obj/rpl.o
                0x00000000000098ee                rpl_has_joined
 .text.rpl_is_reachable
                0x0000000000009900       0x12 build/sky/obj/rpl.o
                0x0000000000009900                rpl_is_reachable
 .text.neighbor_state_changed
                0x0000000000009912        0x2 build/sky/obj/rpl.o
 .text.drop_route
                0x0000000000009914        0x2 build/sky/obj/rpl.o
 .text.rpl_get_leaf_only
                0x0000000000009916        0x6 build/sky/obj/rpl.o
                0x0000000000009916                rpl_get_leaf_only
 .text.get_sr_node_ipaddr
                0x000000000000991c       0x34 build/sky/obj/rpl.o
 .text.init     0x0000000000009950       0x42 build/sky/obj/rpl.o
 .text.set_ip_from_prefix
                0x0000000000009992       0x38 build/sky/obj/rpl.o
 .text.rpl_link_callback
                0x00000000000099ca       0x1e build/sky/obj/rpl.o
                0x00000000000099ca                rpl_link_callback
 .text.rpl_lollipop_greater_than
                0x00000000000099e8       0x3c build/sky/obj/rpl.o
                0x00000000000099e8                rpl_lollipop_greater_than
 .text.rpl_get_global_address
                0x0000000000009a24       0xbe build/sky/obj/rpl.o
                0x0000000000009a24                rpl_get_global_address
 .text.rpl_reset_prefix
                0x0000000000009ae2       0x24 build/sky/obj/rpl.o
                0x0000000000009ae2                rpl_reset_prefix
 .text.rpl_set_prefix_from_addr
                0x0000000000009b06       0x92 build/sky/obj/rpl.o
                0x0000000000009b06                rpl_set_prefix_from_addr
 .text.timera0  0x0000000000009b98       0x2e build/sky/obj/rtimer-arch.o
                0x0000000000009b98                __isr_6
                0x0000000000009b98                timera0
 .text.rtimer_arch_init
                0x0000000000009bc6        0xe build/sky/obj/rtimer-arch.o
                0x0000000000009bc6                rtimer_arch_init
 .text.rtimer_arch_now
                0x0000000000009bd4        0xe build/sky/obj/rtimer-arch.o
                0x0000000000009bd4                rtimer_arch_now
 .text.rtimer_arch_schedule
                0x0000000000009be2        0x6 build/sky/obj/rtimer-arch.o
                0x0000000000009be2                rtimer_arch_schedule
 .text.rtimer_init
                0x0000000000009be8        0x6 build/sky/obj/rtimer.o
                0x0000000000009be8                rtimer_init
 .text.rtimer_run_next
                0x0000000000009bee       0x26 build/sky/obj/rtimer.o
                0x0000000000009bee                rtimer_run_next
 .text.process_thread_sensors_process
                0x0000000000009c14       0xc2 build/sky/obj/sensors.o
 .text.sensors_changed
                0x0000000000009cd6       0x2a build/sky/obj/sensors.o
                0x0000000000009cd6                sensors_changed
 .text.clear_fragments
                0x0000000000009d00       0x40 build/sky/obj/sicslowpan.o
 .text.addr_context_lookup_by_number
                0x0000000000009d40       0x16 build/sky/obj/sicslowpan.o
 .text.sicslowpan_init
                0x0000000000009d56       0x18 build/sky/obj/sicslowpan.o
                0x0000000000009d56                sicslowpan_init
 .text.set_packet_attrs
                0x0000000000009d6e       0x66 build/sky/obj/sicslowpan.o
 .text.compress_addr_64
                0x0000000000009dd4       0xae build/sky/obj/sicslowpan.o
 .text.addr_context_lookup_by_prefix
                0x0000000000009e82       0x20 build/sky/obj/sicslowpan.o
 .text.send_packet
                0x0000000000009ea2       0x1a build/sky/obj/sicslowpan.o
 .text.fragment_copy_payload_and_send
                0x0000000000009ebc       0x60 build/sky/obj/sicslowpan.o
 .text.output   0x0000000000009f1c      0x7c8 build/sky/obj/sicslowpan.o
 .text.packet_sent
                0x000000000000a6e4       0x56 build/sky/obj/sicslowpan.o
 .text.store_fragment
                0x000000000000a73a       0xb8 build/sky/obj/sicslowpan.o
 .text.add_fragment
                0x000000000000a7f2      0x1fc build/sky/obj/sicslowpan.o
 .text.uncompress_addr
                0x000000000000a9ee       0xb4 build/sky/obj/sicslowpan.o
 .text.input    0x000000000000aaa2      0xa10 build/sky/obj/sicslowpan.o
 .text.output   0x000000000000b4b2       0x1c build/sky/obj/slip-bridge.o
 .text.init     0x000000000000b4ce       0x18 build/sky/obj/slip-bridge.o
 .text.slip_input_callback
                0x000000000000b4e6       0xb2 build/sky/obj/slip-bridge.o
 .text.request_prefix
                0x000000000000b598       0x20 build/sky/obj/slip-bridge.o
                0x000000000000b598                request_prefix
 .text.process_thread_slip_process
                0x000000000000b5b8      0x1c2 build/sky/obj/slip.o
 .text.slip_set_input_callback
                0x000000000000b77a        0x6 build/sky/obj/slip.o
                0x000000000000b77a                slip_set_input_callback
 .text.slip_write
                0x000000000000b780       0x58 build/sky/obj/slip.o
                0x000000000000b780                slip_write
 .text.slip_send
                0x000000000000b7d8        0xe build/sky/obj/slip.o
                0x000000000000b7d8                slip_send
 .text.slip_input_byte
                0x000000000000b7e6       0x96 build/sky/obj/slip.o
                0x000000000000b7e6                slip_input_byte
 .text.slip_arch_writeb
                0x000000000000b87c        0x6 build/sky/obj/slip_uart1.o
                0x000000000000b87c                slip_arch_writeb
 .text.slip_arch_init
                0x000000000000b882        0xa build/sky/obj/slip_uart1.o
                0x000000000000b882                slip_arch_init
 .text.spi_init
                0x000000000000b88c       0x30 build/sky/obj/spi-legacy.o
                0x000000000000b88c                spi_init
 .text.stack_check_init
                0x000000000000b8bc       0x2e build/sky/obj/stack-check.o
                0x000000000000b8bc                stack_check_init
 .text.stack_check_get_usage
                0x000000000000b8ea       0x54 build/sky/obj/stack-check.o
                0x000000000000b8ea                stack_check_get_usage
 .text.process_thread_stack_check_process
                0x000000000000b93e       0xea build/sky/obj/stack-check.o
 .text.stimer_set
                0x000000000000ba28       0x1c build/sky/obj/stimer.o
                0x000000000000ba28                stimer_set
 .text.stimer_expired
                0x000000000000ba44       0x30 build/sky/obj/stimer.o
                0x000000000000ba44                stimer_expired
 .text.tcpip_output
                0x000000000000ba74       0x22 build/sky/obj/tcpip.o
                0x000000000000ba74                tcpip_output
 .text.tcpip_input
                0x000000000000ba96       0x1e build/sky/obj/tcpip.o
                0x000000000000ba96                tcpip_input
 .text.tcpip_ipv6_output
                0x000000000000bab4      0x13c build/sky/obj/tcpip.o
                0x000000000000bab4                tcpip_ipv6_output
 .text.packet_input.part.3
                0x000000000000bbf0       0x12 build/sky/obj/tcpip.o
 .text.process_thread_tcpip_process
                0x000000000000bc02       0xd0 build/sky/obj/tcpip.o
 .text.tcpip_uipcall
                0x000000000000bcd2       0x2a build/sky/obj/tcpip.o
                0x000000000000bcd2                tcpip_uipcall
 .text.timer_set
                0x000000000000bcfc       0x1c build/sky/obj/timer.o
                0x000000000000bcfc                timer_set
 .text.timer_expired
                0x000000000000bd18       0x2a build/sky/obj/timer.o
                0x000000000000bd18                timer_expired
 .text.timer_reset
                0x000000000000bd42       0x1c build/sky/obj/timer.o
                0x000000000000bd42                timer_reset
 .text.putchar  0x000000000000bd5e       0x3c build/sky/obj/uart1-putchar.o
                0x000000000000bd5e                putchar
 .text.handle_rxdma_timer
                0x000000000000bd9a       0x3a build/sky/obj/uart1.o
 .text.uart1_active
                0x000000000000bdd4       0x18 build/sky/obj/uart1.o
                0x000000000000bdd4                uart1_active
 .text.uart1_set_input
                0x000000000000bdec       0x20 build/sky/obj/uart1.o
                0x000000000000bdec                uart1_set_input
 .text.uart1_writeb
                0x000000000000be0c       0x18 build/sky/obj/uart1.o
                0x000000000000be0c                uart1_writeb
 .text.uart1_init
                0x000000000000be24       0xf4 build/sky/obj/uart1.o
                0x000000000000be24                uart1_init
 .text.uip_ds6_nbr_rm
                0x000000000000bf18       0x1e build/sky/obj/uip-ds6-nbr.o
                0x000000000000bf18                uip_ds6_nbr_rm
 .text.uip_ds6_neighbors_init
                0x000000000000bf36       0x12 build/sky/obj/uip-ds6-nbr.o
                0x000000000000bf36                uip_ds6_neighbors_init
 .text.uip_ds6_nbr_add
                0x000000000000bf48       0x3e build/sky/obj/uip-ds6-nbr.o
                0x000000000000bf48                uip_ds6_nbr_add
 .text.uip_ds6_nbr_get_ll
                0x000000000000bf86        0xc build/sky/obj/uip-ds6-nbr.o
                0x000000000000bf86                uip_ds6_nbr_get_ll
 .text.uip_ds6_nbr_head
                0x000000000000bf92        0xa build/sky/obj/uip-ds6-nbr.o
                0x000000000000bf92                uip_ds6_nbr_head
 .text.uip_ds6_nbr_next
                0x000000000000bf9c        0xc build/sky/obj/uip-ds6-nbr.o
                0x000000000000bf9c                uip_ds6_nbr_next
 .text.uip_ds6_nbr_lookup
                0x000000000000bfa8       0x3a build/sky/obj/uip-ds6-nbr.o
                0x000000000000bfa8                uip_ds6_nbr_lookup
 .text.uip_ds6_nbr_ll_lookup
                0x000000000000bfe2        0xc build/sky/obj/uip-ds6-nbr.o
                0x000000000000bfe2                uip_ds6_nbr_ll_lookup
 .text.uip_ds6_nbr_update_ll
                0x000000000000bfee       0x76 build/sky/obj/uip-ds6-nbr.o
                0x000000000000bfee                uip_ds6_nbr_update_ll
 .text.uip_ds6_nbr_ipaddr_from_lladdr
                0x000000000000c064        0x6 build/sky/obj/uip-ds6-nbr.o
                0x000000000000c064                uip_ds6_nbr_ipaddr_from_lladdr
 .text.uip_ds6_nbr_lladdr_from_ipaddr
                0x000000000000c06a       0x12 build/sky/obj/uip-ds6-nbr.o
                0x000000000000c06a                uip_ds6_nbr_lladdr_from_ipaddr
 .text.uip_ds6_link_callback
                0x000000000000c07c        0x2 build/sky/obj/uip-ds6-nbr.o
                0x000000000000c07c                uip_ds6_link_callback
 .text.uip_ds6_route_init
                0x000000000000c07e       0x12 build/sky/obj/uip-ds6-route.o
                0x000000000000c07e                uip_ds6_route_init
 .text.uip_ds6_route_nexthop
                0x000000000000c090        0x4 build/sky/obj/uip-ds6-route.o
                0x000000000000c090                uip_ds6_route_nexthop
 .text.uip_ds6_route_head
                0x000000000000c094        0x4 build/sky/obj/uip-ds6-route.o
                0x000000000000c094                uip_ds6_route_head
 .text.uip_ds6_route_next
                0x000000000000c098        0x4 build/sky/obj/uip-ds6-route.o
                0x000000000000c098                uip_ds6_route_next
 .text.uip_ds6_route_num_routes
                0x000000000000c09c        0x4 build/sky/obj/uip-ds6-route.o
                0x000000000000c09c                uip_ds6_route_num_routes
 .text.uip_ds6_route_lookup
                0x000000000000c0a0        0x4 build/sky/obj/uip-ds6-route.o
                0x000000000000c0a0                uip_ds6_route_lookup
 .text.uip_ds6_route_rm
                0x000000000000c0a4        0x2 build/sky/obj/uip-ds6-route.o
                0x000000000000c0a4                uip_ds6_route_rm
 .text.uip_ds6_defrt_rm
                0x000000000000c0a6       0x3c build/sky/obj/uip-ds6-route.o
                0x000000000000c0a6                uip_ds6_defrt_rm
 .text.uip_ds6_defrt_lookup
                0x000000000000c0e2       0x40 build/sky/obj/uip-ds6-route.o
                0x000000000000c0e2                uip_ds6_defrt_lookup
 .text.uip_ds6_defrt_add
                0x000000000000c122       0x72 build/sky/obj/uip-ds6-route.o
                0x000000000000c122                uip_ds6_defrt_add
 .text.uip_ds6_defrt_choose
                0x000000000000c194       0x3a build/sky/obj/uip-ds6-route.o
                0x000000000000c194                uip_ds6_defrt_choose
 .text.uip_ds6_defrt_periodic
                0x000000000000c1ce       0x38 build/sky/obj/uip-ds6-route.o
                0x000000000000c1ce                uip_ds6_defrt_periodic
 .text.uip_ds6_default_prefix
                0x000000000000c206        0x6 build/sky/obj/uip-ds6.o
                0x000000000000c206                uip_ds6_default_prefix
 .text.uip_ds6_list_loop
                0x000000000000c20c       0x92 build/sky/obj/uip-ds6.o
                0x000000000000c20c                uip_ds6_list_loop
 .text.uip_ds6_prefix_add
                0x000000000000c29e       0x80 build/sky/obj/uip-ds6.o
                0x000000000000c29e                uip_ds6_prefix_add
 .text.uip_ds6_is_addr_onlink
                0x000000000000c31e       0x54 build/sky/obj/uip-ds6.o
                0x000000000000c31e                uip_ds6_is_addr_onlink
 .text.uip_ds6_addr_lookup
                0x000000000000c372       0x2a build/sky/obj/uip-ds6.o
                0x000000000000c372                uip_ds6_addr_lookup
 .text.uip_ds6_get_link_local
                0x000000000000c39c       0x3e build/sky/obj/uip-ds6.o
                0x000000000000c39c                uip_ds6_get_link_local
 .text.uip_ds6_maddr_add
                0x000000000000c3da       0x4c build/sky/obj/uip-ds6.o
                0x000000000000c3da                uip_ds6_maddr_add
 .text.uip_ds6_addr_add
                0x000000000000c426       0xc4 build/sky/obj/uip-ds6.o
                0x000000000000c426                uip_ds6_addr_add
 .text.uip_ds6_maddr_rm
                0x000000000000c4ea        0xa build/sky/obj/uip-ds6.o
                0x000000000000c4ea                uip_ds6_maddr_rm
 .text.uip_ds6_maddr_lookup
                0x000000000000c4f4       0x2a build/sky/obj/uip-ds6.o
                0x000000000000c4f4                uip_ds6_maddr_lookup
 .text.uip_ds6_addr_rm
                0x000000000000c51e       0x54 build/sky/obj/uip-ds6.o
                0x000000000000c51e                uip_ds6_addr_rm
 .text.uip_ds6_periodic
                0x000000000000c572       0x46 build/sky/obj/uip-ds6.o
                0x000000000000c572                uip_ds6_periodic
 .text.uip_ds6_set_addr_iid
                0x000000000000c5b8       0x14 build/sky/obj/uip-ds6.o
                0x000000000000c5b8                uip_ds6_set_addr_iid
 .text.uip_ds6_set_lladdr_from_iid
                0x000000000000c5cc       0x14 build/sky/obj/uip-ds6.o
                0x000000000000c5cc                uip_ds6_set_lladdr_from_iid
 .text.get_match_length
                0x000000000000c5e0       0x44 build/sky/obj/uip-ds6.o
                0x000000000000c5e0                get_match_length
 .text.uip_ds6_select_src
                0x000000000000c624       0xaa build/sky/obj/uip-ds6.o
                0x000000000000c624                uip_ds6_select_src
 .text.uip_ds6_compute_reachable_time
                0x000000000000c6ce       0x3e build/sky/obj/uip-ds6.o
                0x000000000000c6ce                uip_ds6_compute_reachable_time
 .text.uip_ds6_init
                0x000000000000c70c      0x164 build/sky/obj/uip-ds6.o
                0x000000000000c70c                uip_ds6_init
 .text.echo_reply_input
                0x000000000000c870       0x68 build/sky/obj/uip-icmp6.o
 .text.echo_request_input
                0x000000000000c8d8       0x86 build/sky/obj/uip-icmp6.o
 .text.uip_icmp6_input
                0x000000000000c95e       0x48 build/sky/obj/uip-icmp6.o
                0x000000000000c95e                uip_icmp6_input
 .text.uip_icmp6_register_input_handler
                0x000000000000c9a6        0xc build/sky/obj/uip-icmp6.o
                0x000000000000c9a6                uip_icmp6_register_input_handler
 .text.uip_icmp6_error_output
                0x000000000000c9b2      0x146 build/sky/obj/uip-icmp6.o
                0x000000000000c9b2                uip_icmp6_error_output
 .text.uip_icmp6_send
                0x000000000000caf8       0x8e build/sky/obj/uip-icmp6.o
                0x000000000000caf8                uip_icmp6_send
 .text.uip_icmp6_init
                0x000000000000cb86       0x12 build/sky/obj/uip-icmp6.o
                0x000000000000cb86                uip_icmp6_init
 .text.ns_input
                0x000000000000cb98      0x29a build/sky/obj/uip-nd6.o
 .text.uip_nd6_init
                0x000000000000ce32        0xa build/sky/obj/uip-nd6.o
                0x000000000000ce32                uip_nd6_init
 .text.node_matches_address.part.0
                0x000000000000ce3c       0x2e build/sky/obj/uip-sr.o
 .text.uip_sr_get_node
                0x000000000000ce6a       0x44 build/sky/obj/uip-sr.o
                0x000000000000ce6a                uip_sr_get_node
 .text.uip_sr_is_addr_reachable
                0x000000000000ceae       0x4e build/sky/obj/uip-sr.o
                0x000000000000ceae                uip_sr_is_addr_reachable
 .text.uip_sr_expire_parent
                0x000000000000cefc       0x50 build/sky/obj/uip-sr.o
                0x000000000000cefc                uip_sr_expire_parent
 .text.uip_sr_update_node
                0x000000000000cf4c       0xbc build/sky/obj/uip-sr.o
                0x000000000000cf4c                uip_sr_update_node
 .text.uip_sr_init
                0x000000000000d008       0x16 build/sky/obj/uip-sr.o
                0x000000000000d008                uip_sr_init
 .text.uip_sr_periodic
                0x000000000000d01e       0x9e build/sky/obj/uip-sr.o
                0x000000000000d01e                uip_sr_periodic
 .text.uip_sr_free_all
                0x000000000000d0bc       0x3c build/sky/obj/uip-sr.o
                0x000000000000d0bc                uip_sr_free_all
 .text.chksum   0x000000000000d0f8       0x32 build/sky/obj/uip6.o
 .text.upper_layer_chksum
                0x000000000000d12a       0x58 build/sky/obj/uip6.o
 .text.ext_hdr_options_process
                0x000000000000d182       0xa4 build/sky/obj/uip6.o
 .text.uip_check_mtu
                0x000000000000d226       0x1e build/sky/obj/uip6.o
 .text.uip_update_ttl
                0x000000000000d244       0x24 build/sky/obj/uip6.o
 .text.uip_icmp6chksum
                0x000000000000d268        0xa build/sky/obj/uip6.o
                0x000000000000d268                uip_icmp6chksum
 .text.uip_udpchksum
                0x000000000000d272        0xa build/sky/obj/uip6.o
                0x000000000000d272                uip_udpchksum
 .text.uip_init
                0x000000000000d27c       0x3c build/sky/obj/uip6.o
                0x000000000000d27c                uip_init
 .text.uip_remove_ext_hdr
                0x000000000000d2b8       0x5e build/sky/obj/uip6.o
                0x000000000000d2b8                uip_remove_ext_hdr
 .text.uip_process
                0x000000000000d316      0x4be build/sky/obj/uip6.o
                0x000000000000d316                uip_process
 .text.uip_htonl
                0x000000000000d7d4       0x2e build/sky/obj/uip6.o
                0x000000000000d7d4                uip_htonl
 .text.uipbuf_add_ext_hdr
                0x000000000000d802       0x1c build/sky/obj/uipbuf.o
                0x000000000000d802                uipbuf_add_ext_hdr
 .text.uipbuf_set_len
                0x000000000000d81e       0x12 build/sky/obj/uipbuf.o
                0x000000000000d81e                uipbuf_set_len
 .text.uipbuf_set_len_field
                0x000000000000d830        0xe build/sky/obj/uipbuf.o
                0x000000000000d830                uipbuf_set_len_field
 .text.uipbuf_get_len_field
                0x000000000000d83e        0xe build/sky/obj/uipbuf.o
                0x000000000000d83e                uipbuf_get_len_field
 .text.uipbuf_get_next_header
                0x000000000000d84c       0x6a build/sky/obj/uipbuf.o
                0x000000000000d84c                uipbuf_get_next_header
 .text.uipbuf_get_last_header
                0x000000000000d8b6       0x3e build/sky/obj/uipbuf.o
                0x000000000000d8b6                uipbuf_get_last_header
 .text.uipbuf_search_header
                0x000000000000d8f4       0x4e build/sky/obj/uipbuf.o
                0x000000000000d8f4                uipbuf_search_header
 .text.uipbuf_get_attr
                0x000000000000d942       0x12 build/sky/obj/uipbuf.o
                0x000000000000d942                uipbuf_get_attr
 .text.uipbuf_set_attr
                0x000000000000d954       0x14 build/sky/obj/uipbuf.o
                0x000000000000d954                uipbuf_set_attr
 .text.uipbuf_clear_attr
                0x000000000000d968       0x12 build/sky/obj/uipbuf.o
                0x000000000000d968                uipbuf_clear_attr
 .text.uipbuf_clear
                0x000000000000d97a       0x12 build/sky/obj/uipbuf.o
                0x000000000000d97a                uipbuf_clear
 .text.uipbuf_init
                0x000000000000d98c       0x1a build/sky/obj/uipbuf.o
                0x000000000000d98c                uipbuf_init
 .text.uiplib_ipaddr_snprint
                0x000000000000d9a6      0x12c build/sky/obj/uiplib.o
                0x000000000000d9a6                uiplib_ipaddr_snprint
 .text.watchdog_interrupt
                0x000000000000dad2        0x6 build/sky/obj/watchdog.o
                0x000000000000dad2                __isr_10
                0x000000000000dad2                watchdog_interrupt
 .text.watchdog_start
                0x000000000000dad8       0x14 build/sky/obj/watchdog.o
                0x000000000000dad8                watchdog_start
 .text.watchdog_periodic
                0x000000000000daec       0x12 build/sky/obj/watchdog.o
                0x000000000000daec                watchdog_periodic
 .text.watchdog_stop
                0x000000000000dafe       0x16 build/sky/obj/watchdog.o
                0x000000000000dafe                watchdog_stop
 .text.watchdog_init
                0x000000000000db14       0x12 build/sky/obj/watchdog.o
                0x000000000000db14                watchdog_init
 .text.xmem_init
                0x000000000000db26       0x3c build/sky/obj/xmem.o
                0x000000000000db26                xmem_init
 .text.printf   0x000000000000db62       0x10 /home/ape/libs/mspgcc-4.7.3/bin/../lib/gcc/msp430/4.7.3/../../../../msp430/lib/mmpy-16/libc.a(printf.o)
                0x000000000000db62                printf
 .text.append   0x000000000000db72       0x22 /home/ape/libs/mspgcc-4.7.3/bin/../lib/gcc/msp430/4.7.3/../../../../msp430/lib/mmpy-16/libc.a(sprintf.o)
 .text.call_vuprintf
                0x000000000000db94       0x3a /home/ape/libs/mspgcc-4.7.3/bin/../lib/gcc/msp430/4.7.3/../../../../msp430/lib/mmpy-16/libc.a(sprintf.o)
 .text.snprintf
                0x000000000000dbce       0x1a /home/ape/libs/mspgcc-4.7.3/bin/../lib/gcc/msp430/4.7.3/../../../../msp430/lib/mmpy-16/libc.a(sprintf.o)
                0x000000000000dbce                snprintf
 .text.print_field
                0x000000000000dbe8      0x194 /home/ape/libs/mspgcc-4.7.3/bin/../lib/gcc/msp430/4.7.3/../../../../msp430/lib/mmpy-16/libc.a(vuprintf.o)
 .text.vuprintf
                0x000000000000dd7c      0x63e /home/ape/libs/mspgcc-4.7.3/bin/../lib/gcc/msp430/4.7.3/../../../../msp430/lib/mmpy-16/libc.a(vuprintf.o)
                0x000000000000dd7c                vuprintf
 .text.puts     0x000000000000e3ba       0x2c /home/ape/libs/mspgcc-4.7.3/bin/../lib/gcc/msp430/4.7.3/../../../../msp430/lib/mmpy-16/libc.a(puts.o)
                0x000000000000e3ba                puts
 .text.rand     0x000000000000e3e6       0x26 /home/ape/libs/mspgcc-4.7.3/bin/../lib/gcc/msp430/4.7.3/../../../../msp430/lib/mmpy-16/libc.a(rand.o)
                0x000000000000e3e6                rand
 .text.srand    0x000000000000e40c        0xa /home/ape/libs/mspgcc-4.7.3/bin/../lib/gcc/msp430/4.7.3/../../../../msp430/lib/mmpy-16/libc.a(rand.o)
                0x000000000000e40c                srand
 .text.memcmp   0x000000000000e416       0x30 /home/ape/libs/mspgcc-4.7.3/bin/../lib/gcc/msp430/4.7.3/../../../../msp430/lib/mmpy-16/libc.a(memcmp.o)
                0x000000000000e416                memcmp
 .text.memcpy   0x000000000000e446       0xfa /home/ape/libs/mspgcc-4.7.3/bin/../lib/gcc/msp430/4.7.3/../../../../msp430/lib/mmpy-16/libc.a(memcpy.o)
                0x000000000000e446                memcpy
 .text.memmove  0x000000000000e540       0xfa /home/ape/libs/mspgcc-4.7.3/bin/../lib/gcc/msp430/4.7.3/../../../../msp430/lib/mmpy-16/libc.a(memmove.o)
                0x000000000000e540                memmove
 .text.memset   0x000000000000e63a       0x6a /home/ape/libs/mspgcc-4.7.3/bin/../lib/gcc/msp430/4.7.3/../../../../msp430/lib/mmpy-16/libc.a(memset.o)
                0x000000000000e63a                memset
 .text.crt0     0x000000000000e6a4        0x2 /home/ape/libs/mspgcc-4.7.3/bin/../lib/gcc/msp430/4.7.3/mmpy-16/libcrt0.a(_unexpected_.o)
                0x000000000000e6a4                _unexpected_
 .text.libgcc   0x000000000000e6a6       0x2c /home/ape/libs/mspgcc-4.7.3/bin/../lib/gcc/msp430/4.7.3/mmpy-16/libgcc.a(_mulsi3.o)
                0x000000000000e6a6                __mulsi3
 .text.libgcc   0x000000000000e6d2       0x22 /home/ape/libs/mspgcc-4.7.3/bin/../lib/gcc/msp430/4.7.3/mmpy-16/libgcc.a(_udivmod16.o)
                0x000000000000e6d2                __udivhi3
                0x000000000000e6d2                __ext_udivmod16
                0x000000000000e6ec                __umodhi3
 .text.libgcc   0x000000000000e6f4       0x3a /home/ape/libs/mspgcc-4.7.3/bin/../lib/gcc/msp430/4.7.3/mmpy-16/libgcc.a(_divmod16.o)
                0x000000000000e6f4                __ext_divmod16
                0x000000000000e6f4                __divhi3
                0x000000000000e726                __modhi3
 .text.libgcc   0x000000000000e72e       0x40 /home/ape/libs/mspgcc-4.7.3/bin/../lib/gcc/msp430/4.7.3/mmpy-16/libgcc.a(_udivmod32.o)
                0x000000000000e72e                __udivsi3
                0x000000000000e72e                __ext_udivmod32
                0x000000000000e764                __umodsi3
 .text.libgcc   0x000000000000e76e       0x4c /home/ape/libs/mspgcc-4.7.3/bin/../lib/gcc/msp430/4.7.3/mmpy-16/libgcc.a(_divmod32.o)
                0x000000000000e76e                __ext_divmod32
                0x000000000000e76e                __divsi3
                0x000000000000e7b0                __modsi3
 .text.libgcc   0x000000000000e7ba       0xf0 /home/ape/libs/mspgcc-4.7.3/bin/../lib/gcc/msp430/4.7.3/mmpy-16/libgcc.a(_udivmod64.o)
                0x000000000000e7ba                __xabi_udivmod64
                0x000000000000e818                __udivdi3
                0x000000000000e83e                __umoddi3
                0x000000000000e86c                __udivmoddi4
 *(SORT(.near.text) SORT(.near.text.*))

.rodata         0x000000000000e8ac      0x5c0
                0x000000000000e8ac                . = ALIGN (0x2)
 *(SORT(.rodata) SORT(.rodata.*) SORT(.gnu.linkonce.r.*))
 .rodata.get_value
                0x000000000000e8ac       0x34 build/sky/obj/cc2420.o
 .rodata.set_value
                0x000000000000e8e0       0x10 build/sky/obj/cc2420.o
 .rodata        0x000000000000e8f0       0x7e build/sky/obj/border-router.o
                0x000000000000e950                autostart_processes
 .rodata        0x000000000000e96e       0x10 build/sky/obj/button-sensor.o
                0x000000000000e976                button_sensor
 .rodata        0x000000000000e97e       0x3e build/sky/obj/cc2420.o
                0x000000000000e97e                cc2420_aes_128_driver
                0x000000000000e982                cc2420_driver
 .rodata        0x000000000000e9bc       0x14 build/sky/obj/csma.o
                0x000000000000e9c2                csma_driver
 .rodata        0x000000000000e9d0        0x6 build/sky/obj/framer-802154.o
                0x000000000000e9d0                framer_802154
 .rodata        0x000000000000e9d6        0x8 build/sky/obj/linkaddr.o
                0x000000000000e9d6                linkaddr_null
 .rodata        0x000000000000e9de       0xb6 build/sky/obj/log.o
 .rodata        0x000000000000ea94       0xe0 build/sky/obj/rpl-dag.o
 .rodata        0x000000000000eb74       0x34 build/sky/obj/rpl.o
                0x000000000000eb7e                rpl_lite_driver
 .rodata        0x000000000000eba8       0x26 build/sky/obj/sicslowpan.o
                0x000000000000ebb4                sicslowpan_driver
                0x000000000000ebbc                llprefix
                0x000000000000ebbe                unc_mxconf
                0x000000000000ebc2                unc_ctxconf
                0x000000000000ebc6                unc_llconf
 .rodata        0x000000000000ebce       0x16 build/sky/obj/slip-bridge.o
                0x000000000000ebe0                rpl_interface
 .rodata        0x000000000000ebe4       0x80 build/sky/obj/border-router-embedded.o
 .rodata        0x000000000000ec64       0xbe build/sky/obj/contiki-main.o
 .rodata        0x000000000000ed22        0xf build/sky/obj/ctimer.o
 .rodata        0x000000000000ed31        0xc build/sky/obj/etimer.o
 .rodata        0x000000000000ed3d        0x2 build/sky/obj/frame802154.o
 .rodata        0x000000000000ed3f       0x31 build/sky/obj/platform.o
 .rodata        0x000000000000ed70       0x31 build/sky/obj/rpl-border-router.o
 .rodata        0x000000000000eda1        0xc build/sky/obj/rpl-timers.o
 .rodata        0x000000000000edad        0x8 build/sky/obj/sensors.o
 .rodata        0x000000000000edb5        0xc build/sky/obj/slip.o
 .rodata        0x000000000000edc1       0x6a build/sky/obj/stack-check.o
 .rodata        0x000000000000ee2b        0xd build/sky/obj/tcpip.o
 .rodata        0x000000000000ee38       0x2d build/sky/obj/uiplib.o
 .rodata.vuprintf