Archive member included because of file (symbol)

/home/ape/libs/mspgcc-4.7.3/bin/../lib/gcc/msp430/4.7.3/mmpy-16/libgcc.a(_mulsi3.o)
                              build/sky/obj/cfs-coffee.o (__mulsi3)
/home/ape/libs/mspgcc-4.7.3/bin/../lib/gcc/msp430/4.7.3/mmpy-16/libgcc.a(_udivmod16.o)
                              build/sky/obj/cfs-coffee.o (__udivhi3)
/home/ape/libs/mspgcc-4.7.3/bin/../lib/gcc/msp430/4.7.3/mmpy-16/libgcc.a(_divmod16.o)
                              build/sky/obj/link-stats.o (__divhi3)
/home/ape/libs/mspgcc-4.7.3/bin/../lib/gcc/msp430/4.7.3/mmpy-16/libgcc.a(_udivmod32.o)
                              build/sky/obj/ifft.o (__udivsi3)
/home/ape/libs/mspgcc-4.7.3/bin/../lib/gcc/msp430/4.7.3/mmpy-16/libgcc.a(_divmod32.o)
                              build/sky/obj/cfs-coffee.o (__divsi3)
/home/ape/libs/mspgcc-4.7.3/bin/../lib/gcc/msp430/4.7.3/../../../../msp430/lib/mmpy-16/libc.a(printf.o)
                              build/sky/obj/assert.o (printf)
/home/ape/libs/mspgcc-4.7.3/bin/../lib/gcc/msp430/4.7.3/../../../../msp430/lib/mmpy-16/libc.a(sprintf.o)
                              build/sky/obj/log.o (snprintf)
/home/ape/libs/mspgcc-4.7.3/bin/../lib/gcc/msp430/4.7.3/../../../../msp430/lib/mmpy-16/libc.a(vuprintf.o)
                              /home/ape/libs/mspgcc-4.7.3/bin/../lib/gcc/msp430/4.7.3/../../../../msp430/lib/mmpy-16/libc.a(printf.o) (vuprintf)
/home/ape/libs/mspgcc-4.7.3/bin/../lib/gcc/msp430/4.7.3/../../../../msp430/lib/mmpy-16/libc.a(puts.o)
                              build/sky/obj/assert.o (puts)
/home/ape/libs/mspgcc-4.7.3/bin/../lib/gcc/msp430/4.7.3/../../../../msp430/lib/mmpy-16/libc.a(rand.o)
                              build/sky/obj/random.o (rand)
/home/ape/libs/mspgcc-4.7.3/bin/../lib/gcc/msp430/4.7.3/../../../../msp430/lib/mmpy-16/libc.a(strcmp.o)
                              build/sky/obj/cfs-coffee.o (strcmp)
/home/ape/libs/mspgcc-4.7.3/bin/../lib/gcc/msp430/4.7.3/../../../../msp430/lib/mmpy-16/libc.a(strncmp.o)
                              build/sky/obj/sensors.o (strncmp)
/home/ape/libs/mspgcc-4.7.3/bin/../lib/gcc/msp430/4.7.3/../../../../msp430/lib/mmpy-16/libc.a(memcmp.o)
                              build/sky/obj/ip64-addr.o (memcmp)
/home/ape/libs/mspgcc-4.7.3/bin/../lib/gcc/msp430/4.7.3/../../../../msp430/lib/mmpy-16/libc.a(strncpy.o)
                              build/sky/obj/cfs-coffee.o (strncpy)
/home/ape/libs/mspgcc-4.7.3/bin/../lib/gcc/msp430/4.7.3/../../../../msp430/lib/mmpy-16/libc.a(memcpy.o)
                              build/sky/obj/aes-128.o (memcpy)
/home/ape/libs/mspgcc-4.7.3/bin/../lib/gcc/msp430/4.7.3/../../../../msp430/lib/mmpy-16/libc.a(memmove.o)
                              build/sky/obj/rpl-ext-header.o (memmove)
/home/ape/libs/mspgcc-4.7.3/bin/../lib/gcc/msp430/4.7.3/../../../../msp430/lib/mmpy-16/libc.a(memset.o)
                              build/sky/obj/cfs-coffee.o (memset)
/home/ape/libs/mspgcc-4.7.3/bin/../lib/gcc/msp430/4.7.3/mmpy-16/libgcc.a(_udivmod64.o)
                              /home/ape/libs/mspgcc-4.7.3/bin/../lib/gcc/msp430/4.7.3/../../../../msp430/lib/mmpy-16/libc.a(vuprintf.o) (__udivdi3)
/home/ape/libs/mspgcc-4.7.3/bin/../lib/gcc/msp430/4.7.3/mmpy-16/libcrt0.a(_reset_vector__.o)
                              (_reset_vector__)
/home/ape/libs/mspgcc-4.7.3/bin/../lib/gcc/msp430/4.7.3/mmpy-16/libcrt0.a(__watchdog_support.o)
                              /home/ape/libs/mspgcc-4.7.3/bin/../lib/gcc/msp430/4.7.3/mmpy-16/libcrt0.a(_reset_vector__.o) (__watchdog_support)
/home/ape/libs/mspgcc-4.7.3/bin/../lib/gcc/msp430/4.7.3/mmpy-16/libcrt0.a(__init_stack.o)
                              /home/ape/libs/mspgcc-4.7.3/bin/../lib/gcc/msp430/4.7.3/mmpy-16/libcrt0.a(_reset_vector__.o) (__init_stack)
/home/ape/libs/mspgcc-4.7.3/bin/../lib/gcc/msp430/4.7.3/mmpy-16/libcrt0.a(__low_level_init.o)
                              /home/ape/libs/mspgcc-4.7.3/bin/../lib/gcc/msp430/4.7.3/mmpy-16/libcrt0.a(_reset_vector__.o) (__low_level_init)
/home/ape/libs/mspgcc-4.7.3/bin/../lib/gcc/msp430/4.7.3/mmpy-16/libcrt0.a(_copy_data.o)
                              /home/ape/libs/mspgcc-4.7.3/bin/../lib/gcc/msp430/4.7.3/mmpy-16/libcrt0.a(_reset_vector__.o) (__do_copy_data)
/home/ape/libs/mspgcc-4.7.3/bin/../lib/gcc/msp430/4.7.3/mmpy-16/libcrt0.a(_clear_bss.o)
                              /home/ape/libs/mspgcc-4.7.3/bin/../lib/gcc/msp430/4.7.3/mmpy-16/libcrt0.a(_reset_vector__.o) (__do_clear_bss)
/home/ape/libs/mspgcc-4.7.3/bin/../lib/gcc/msp430/4.7.3/mmpy-16/libcrt0.a(__stop_progExec__.o)
                              /home/ape/libs/mspgcc-4.7.3/bin/../lib/gcc/msp430/4.7.3/mmpy-16/libcrt0.a(_reset_vector__.o) (__stop_progExec__)
/home/ape/libs/mspgcc-4.7.3/bin/../lib/gcc/msp430/4.7.3/mmpy-16/libcrt0.a(_endless_loop__.o)
                              /home/ape/libs/mspgcc-4.7.3/bin/../lib/gcc/msp430/4.7.3/mmpy-16/libcrt0.a(_reset_vector__.o) (_endless_loop__)
[...]
Memory Configuration

Name             Origin             Length             Attributes
sfr              0x0000000000000000 0x0000000000000010
peripheral_8bit  0x0000000000000010 0x00000000000000f0
peripheral_16bit 0x0000000000000100 0x0000000000000100
ram_mirror       0x0000000000000200 0x0000000000000800 xw
infomem          0x0000000000001000 0x0000000000000100
infob            0x0000000000001000 0x0000000000000080
infoa            0x0000000000001080 0x0000000000000080
ram              0x0000000000001100 0x0000000000002800 xw
rom              0x0000000000004000 0x000000000000bfe0 xr
vectors          0x000000000000ffe0 0x0000000000000020
bsl              0x0000000000000000 0x0000000000000000
infoc            0x0000000000000000 0x0000000000000000
infod            0x0000000000000000 0x0000000000000000
ram2             0x0000000000000000 0x0000000000000000 xw
usbram           0x0000000000000000 0x0000000000000000 xw
far_rom          0x0000000000000000 0x0000000000000000
*default*        0x0000000000000000 0xffffffffffffffff

Linker script and memory map

LOAD /home/ape/libs/mspgcc-4.7.3/bin/../lib/gcc/msp430/4.7.3/mmpy-16/crt0ivtbl16.o
                0x0000000000002dd2                _stack = _end
LOAD build/sky/obj/aes-128.o
LOAD build/sky/obj/anti-replay.o
LOAD build/sky/obj/assert.o
LOAD build/sky/obj/atomic.o
LOAD build/sky/obj/autostart.o
LOAD build/sky/obj/battery-sensor.o
LOAD build/sky/obj/button-hal.o
LOAD build/sky/obj/button-sensor.o
LOAD build/sky/obj/cc2420-arch-sfd.o
LOAD build/sky/obj/cc2420-arch.o
LOAD build/sky/obj/cc2420-tsch-15ms.o
LOAD build/sky/obj/cc2420.o
LOAD build/sky/obj/ccm-star-packetbuf.o
LOAD build/sky/obj/ccm-star.o
LOAD build/sky/obj/cfs-coffee.o
LOAD build/sky/obj/circular-list.o
LOAD build/sky/obj/clock.o
LOAD build/sky/obj/compower.o
LOAD build/sky/obj/contiki-main.o
LOAD build/sky/obj/contiki-sky-platform.o
LOAD build/sky/obj/crc16.o
LOAD build/sky/obj/csma-output.o
LOAD build/sky/obj/csma-security.o
LOAD build/sky/obj/csma.o
LOAD build/sky/obj/ctimer.o
LOAD build/sky/obj/dbl-circ-list.o
LOAD build/sky/obj/dbl-list.o
LOAD build/sky/obj/ds2411.o
LOAD build/sky/obj/energest.o
LOAD build/sky/obj/etimer.o
LOAD build/sky/obj/flash.o
LOAD build/sky/obj/frame802154.o
LOAD build/sky/obj/frame802154e-ie.o
LOAD build/sky/obj/framer-802154.o
LOAD build/sky/obj/gpio-hal.o
LOAD build/sky/obj/heapmem.o
LOAD build/sky/obj/hexconv.o
LOAD build/sky/obj/i2c.o
LOAD build/sky/obj/ifft.o
LOAD build/sky/obj/int-master.o
LOAD build/sky/obj/ip64-addr.o
LOAD build/sky/obj/leds-arch.o
LOAD build/sky/obj/leds.o
LOAD build/sky/obj/light-sensor.o
LOAD build/sky/obj/link-stats.o
LOAD build/sky/obj/linkaddr.o
LOAD build/sky/obj/list.o
LOAD build/sky/obj/log.o
LOAD build/sky/obj/lpm.o
LOAD build/sky/obj/mac-sequence.o
LOAD build/sky/obj/mac.o
LOAD build/sky/obj/memb.o
LOAD build/sky/obj/msp430.o
LOAD build/sky/obj/mutex.o
LOAD build/sky/obj/nbr-table.o
LOAD build/sky/obj/net-debug.o
LOAD build/sky/obj/netstack.o
LOAD build/sky/obj/node-id.o
LOAD build/sky/obj/nullframer.o
LOAD build/sky/obj/nullradio.o
LOAD build/sky/obj/packetbuf.o
LOAD build/sky/obj/platform.o
LOAD build/sky/obj/process.o
LOAD build/sky/obj/psock.o
LOAD build/sky/obj/queuebuf.o
LOAD build/sky/obj/random.o
LOAD build/sky/obj/ringbuf.o
LOAD build/sky/obj/ringbufindex.o
LOAD build/sky/obj/rpl-dag-root.o
LOAD build/sky/obj/rpl-dag.o
LOAD build/sky/obj/rpl-ext-header.o
LOAD build/sky/obj/rpl-icmp6.o
LOAD build/sky/obj/rpl-mrhof.o
LOAD build/sky/obj/rpl-nbr-policy.o
LOAD build/sky/obj/rpl-neighbor.o
LOAD build/sky/obj/rpl-of0.o
LOAD build/sky/obj/rpl-timers.o
LOAD build/sky/obj/rpl.o
LOAD build/sky/obj/rtimer-arch.o
LOAD build/sky/obj/rtimer.o
LOAD build/sky/obj/sensors.o
LOAD build/sky/obj/serial-line.o
LOAD build/sky/obj/sht11-sensor.o
LOAD build/sky/obj/sht11.o
LOAD build/sky/obj/sicslowpan.o
LOAD build/sky/obj/simple-udp.o
LOAD build/sky/obj/sky-sensors.o
LOAD build/sky/obj/slip.o
LOAD build/sky/obj/slip_uart1.o
LOAD build/sky/obj/spi-legacy.o
LOAD build/sky/obj/spi.o
LOAD build/sky/obj/stack-check.o
LOAD build/sky/obj/stimer.o
LOAD build/sky/obj/tcp-socket.o
LOAD build/sky/obj/tcpip.o
LOAD build/sky/obj/timer.o
LOAD build/sky/obj/trickle-timer.o
LOAD build/sky/obj/uart1-putchar.o
LOAD build/sky/obj/uart1.o
LOAD build/sky/obj/udp-client.o
LOAD build/sky/obj/udp-socket.o
LOAD build/sky/obj/uip-ds6-nbr.o
LOAD build/sky/obj/uip-ds6-route.o
LOAD build/sky/obj/uip-ds6.o
LOAD build/sky/obj/uip-icmp6.o
LOAD build/sky/obj/uip-ipchksum.o
LOAD build/sky/obj/uip-nameserver.o
LOAD build/sky/obj/uip-nd6.o
LOAD build/sky/obj/uip-packetqueue.o
LOAD build/sky/obj/uip-sr.o
LOAD build/sky/obj/uip-udp-packet.o
LOAD build/sky/obj/uip6.o
LOAD build/sky/obj/uipbuf.o
LOAD build/sky/obj/uiplib.o
LOAD build/sky/obj/watchdog.o
LOAD build/sky/obj/xmem.o
LOAD /home/ape/libs/mspgcc-4.7.3/bin/../lib/gcc/msp430/4.7.3/mmpy-16/libgcc.a
LOAD /home/ape/libs/mspgcc-4.7.3/bin/../lib/gcc/msp430/4.7.3/../../../../msp430/lib/mmpy-16/libc.a
LOAD /home/ape/libs/mspgcc-4.7.3/bin/../lib/gcc/msp430/4.7.3/mmpy-16/libgcc.a
LOAD /home/ape/libs/mspgcc-4.7.3/bin/../lib/gcc/msp430/4.7.3/mmpy-16/libcrt0.a
                0x0000000000000080                PROVIDE (__info_segment_size, 0x80)
                0x0000000000001000                PROVIDE (__infob, 0x1000)
                0x0000000000001080                PROVIDE (__infoa, 0x1080)
                0x0000000000000000                __IE1 = 0x0
                0x0000000000000002                __IFG1 = 0x2
                0x0000000000000004                __ME1 = 0x4
                0x0000000000000001                __IE2 = 0x1
                0x0000000000000003                __IFG2 = 0x3
                0x0000000000000005                __ME2 = 0x5
                0x0000000000000120                __WDTCTL = 0x120
                0x0000000000000130                __MPY = 0x130
                0x0000000000000132                __MPYS = 0x132
                0x0000000000000134                __MAC = 0x134
                0x0000000000000136                __MACS = 0x136
                0x0000000000000138                __OP2 = 0x138
                0x000000000000013a                __RESLO = 0x13a
                0x000000000000013c                __RESHI = 0x13c
                0x000000000000013e                __SUMEXT = 0x13e
                0x0000000000000020                __P1IN = 0x20
                0x0000000000000021                __P1OUT = 0x21
                0x0000000000000022                __P1DIR = 0x22
                0x0000000000000023                __P1IFG = 0x23
                0x0000000000000024                __P1IES = 0x24
                0x0000000000000025                __P1IE = 0x25
                0x0000000000000026                __P1SEL = 0x26
                0x0000000000000028                __P2IN = 0x28
                0x0000000000000029                __P2OUT = 0x29
                0x000000000000002a                __P2DIR = 0x2a
                0x000000000000002b                __P2IFG = 0x2b
                0x000000000000002c                __P2IES = 0x2c
                0x000000000000002d                __P2IE = 0x2d
                0x000000000000002e                __P2SEL = 0x2e
                0x0000000000000018                __P3IN = 0x18
                0x0000000000000019                __P3OUT = 0x19
                0x000000000000001a                __P3DIR = 0x1a
                0x000000000000001b                __P3SEL = 0x1b
                0x000000000000001c                __P4IN = 0x1c
                0x000000000000001d                __P4OUT = 0x1d
                0x000000000000001e                __P4DIR = 0x1e
                0x000000000000001f                __P4SEL = 0x1f
                0x0000000000000030                __P5IN = 0x30
                0x0000000000000031                __P5OUT = 0x31
                0x0000000000000032                __P5DIR = 0x32
                0x0000000000000033                __P5SEL = 0x33
                0x0000000000000034                __P6IN = 0x34
                0x0000000000000035                __P6OUT = 0x35
                0x0000000000000036                __P6DIR = 0x36
                0x0000000000000037                __P6SEL = 0x37
                0x0000000000000070                __U0CTL = 0x70
                0x0000000000000071                __U0TCTL = 0x71
                0x0000000000000072                __U0RCTL = 0x72
                0x0000000000000073                __U0MCTL = 0x73
                0x0000000000000074                __U0BR0 = 0x74
                0x0000000000000075                __U0BR1 = 0x75
                0x0000000000000076                __U0RXBUF = 0x76
                0x0000000000000077                __U0TXBUF = 0x77
                0x0000000000000078                __U1CTL = 0x78
                0x0000000000000079                __U1TCTL = 0x79
                0x000000000000007a                __U1RCTL = 0x7a
                0x000000000000007b                __U1MCTL = 0x7b
                0x000000000000007c                __U1BR0 = 0x7c
                0x000000000000007d                __U1BR1 = 0x7d
                0x000000000000007e                __U1RXBUF = 0x7e
                0x000000000000007f                __U1TXBUF = 0x7f
                0x0000000000000050                __I2CIE = 0x50
                0x0000000000000051                __I2CIFG = 0x51
                0x0000000000000052                __I2CNDAT = 0x52
                0x0000000000000071                __I2CTCTL = 0x71
                0x0000000000000072                __I2CDCTL = 0x72
                0x0000000000000073                __I2CPSC = 0x73
                0x0000000000000074                __I2CSCLH = 0x74
                0x0000000000000075                __I2CSCLL = 0x75
                0x0000000000000076                __I2CDRB = 0x76
                0x0000000000000076                __I2CDRW = 0x76
                0x0000000000000118                __I2COA = 0x118
                0x000000000000011a                __I2CSA = 0x11a
                0x000000000000011c                __I2CIV = 0x11c
                0x000000000000012e                __TAIV = 0x12e
                0x0000000000000160                __TACTL = 0x160
                0x0000000000000162                __TACCTL0 = 0x162
                0x0000000000000164                __TACCTL1 = 0x164
                0x0000000000000166                __TACCTL2 = 0x166
                0x0000000000000170                __TAR = 0x170
                0x0000000000000172                __TACCR0 = 0x172
                0x0000000000000174                __TACCR1 = 0x174
                0x0000000000000176                __TACCR2 = 0x176
                0x000000000000011e                __TBIV = 0x11e
                0x0000000000000180                __TBCTL = 0x180
                0x0000000000000182                __TBCCTL0 = 0x182
                0x0000000000000184                __TBCCTL1 = 0x184
                0x0000000000000186                __TBCCTL2 = 0x186
                0x0000000000000188                __TBCCTL3 = 0x188
                0x000000000000018a                __TBCCTL4 = 0x18a
                0x000000000000018c                __TBCCTL5 = 0x18c
                0x000000000000018e                __TBCCTL6 = 0x18e
                0x0000000000000190                __TBR = 0x190
                0x0000000000000192                __TBCCR0 = 0x192
                0x0000000000000194                __TBCCR1 = 0x194
                0x0000000000000196                __TBCCR2 = 0x196
                0x0000000000000198                __TBCCR3 = 0x198
                0x000000000000019a                __TBCCR4 = 0x19a
                0x000000000000019c                __TBCCR5 = 0x19c
                0x000000000000019e                __TBCCR6 = 0x19e
                0x0000000000000056                __DCOCTL = 0x56
                0x0000000000000057                __BCSCTL1 = 0x57
                0x0000000000000058                __BCSCTL2 = 0x58
                0x0000000000000055                __SVSCTL = 0x55
                0x0000000000000128                __FCTL1 = 0x128
                0x000000000000012a                __FCTL2 = 0x12a
                0x000000000000012c                __FCTL3 = 0x12c
                0x0000000000000059                __CACTL1 = 0x59
                0x000000000000005a                __CACTL2 = 0x5a
                0x000000000000005b                __CAPD = 0x5b
                0x00000000000001a0                __ADC12CTL0 = 0x1a0
                0x00000000000001a2                __ADC12CTL1 = 0x1a2
                0x00000000000001a4                __ADC12IFG = 0x1a4
                0x00000000000001a6                __ADC12IE = 0x1a6
                0x00000000000001a8                __ADC12IV = 0x1a8
                0x0000000000000140                __ADC12MEM0 = 0x140
                0x0000000000000142                __ADC12MEM1 = 0x142
                0x0000000000000144                __ADC12MEM2 = 0x144
                0x0000000000000146                __ADC12MEM3 = 0x146
                0x0000000000000148                __ADC12MEM4 = 0x148
                0x000000000000014a                __ADC12MEM5 = 0x14a
                0x000000000000014c                __ADC12MEM6 = 0x14c
                0x000000000000014e                __ADC12MEM7 = 0x14e
                0x0000000000000150                __ADC12MEM8 = 0x150
                0x0000000000000152                __ADC12MEM9 = 0x152
                0x0000000000000154                __ADC12MEM10 = 0x154
                0x0000000000000156                __ADC12MEM11 = 0x156
                0x0000000000000158                __ADC12MEM12 = 0x158
                0x000000000000015a                __ADC12MEM13 = 0x15a
                0x000000000000015c                __ADC12MEM14 = 0x15c
                0x000000000000015e                __ADC12MEM15 = 0x15e
                0x0000000000000080                __ADC12MCTL0 = 0x80
                0x0000000000000081                __ADC12MCTL1 = 0x81
                0x0000000000000082                __ADC12MCTL2 = 0x82
                0x0000000000000083                __ADC12MCTL3 = 0x83
                0x0000000000000084                __ADC12MCTL4 = 0x84
                0x0000000000000085                __ADC12MCTL5 = 0x85
                0x0000000000000086                __ADC12MCTL6 = 0x86
                0x0000000000000087                __ADC12MCTL7 = 0x87
                0x0000000000000088                __ADC12MCTL8 = 0x88
                0x0000000000000089                __ADC12MCTL9 = 0x89
                0x000000000000008a                __ADC12MCTL10 = 0x8a
                0x000000000000008b                __ADC12MCTL11 = 0x8b
                0x000000000000008c                __ADC12MCTL12 = 0x8c
                0x000000000000008d                __ADC12MCTL13 = 0x8d
                0x000000000000008e                __ADC12MCTL14 = 0x8e
                0x000000000000008f                __ADC12MCTL15 = 0x8f
                0x00000000000001c0                __DAC12_0CTL = 0x1c0
                0x00000000000001c2                __DAC12_1CTL = 0x1c2
                0x00000000000001c8                __DAC12_0DAT = 0x1c8
                0x00000000000001ca                __DAC12_1DAT = 0x1ca
                0x0000000000000122                __DMACTL0 = 0x122
                0x0000000000000124                __DMACTL1 = 0x124
                0x00000000000001e0                __DMA0CTL = 0x1e0
                0x00000000000001e8                __DMA1CTL = 0x1e8
                0x00000000000001f0                __DMA2CTL = 0x1f0
                0x00000000000001e2                __DMA0SA = 0x1e2
                0x00000000000001e4                __DMA0DA = 0x1e4
                0x00000000000001e6                __DMA0SZ = 0x1e6
                0x00000000000001ea                __DMA1SA = 0x1ea
                0x00000000000001ec                __DMA1DA = 0x1ec
                0x00000000000001ee                __DMA1SZ = 0x1ee
                0x00000000000001f2                __DMA2SA = 0x1f2
                0x00000000000001f4                __DMA2DA = 0x1f4
                0x00000000000001f6                __DMA2SZ = 0x1f6

.hash
 *(SORT(.hash))

.dynsym
 *(SORT(.dynsym))

.dynstr
 *(SORT(.dynstr))

.gnu.version
 *(SORT(.gnu.version))

.gnu.version_d
 *(SORT(.gnu.version_d))

.gnu.version_r
 *(SORT(.gnu.version_r))

.rel.init
 *(SORT(.rel.init))

.rela.init
 *(SORT(.rela.init))

.rel.fini
 *(SORT(.rel.fini))

.rela.fini
 *(SORT(.rela.fini))

.rel.text
 *(SORT(.rel.text) SORT(.rel.text.*) SORT(.rel.gnu.linkonce.t.*))

.rela.text
 *(SORT(.rela.text) SORT(.rela.text.*) SORT(.rela.gnu.linkonce.t.*))

.rel.rodata
 *(SORT(.rel.rodata) SORT(.rel.rodata.*) SORT(.rel.gnu.linkonce.r.*))

.rela.rodata
 *(SORT(.rela.rodata) SORT(.rela.rodata.*) SORT(.rela.gnu.linkonce.r.*))

.rel.data
 *(SORT(.rel.data) SORT(.rel.data.*) SORT(.rel.gnu.linkonce.d.*))

.rela.data
 *(SORT(.rela.data) SORT(.rela.data.*) SORT(.rela.gnu.linkonce.d.*))

.rel.bss
 *(SORT(.rel.bss) SORT(.rel.bss.*) SORT(.rel.gnu.linkonce.b.*))

.rela.bss
 *(SORT(.rela.bss) SORT(.rela.bss.*) SORT(.rela.gnu.linkonce.b.*))

.rel.ctors
 *(SORT(.rel.ctors))

.rela.ctors
 *(SORT(.rela.ctors))

.rel.dtors
 *(SORT(.rel.dtors))

.rela.dtors
 *(SORT(.rela.dtors))

.rel.got
 *(SORT(.rel.got))

.rela.got
 *(SORT(.rela.got))

.rel.plt
 *(SORT(.rel.plt))

.rela.plt
 *(SORT(.rela.plt))

.text           0x0000000000004000     0xa656
                0x0000000000004000                . = ALIGN (0x2)
 *(SORT(.init) SORT(.init.*))
 *(SORT(.init0))
 .init0         0x0000000000004000        0x0 /home/ape/libs/mspgcc-4.7.3/bin/../lib/gcc/msp430/4.7.3/mmpy-16/libcrt0.a(_reset_vector__.o)
                0x0000000000004000                _reset_vector__
 *(SORT(.init1))
 .init1         0x0000000000004000        0xc /home/ape/libs/mspgcc-4.7.3/bin/../lib/gcc/msp430/4.7.3/mmpy-16/libcrt0.a(__watchdog_support.o)
                0x0000000000004000                __watchdog_support
 *(SORT(.init2))
 .init2         0x000000000000400c        0x4 /home/ape/libs/mspgcc-4.7.3/bin/../lib/gcc/msp430/4.7.3/mmpy-16/libcrt0.a(__init_stack.o)
                0x000000000000400c                __init_stack
 *(SORT(.init3))
 .init3         0x0000000000004010        0x0 /home/ape/libs/mspgcc-4.7.3/bin/../lib/gcc/msp430/4.7.3/mmpy-16/libcrt0.a(__low_level_init.o)
                0x0000000000004010                __low_level_init
 *(SORT(.init4))
 .init4         0x0000000000004010       0x18 /home/ape/libs/mspgcc-4.7.3/bin/../lib/gcc/msp430/4.7.3/mmpy-16/libcrt0.a(_copy_data.o)
                0x0000000000004010                __do_copy_data
 .init4         0x0000000000004028       0x16 /home/ape/libs/mspgcc-4.7.3/bin/../lib/gcc/msp430/4.7.3/mmpy-16/libcrt0.a(_clear_bss.o)
                0x0000000000004028                __do_clear_bss
 *(SORT(.init5))
 *(SORT(.init6))
 *(SORT(.init7))
 *(SORT(.init8))
 *(SORT(.init9))
 .init9         0x000000000000403e      0x20e build/sky/obj/contiki-main.o
                0x000000000000403e                main
 *(SORT(.fini9))
 .fini9         0x000000000000424c        0x0 /home/ape/libs/mspgcc-4.7.3/bin/../lib/gcc/msp430/4.7.3/mmpy-16/libcrt0.a(__stop_progExec__.o)
                0x000000000000424c                __stop_progExec__
 *(SORT(.fini8))
 *(SORT(.fini7))
 *(SORT(.fini6))
 *(SORT(.fini5))
 *(SORT(.fini4))
 *(SORT(.fini3))
 *(SORT(.fini2))
 *(SORT(.fini1))
 *(SORT(.fini0))
 .fini0         0x000000000000424c        0x6 /home/ape/libs/mspgcc-4.7.3/bin/../lib/gcc/msp430/4.7.3/mmpy-16/libcrt0.a(_endless_loop__.o)
                0x000000000000424c                _endless_loop__
 *(SORT(.fini) SORT(.fini.*))
                0x0000000000004252                . = ALIGN (0x2)
                0x0000000000004252                __ctors_start = .
 *(SORT(.ctors))
                0x0000000000004252                __ctors_end = .
                0x0000000000004252                __dtors_start = .
 *(SORT(.dtors))
                0x0000000000004252                __dtors_end = .
                0x0000000000004252                . = ALIGN (0x2)
 *(SORT(.text) SORT(.text.*) SORT(.gnu.linkonce.t.*))
 .text          0x0000000000004252        0x4 /home/ape/libs/mspgcc-4.7.3/bin/../lib/gcc/msp430/4.7.3/mmpy-16/crt0ivtbl16.o
                0x0000000000004252                __isr_14
                0x0000000000004252                __isr_11
                0x0000000000004252                __isr_2
                0x0000000000004252                __isr_7
                0x0000000000004252                __isr_0
                0x0000000000004252                __isr_8
                0x0000000000004252                __isr_3
                0x0000000000004252                __isr_13
                0x0000000000004252                __isr_9
 .text.autostart_start
                0x0000000000004256       0x16 build/sky/obj/autostart.o
                0x0000000000004256                autostart_start
 .text.status   0x000000000000426c       0x18 build/sky/obj/button-sensor.o
 .text.value    0x0000000000004284       0x20 build/sky/obj/button-sensor.o
 .text.configure
                0x00000000000042a4       0x4c build/sky/obj/button-sensor.o
 .text.irq_p2   0x00000000000042f0       0x46 build/sky/obj/button-sensor.o
                0x00000000000042f0                irq_p2
                0x00000000000042f0                __isr_1
 .text.cc2420_timerb1_interrupt
                0x0000000000004336       0x26 build/sky/obj/cc2420-arch-sfd.o
                0x0000000000004336                cc2420_timerb1_interrupt
                0x0000000000004336                __isr_12
 .text.cc2420_port1_interrupt
                0x000000000000435c       0x20 build/sky/obj/cc2420-arch.o
                0x000000000000435c                __isr_4
                0x000000000000435c                cc2420_port1_interrupt
 .text.cc2420_arch_init
                0x000000000000437c       0x1a build/sky/obj/cc2420-arch.o
                0x000000000000437c                cc2420_arch_init
 .text.get_object
                0x0000000000004396        0x4 build/sky/obj/cc2420.o
 .text.set_object
                0x000000000000439a        0x4 build/sky/obj/cc2420.o
 .text.strobe   0x000000000000439e       0x1c build/sky/obj/cc2420.o
 .text.getreg   0x00000000000043ba       0x4c build/sky/obj/cc2420.o
 .text.setreg   0x0000000000004406       0x4c build/sky/obj/cc2420.o
 .text.write_ram
                0x0000000000004452       0x7c build/sky/obj/cc2420.o
 .text.write_fifo_buf
                0x00000000000044ce       0x3c build/sky/obj/cc2420.o
 .text.get_status
                0x000000000000450a       0x20 build/sky/obj/cc2420.o
 .text.on       0x000000000000452a       0x1a build/sky/obj/cc2420.o
 .text.cc2420_receiving_packet
                0x0000000000004544        0xc build/sky/obj/cc2420.o
 .text.pending_packet
                0x0000000000004550        0x8 build/sky/obj/cc2420.o
 .text.wait_for_transmission
                0x0000000000004558       0x22 build/sky/obj/cc2420.o
 .text.wait_for_status
                0x000000000000457a       0x28 build/sky/obj/cc2420.o
 .text.getrxdata
                0x00000000000045a2       0x50 build/sky/obj/cc2420.o
 .text.flushrx  0x00000000000045f2       0x1a build/sky/obj/cc2420.o
 .text.off      0x000000000000460c       0x28 build/sky/obj/cc2420.o
 .text.RELEASE_LOCK
                0x0000000000004634       0x28 build/sky/obj/cc2420.o
 .text.set_key  0x000000000000465c       0x18 build/sky/obj/cc2420.o
 .text.set_frame_filtering
                0x0000000000004674       0x30 build/sky/obj/cc2420.o
 .text.set_auto_ack
                0x00000000000046a4       0x30 build/sky/obj/cc2420.o
 .text.set_poll_mode
                0x00000000000046d4       0x2c build/sky/obj/cc2420.o
 .text.cc2420_prepare
                0x0000000000004700       0x46 build/sky/obj/cc2420.o
 .text.cc2420_on
                0x0000000000004746       0x22 build/sky/obj/cc2420.o
                0x0000000000004746                cc2420_on
 .text.cc2420_transmit
                0x0000000000004768       0x66 build/sky/obj/cc2420.o
 .text.cc2420_send
                0x00000000000047ce       0x12 build/sky/obj/cc2420.o
 .text.cc2420_off
                0x00000000000047e0       0x30 build/sky/obj/cc2420.o
                0x00000000000047e0                cc2420_off
 .text.cc2420_cca
                0x0000000000004810       0x68 build/sky/obj/cc2420.o
 .text.cc2420_read
                0x0000000000004878       0xbe build/sky/obj/cc2420.o
 .text.process_thread_cc2420_process
                0x0000000000004936       0x56 build/sky/obj/cc2420.o
 .text.encrypt  0x000000000000498c       0x88 build/sky/obj/cc2420.o
 .text.cc2420_set_channel
                0x0000000000004a14       0x3c build/sky/obj/cc2420.o
                0x0000000000004a14                cc2420_set_channel
 .text.cc2420_set_pan_addr
                0x0000000000004a50       0x4c build/sky/obj/cc2420.o
                0x0000000000004a50                cc2420_set_pan_addr
 .text.cc2420_interrupt
                0x0000000000004a9c       0x16 build/sky/obj/cc2420.o
                0x0000000000004a9c                cc2420_interrupt
 .text.cc2420_set_txpower
                0x0000000000004ab2       0x2c build/sky/obj/cc2420.o
                0x0000000000004ab2                cc2420_set_txpower
 .text.cc2420_get_txpower
                0x0000000000004ade       0x1e build/sky/obj/cc2420.o
                0x0000000000004ade                cc2420_get_txpower
 .text.cc2420_rssi
                0x0000000000004afc       0x4c build/sky/obj/cc2420.o
                0x0000000000004afc                cc2420_rssi
 .text.get_value
                0x0000000000004b48      0x11e build/sky/obj/cc2420.o
 .text.cc2420_set_cca_threshold
                0x0000000000004c66       0x16 build/sky/obj/cc2420.o
                0x0000000000004c66                cc2420_set_cca_threshold
 .text.set_value
                0x0000000000004c7c      0x150 build/sky/obj/cc2420.o
 .text.cc2420_init
                0x0000000000004dcc       0xea build/sky/obj/cc2420.o
                0x0000000000004dcc                cc2420_init
 .text.timera1  0x0000000000004eb6       0xdc build/sky/obj/clock.o
                0x0000000000004eb6                __isr_5
                0x0000000000004eb6                timera1
 .text.clock_time
                0x0000000000004f92       0x1a build/sky/obj/clock.o
                0x0000000000004f92                clock_time
 .text.clock_init
                0x0000000000004fac       0x28 build/sky/obj/clock.o
                0x0000000000004fac                clock_init
 .text.clock_delay
                0x0000000000004fd4        0xc build/sky/obj/clock.o
                0x0000000000004fd4                clock_delay
 .text.clock_seconds
                0x0000000000004fe0       0x1a build/sky/obj/clock.o
                0x0000000000004fe0                clock_seconds
 .text.init_platform
                0x0000000000004ffa        0xc build/sky/obj/contiki-sky-platform.o
                0x0000000000004ffa                init_platform
 .text.schedule_transmission
                0x0000000000005006       0x70 build/sky/obj/csma-output.o
 .text.tx_done  0x0000000000005076       0x9a build/sky/obj/csma-output.o
 .text.transmit_from_queue
                0x0000000000005110      0x1c0 build/sky/obj/csma-output.o
 .text.csma_output_packet
                0x00000000000052d0      0x158 build/sky/obj/csma-output.o
                0x00000000000052d0                csma_output_packet
 .text.csma_output_init
                0x0000000000005428       0x1a build/sky/obj/csma-output.o
                0x0000000000005428                csma_output_init
 .text.csma_security_create_frame
                0x0000000000005442       0x10 build/sky/obj/csma-security.o
                0x0000000000005442                csma_security_create_frame
 .text.csma_security_parse_frame
                0x0000000000005452        0x6 build/sky/obj/csma-security.o
                0x0000000000005452                csma_security_parse_frame
 .text.on       0x0000000000005458        0x6 build/sky/obj/csma.o
 .text.off      0x000000000000545e        0x6 build/sky/obj/csma.o
 .text.max_payload
                0x0000000000005464       0x38 build/sky/obj/csma.o
 .text.send_packet
                0x000000000000549c        0x6 build/sky/obj/csma.o
 .text.input_packet
                0x00000000000054a2       0x58 build/sky/obj/csma.o
 .text.init     0x00000000000054fa       0x20 build/sky/obj/csma.o
 .text.process_thread_ctimer_process
                0x000000000000551a       0xa8 build/sky/obj/ctimer.o
 .text.ctimer_init
                0x00000000000055c2       0x18 build/sky/obj/ctimer.o
                0x00000000000055c2                ctimer_init
 .text.ctimer_set_with_process
                0x00000000000055da       0x4e build/sky/obj/ctimer.o
                0x00000000000055da                ctimer_set_with_process
 .text.ctimer_set
                0x0000000000005628       0x10 build/sky/obj/ctimer.o
                0x0000000000005628                ctimer_set
 .text.ctimer_reset
                0x0000000000005638       0x30 build/sky/obj/ctimer.o
                0x0000000000005638                ctimer_reset
 .text.ctimer_stop
                0x0000000000005668       0x28 build/sky/obj/ctimer.o
                0x0000000000005668                ctimer_stop
 .text.ctimer_expired
                0x0000000000005690       0x30 build/sky/obj/ctimer.o
                0x0000000000005690                ctimer_expired
 .text.owreadb  0x00000000000056c0       0x50 build/sky/obj/ds2411.o
 .text.ds2411_init
                0x0000000000005710      0x120 build/sky/obj/ds2411.o
                0x0000000000005710                ds2411_init
 .text.energest_init
                0x0000000000005830        0x2 build/sky/obj/energest.o
                0x0000000000005830                energest_init
 .text.energest_flush
                0x0000000000005832        0x2 build/sky/obj/energest.o
                0x0000000000005832                energest_flush
 .text.update_time
                0x0000000000005834       0x78 build/sky/obj/etimer.o
 .text.etimer_request_poll
                0x00000000000058ac        0xa build/sky/obj/etimer.o
                0x00000000000058ac                etimer_request_poll
 .text.process_thread_etimer_process
                0x00000000000058b6       0xcc build/sky/obj/etimer.o
 .text.add_timer
                0x0000000000005982       0x40 build/sky/obj/etimer.o
 .text.etimer_set
                0x00000000000059c2       0x12 build/sky/obj/etimer.o
                0x00000000000059c2                etimer_set
 .text.etimer_reset
                0x00000000000059d4       0x12 build/sky/obj/etimer.o
                0x00000000000059d4                etimer_reset
 .text.etimer_expired
                0x00000000000059e6        0xe build/sky/obj/etimer.o
                0x00000000000059e6                etimer_expired
 .text.etimer_pending
                0x00000000000059f4        0xc build/sky/obj/etimer.o
                0x00000000000059f4                etimer_pending
 .text.etimer_next_expiration_time
                0x0000000000005a00       0x16 build/sky/obj/etimer.o
                0x0000000000005a00                etimer_next_expiration_time
 .text.etimer_stop
                0x0000000000005a16       0x3e build/sky/obj/etimer.o
                0x0000000000005a16                etimer_stop
 .text.frame802154_get_pan_id
                0x0000000000005a54        0x6 build/sky/obj/frame802154.o
                0x0000000000005a54                frame802154_get_pan_id
 .text.frame802154_has_panid
                0x0000000000005a5a       0xe0 build/sky/obj/frame802154.o
                0x0000000000005a5a                frame802154_has_panid
 .text.field_len
                0x0000000000005b3a       0xac build/sky/obj/frame802154.o
 .text.frame802154_is_broadcast_addr
                0x0000000000005be6       0x28 build/sky/obj/frame802154.o
                0x0000000000005be6                frame802154_is_broadcast_addr
 .text.frame802154_hdrlen
                0x0000000000005c0e       0x32 build/sky/obj/frame802154.o
                0x0000000000005c0e                frame802154_hdrlen
 .text.frame802154_create_fcf
                0x0000000000005c40       0x96 build/sky/obj/frame802154.o
                0x0000000000005c40                frame802154_create_fcf
 .text.frame802154_create
                0x0000000000005cd6       0xe4 build/sky/obj/frame802154.o
                0x0000000000005cd6                frame802154_create
 .text.frame802154_parse_fcf
                0x0000000000005dba       0xbc build/sky/obj/frame802154.o
                0x0000000000005dba                frame802154_parse_fcf
 .text.frame802154_parse
                0x0000000000005e76      0x168 build/sky/obj/frame802154.o
                0x0000000000005e76                frame802154_parse
 .text.parse    0x0000000000005fde       0xa2 build/sky/obj/framer-802154.o
 .text.framer_802154_setup_params
                0x0000000000006080       0xb8 build/sky/obj/framer-802154.o
                0x0000000000006080                framer_802154_setup_params
 .text.create_frame
                0x0000000000006138       0xa2 build/sky/obj/framer-802154.o
 .text.create   0x00000000000061da        0x8 build/sky/obj/framer-802154.o
 .text.hdr_length
                0x00000000000061e2        0x8 build/sky/obj/framer-802154.o
 .text.leds_arch_init
                0x00000000000061ea        0xe build/sky/obj/leds-arch.o
                0x00000000000061ea                leds_arch_init
 .text.leds_arch_get
                0x00000000000061f8       0x34 build/sky/obj/leds-arch.o
                0x00000000000061f8                leds_arch_get
 .text.leds_arch_set
                0x000000000000622c       0x3e build/sky/obj/leds-arch.o
                0x000000000000622c                leds_arch_set
 .text.leds_init
                0x000000000000626a        0x6 build/sky/obj/leds.o
                0x000000000000626a                leds_init
 .text.leds_on  0x0000000000006270       0x12 build/sky/obj/leds.o
                0x0000000000006270                leds_on
 .text.leds_off
                0x0000000000006282       0x12 build/sky/obj/leds.o
                0x0000000000006282                leds_off
 .text.periodic
                0x0000000000006294       0x28 build/sky/obj/link-stats.o
 .text.link_stats_from_lladdr
                0x00000000000062bc        0xc build/sky/obj/link-stats.o
                0x00000000000062bc                link_stats_from_lladdr
 .text.link_stats_is_fresh
                0x00000000000062c8       0x30 build/sky/obj/link-stats.o
                0x00000000000062c8                link_stats_is_fresh
 .text.link_stats_packet_sent
                0x00000000000062f8       0xf4 build/sky/obj/link-stats.o
                0x00000000000062f8                link_stats_packet_sent
 .text.link_stats_input_callback
                0x00000000000063ec      0x106 build/sky/obj/link-stats.o
                0x00000000000063ec                link_stats_input_callback
 .text.link_stats_reset
                0x00000000000064f2       0x2a build/sky/obj/link-stats.o
                0x00000000000064f2                link_stats_reset
 .text.link_stats_init
                0x000000000000651c       0x22 build/sky/obj/link-stats.o
                0x000000000000651c                link_stats_init
 .text.linkaddr_copy
                0x000000000000653e        0x8 build/sky/obj/linkaddr.o
                0x000000000000653e                linkaddr_copy
 .text.linkaddr_cmp
                0x0000000000006546       0x12 build/sky/obj/linkaddr.o
                0x0000000000006546                linkaddr_cmp
 .text.linkaddr_set_node_addr
                0x0000000000006558        0xc build/sky/obj/linkaddr.o
                0x0000000000006558                linkaddr_set_node_addr
 .text.list_init
                0x0000000000006564        0x6 build/sky/obj/list.o
                0x0000000000006564                list_init
 .text.list_head
                0x000000000000656a        0x4 build/sky/obj/list.o
                0x000000000000656a                list_head
 .text.list_tail
                0x000000000000656e       0x12 build/sky/obj/list.o
                0x000000000000656e                list_tail
 .text.list_remove
                0x0000000000006580       0x34 build/sky/obj/list.o
                0x0000000000006580                list_remove
 .text.list_push
                0x00000000000065b4       0x1a build/sky/obj/list.o
                0x00000000000065b4                list_push
 .text.list_add
                0x00000000000065ce       0x2a build/sky/obj/list.o
                0x00000000000065ce                list_add
 .text.list_length
                0x00000000000065f8       0x10 build/sky/obj/list.o
                0x00000000000065f8                list_length
 .text.list_item_next
                0x0000000000006608        0xc build/sky/obj/list.o
                0x0000000000006608                list_item_next
 .text.log_6addr
                0x0000000000006614       0x32 build/sky/obj/log.o
                0x0000000000006614                log_6addr
 .text.log_lladdr
                0x0000000000006646       0x44 build/sky/obj/log.o
                0x0000000000006646                log_lladdr
 .text.mac_sequence_init
                0x000000000000668a        0xa build/sky/obj/mac-sequence.o
                0x000000000000668a                mac_sequence_init
 .text.mac_sequence_set_dsn
                0x0000000000006694       0x18 build/sky/obj/mac-sequence.o
                0x0000000000006694                mac_sequence_set_dsn
 .text.mac_sequence_is_duplicate
                0x00000000000066ac       0x84 build/sky/obj/mac-sequence.o
                0x00000000000066ac                mac_sequence_is_duplicate
 .text.mac_sequence_register_seqno
                0x0000000000006730       0x90 build/sky/obj/mac-sequence.o
                0x0000000000006730                mac_sequence_register_seqno
 .text.mac_call_sent_callback
                0x00000000000067c0       0x14 build/sky/obj/mac.o
                0x00000000000067c0                mac_call_sent_callback
 .text.memb_init
                0x00000000000067d4       0x36 build/sky/obj/memb.o
                0x00000000000067d4                memb_init
 .text.memb_alloc
                0x000000000000680a       0x3e build/sky/obj/memb.o
                0x000000000000680a                memb_alloc
 .text.memb_free
                0x0000000000006848       0x32 build/sky/obj/memb.o
                0x0000000000006848                memb_free
 .text.memb_inmemb
                0x000000000000687a       0x2a build/sky/obj/memb.o
                0x000000000000687a                memb_inmemb
 .text.memb_numfree
                0x00000000000068a4       0x26 build/sky/obj/memb.o
                0x00000000000068a4                memb_numfree
 .text.msp430_init_dco
                0x00000000000068ca       0x82 build/sky/obj/msp430.o
                0x00000000000068ca                msp430_init_dco
 .text.msp430_add_lpm_req
                0x000000000000694c        0xc build/sky/obj/msp430.o
                0x000000000000694c                msp430_add_lpm_req
 .text.msp430_cpu_init
                0x0000000000006958       0x2a build/sky/obj/msp430.o
                0x0000000000006958                msp430_cpu_init
 .text.splhigh_
                0x0000000000006982        0xa build/sky/obj/msp430.o
                0x0000000000006982                splhigh_
 .text.msp430_sync_dco
                0x000000000000698c       0x6c build/sky/obj/msp430.o
                0x000000000000698c                msp430_sync_dco
 .text.item_from_index
                0x00000000000069f8       0x2a build/sky/obj/nbr-table.o
 .text.index_from_key
                0x0000000000006a22       0x26 build/sky/obj/nbr-table.o
 .text.index_from_item
                0x0000000000006a48       0x1e build/sky/obj/nbr-table.o
 .text.nbr_set_bit
                0x0000000000006a66       0x58 build/sky/obj/nbr-table.o
 .text.index_from_lladdr
                0x0000000000006abe       0x42 build/sky/obj/nbr-table.o
 .text.nbr_get_bit.constprop.3
                0x0000000000006b00       0x2e build/sky/obj/nbr-table.o
 .text.remove_key
                0x0000000000006b2e       0x84 build/sky/obj/nbr-table.o
 .text.nbr_table_is_registered
                0x0000000000006bb2       0x22 build/sky/obj/nbr-table.o
                0x0000000000006bb2                nbr_table_is_registered
 .text.nbr_table_register
                0x0000000000006bd4       0x40 build/sky/obj/nbr-table.o
                0x0000000000006bd4                nbr_table_register
 .text.nbr_table_next
                0x0000000000006c14       0x54 build/sky/obj/nbr-table.o
                0x0000000000006c14                nbr_table_next
 .text.nbr_table_head
                0x0000000000006c68       0x3a build/sky/obj/nbr-table.o
                0x0000000000006c68                nbr_table_head
 .text.nbr_table_get_from_lladdr
                0x0000000000006ca2       0x2c build/sky/obj/nbr-table.o
                0x0000000000006ca2                nbr_table_get_from_lladdr
 .text.entry_is_allowed.isra.2
                0x0000000000006cce       0x80 build/sky/obj/nbr-table.o
 .text.nbr_table_add_lladdr
                0x0000000000006d4e       0xc2 build/sky/obj/nbr-table.o
                0x0000000000006d4e                nbr_table_add_lladdr
 .text.nbr_table_remove
                0x0000000000006e10       0x32 build/sky/obj/nbr-table.o
                0x0000000000006e10                nbr_table_remove
 .text.nbr_table_lock
                0x0000000000006e42       0x10 build/sky/obj/nbr-table.o
                0x0000000000006e42                nbr_table_lock
 .text.nbr_table_unlock
                0x0000000000006e52       0x10 build/sky/obj/nbr-table.o
                0x0000000000006e52                nbr_table_unlock
 .text.nbr_table_get_lladdr
                0x0000000000006e62       0x22 build/sky/obj/nbr-table.o
                0x0000000000006e62                nbr_table_get_lladdr
 .text.netstack_process_ip_callback
                0x0000000000006e84       0x4e build/sky/obj/netstack.o
                0x0000000000006e84                netstack_process_ip_callback
 .text.netstack_init
                0x0000000000006ed2        0xe build/sky/obj/netstack.o
                0x0000000000006ed2                netstack_init
 .text.node_id_init
                0x0000000000006ee0       0x14 build/sky/obj/node-id.o
                0x0000000000006ee0                node_id_init
 .text.packetbuf_hdrreduce
                0x0000000000006ef4       0x1a build/sky/obj/packetbuf.o
                0x0000000000006ef4                packetbuf_hdrreduce
 .text.packetbuf_set_datalen
                0x0000000000006f0e        0x6 build/sky/obj/packetbuf.o
                0x0000000000006f0e                packetbuf_set_datalen
 .text.packetbuf_hdrptr
                0x0000000000006f14        0x6 build/sky/obj/packetbuf.o
                0x0000000000006f14                packetbuf_hdrptr
 .text.packetbuf_datalen
                0x0000000000006f1a        0x6 build/sky/obj/packetbuf.o
                0x0000000000006f1a                packetbuf_datalen
 .text.packetbuf_hdrlen
                0x0000000000006f20        0xa build/sky/obj/packetbuf.o
                0x0000000000006f20                packetbuf_hdrlen
 .text.packetbuf_dataptr
                0x0000000000006f2a        0xc build/sky/obj/packetbuf.o
                0x0000000000006f2a                packetbuf_dataptr
 .text.packetbuf_copyto
                0x0000000000006f36       0x46 build/sky/obj/packetbuf.o
                0x0000000000006f36                packetbuf_copyto
 .text.packetbuf_totlen
                0x0000000000006f7c        0xc build/sky/obj/packetbuf.o
                0x0000000000006f7c                packetbuf_totlen
 .text.packetbuf_hdralloc
                0x0000000000006f88       0x3c build/sky/obj/packetbuf.o
                0x0000000000006f88                packetbuf_hdralloc
 .text.packetbuf_attr_clear
                0x0000000000006fc4       0x28 build/sky/obj/packetbuf.o
                0x0000000000006fc4                packetbuf_attr_clear
 .text.packetbuf_clear
                0x0000000000006fec       0x12 build/sky/obj/packetbuf.o
                0x0000000000006fec                packetbuf_clear
 .text.packetbuf_copyfrom
                0x0000000000006ffe       0x2e build/sky/obj/packetbuf.o
                0x0000000000006ffe                packetbuf_copyfrom
 .text.packetbuf_attr_copyto
                0x000000000000702c       0x22 build/sky/obj/packetbuf.o
                0x000000000000702c                packetbuf_attr_copyto
 .text.packetbuf_attr_copyfrom
                0x000000000000704e       0x24 build/sky/obj/packetbuf.o
                0x000000000000704e                packetbuf_attr_copyfrom
 .text.packetbuf_set_attr
                0x0000000000007072        0xc build/sky/obj/packetbuf.o
                0x0000000000007072                packetbuf_set_attr
 .text.packetbuf_attr
                0x000000000000707e        0xa build/sky/obj/packetbuf.o
                0x000000000000707e                packetbuf_attr
 .text.packetbuf_set_addr
                0x0000000000007088       0x18 build/sky/obj/packetbuf.o
                0x0000000000007088                packetbuf_set_addr
 .text.packetbuf_addr
                0x00000000000070a0       0x12 build/sky/obj/packetbuf.o
                0x00000000000070a0                packetbuf_addr
 .text.packetbuf_holds_broadcast
                0x00000000000070b2        0xe build/sky/obj/packetbuf.o
                0x00000000000070b2                packetbuf_holds_broadcast
 .text.platform_init_stage_one
                0x00000000000070c0       0x12 build/sky/obj/platform.o
                0x00000000000070c0                platform_init_stage_one
 .text.platform_init_stage_two
                0x00000000000070d2       0x64 build/sky/obj/platform.o
                0x00000000000070d2                platform_init_stage_two
 .text.platform_init_stage_three
                0x0000000000007136       0x7a build/sky/obj/platform.o
                0x0000000000007136                platform_init_stage_three
 .text.platform_idle
                0x00000000000071b0       0x54 build/sky/obj/platform.o
                0x00000000000071b0                platform_idle
 .text.call_process
                0x0000000000007204       0x46 build/sky/obj/process.o
 .text.exit_process
                0x000000000000724a       0x96 build/sky/obj/process.o
 .text.do_poll  0x00000000000072e0       0x30 build/sky/obj/process.o
 .text.process_alloc_event
                0x0000000000007310        0xe build/sky/obj/process.o
                0x0000000000007310                process_alloc_event
 .text.process_init
                0x000000000000731e       0x18 build/sky/obj/process.o
                0x000000000000731e                process_init
 .text.process_run
                0x0000000000007336       0x92 build/sky/obj/process.o
                0x0000000000007336                process_run
 .text.process_nevents
                0x00000000000073c8        0xe build/sky/obj/process.o
                0x00000000000073c8                process_nevents
 .text.process_post
                0x00000000000073d6       0x42 build/sky/obj/process.o
                0x00000000000073d6                process_post
 .text.process_post_synch
                0x0000000000007418       0x12 build/sky/obj/process.o
                0x0000000000007418                process_post_synch
 .text.process_start
                0x000000000000742a       0x36 build/sky/obj/process.o
                0x000000000000742a                process_start
 .text.process_poll
                0x0000000000007460       0x18 build/sky/obj/process.o
                0x0000000000007460                process_poll
 .text.queuebuf_init
                0x0000000000007478       0x12 build/sky/obj/queuebuf.o
                0x0000000000007478                queuebuf_init
 .text.queuebuf_numfree
                0x000000000000748a        0xa build/sky/obj/queuebuf.o
                0x000000000000748a                queuebuf_numfree
 .text.queuebuf_new_from_packetbuf
                0x0000000000007494       0x52 build/sky/obj/queuebuf.o
                0x0000000000007494                queuebuf_new_from_packetbuf
 .text.queuebuf_update_attr_from_packetbuf
                0x00000000000074e6       0x12 build/sky/obj/queuebuf.o
                0x00000000000074e6                queuebuf_update_attr_from_packetbuf
 .text.queuebuf_free
                0x00000000000074f8       0x2a build/sky/obj/queuebuf.o
                0x00000000000074f8                queuebuf_free
 .text.queuebuf_to_packetbuf
                0x0000000000007522       0x32 build/sky/obj/queuebuf.o
                0x0000000000007522                queuebuf_to_packetbuf
 .text.random_init
                0x0000000000007554        0x6 build/sky/obj/random.o
                0x0000000000007554                random_init
 .text.random_rand
                0x000000000000755a        0x6 build/sky/obj/random.o
                0x000000000000755a                random_rand
 .text.rpl_dag_root_set_prefix
                0x0000000000007560       0x62 build/sky/obj/rpl-dag-root.o
                0x0000000000007560                rpl_dag_root_set_prefix
 .text.rpl_dag_root_start
                0x00000000000075c2       0x8e build/sky/obj/rpl-dag-root.o
                0x00000000000075c2                rpl_dag_root_start
 .text.rpl_dag_root_is_root
                0x0000000000007650       0x14 build/sky/obj/rpl-dag-root.o
                0x0000000000007650                rpl_dag_root_is_root
 .text.init_dag
                0x0000000000007664       0x84 build/sky/obj/rpl-dag.o
 .text.process_dio_init_dag
                0x00000000000076e8       0xb0 build/sky/obj/rpl-dag.o
 .text.rpl_dag_get_root_ipaddr
                0x0000000000007798       0x1e build/sky/obj/rpl-dag.o
                0x0000000000007798                rpl_dag_get_root_ipaddr
 .text.rpl_dag_leave
                0x00000000000077b6       0x4a build/sky/obj/rpl-dag.o
                0x00000000000077b6                rpl_dag_leave
 .text.rpl_dag_poison_and_leave
                0x0000000000007800        0xc build/sky/obj/rpl-dag.o
                0x0000000000007800                rpl_dag_poison_and_leave
 .text.rpl_dag_periodic
                0x000000000000780c       0x6a build/sky/obj/rpl-dag.o
                0x000000000000780c                rpl_dag_periodic
 .text.rpl_is_addr_in_our_dag
                0x0000000000007876       0x34 build/sky/obj/rpl-dag.o
                0x0000000000007876                rpl_is_addr_in_our_dag
 .text.rpl_local_repair
                0x00000000000078aa       0x2a build/sky/obj/rpl-dag.o
                0x00000000000078aa                rpl_local_repair
 .text.rpl_global_repair
                0x00000000000078d4       0x2e build/sky/obj/rpl-dag.o
                0x00000000000078d4                rpl_global_repair
 .text.rpl_dag_ready_to_advertise
                0x0000000000007902       0x22 build/sky/obj/rpl-dag.o
                0x0000000000007902                rpl_dag_ready_to_advertise
 .text.rpl_dag_update_state
                0x0000000000007924      0x140 build/sky/obj/rpl-dag.o
                0x0000000000007924                rpl_dag_update_state
 .text.rpl_process_dio
                0x0000000000007a64      0x1b6 build/sky/obj/rpl-dag.o
                0x0000000000007a64                rpl_process_dio
 .text.rpl_process_dis
                0x0000000000007c1a       0x2a build/sky/obj/rpl-dag.o
                0x0000000000007c1a                rpl_process_dis
 .text.rpl_process_dao
                0x0000000000007c44       0x6c build/sky/obj/rpl-dag.o
                0x0000000000007c44                rpl_process_dao
 .text.rpl_process_dao_ack
                0x0000000000007cb0       0x54 build/sky/obj/rpl-dag.o
                0x0000000000007cb0                rpl_process_dao_ack
 .text.rpl_process_hbh
                0x0000000000007d04       0x2e build/sky/obj/rpl-dag.o
                0x0000000000007d04                rpl_process_hbh
 .text.rpl_dag_init_root
                0x0000000000007d32       0xbc build/sky/obj/rpl-dag.o
                0x0000000000007d32                rpl_dag_init_root
 .text.rpl_dag_init
                0x0000000000007dee       0x10 build/sky/obj/rpl-dag.o
                0x0000000000007dee                rpl_dag_init
 .text.update_hbh_header
                0x0000000000007dfe       0x4a build/sky/obj/rpl-ext-header.o
 .text.rpl_ext_header_srh_get_next_hop
                0x0000000000007e48       0x84 build/sky/obj/rpl-ext-header.o
                0x0000000000007e48                rpl_ext_header_srh_get_next_hop
 .text.rpl_ext_header_srh_update
                0x0000000000007ecc      0x118 build/sky/obj/rpl-ext-header.o
                0x0000000000007ecc                rpl_ext_header_srh_update
 .text.rpl_ext_header_hbh_update
                0x0000000000007fe4       0x9e build/sky/obj/rpl-ext-header.o
                0x0000000000007fe4                rpl_ext_header_hbh_update
 .text.rpl_ext_header_remove
                0x0000000000008082       0xcc build/sky/obj/rpl-ext-header.o
                0x0000000000008082                rpl_ext_header_remove
 .text.rpl_ext_header_update
                0x000000000000814e      0x2aa build/sky/obj/rpl-ext-header.o
                0x000000000000814e                rpl_ext_header_update
 .text.get32    0x00000000000083f8       0x46 build/sky/obj/rpl-icmp6.o
 .text.set32    0x000000000000843e       0x2a build/sky/obj/rpl-icmp6.o
 .text.get16    0x0000000000008468        0xe build/sky/obj/rpl-icmp6.o
 .text.set16    0x0000000000008476       0x10 build/sky/obj/rpl-icmp6.o
 .text.dao_ack_input
                0x0000000000008486       0x30 build/sky/obj/rpl-icmp6.o
 .text.dao_input
                0x00000000000084b6      0x13c build/sky/obj/rpl-icmp6.o
 .text.dio_input
                0x00000000000085f2      0x29c build/sky/obj/rpl-icmp6.o
 .text.dis_input
                0x000000000000888e       0x1e build/sky/obj/rpl-icmp6.o
 .text.rpl_icmp6_update_nbr_table
                0x00000000000088ac       0x36 build/sky/obj/rpl-icmp6.o
                0x00000000000088ac                rpl_icmp6_update_nbr_table
 .text.rpl_icmp6_dis_output
                0x00000000000088e2       0x34 build/sky/obj/rpl-icmp6.o
                0x00000000000088e2                rpl_icmp6_dis_output
 .text.rpl_icmp6_dio_output
                0x0000000000008916      0x23a build/sky/obj/rpl-icmp6.o
                0x0000000000008916                rpl_icmp6_dio_output
 .text.rpl_icmp6_dao_output
                0x0000000000008b50       0xe2 build/sky/obj/rpl-icmp6.o
                0x0000000000008b50                rpl_icmp6_dao_output
 .text.rpl_icmp6_dao_ack_output
                0x0000000000008c32       0x4e build/sky/obj/rpl-icmp6.o
                0x0000000000008c32                rpl_icmp6_dao_ack_output
 .text.rpl_icmp6_init
                0x0000000000008c80       0x22 build/sky/obj/rpl-icmp6.o
                0x0000000000008c80                rpl_icmp6_init
 .text.reset    0x0000000000008ca2        0x2 build/sky/obj/rpl-mrhof.o
 .text.update_metric_container
                0x0000000000008ca4        0x6 build/sky/obj/rpl-mrhof.o
 .text.nbr_link_metric
                0x0000000000008caa       0x12 build/sky/obj/rpl-mrhof.o
 .text.nbr_has_usable_link
                0x0000000000008cbc       0x14 build/sky/obj/rpl-mrhof.o
 .text.nbr_path_cost
                0x0000000000008cd0       0x38 build/sky/obj/rpl-mrhof.o
 .text.within_hysteresis
                0x0000000000008d08       0x54 build/sky/obj/rpl-mrhof.o
 .text.nbr_is_acceptable_parent
                0x0000000000008d5c       0x2c build/sky/obj/rpl-mrhof.o
 .text.rank_via_nbr
                0x0000000000008d88       0x48 build/sky/obj/rpl-mrhof.o
 .text.best_parent
                0x0000000000008dd0       0x7c build/sky/obj/rpl-mrhof.o
 .text.get_rank
                0x0000000000008e4c       0x16 build/sky/obj/rpl-nbr-policy.o
 .text.rpl_nbr_gc_get_worst
                0x0000000000008e62       0x28 build/sky/obj/rpl-nbr-policy.o
                0x0000000000008e62                rpl_nbr_gc_get_worst
 .text.remove_neighbor
                0x0000000000008e8a       0x24 build/sky/obj/rpl-neighbor.o
 .text.rpl_neighbor_get_from_lladdr
                0x0000000000008eae        0xc build/sky/obj/rpl-neighbor.o
                0x0000000000008eae                rpl_neighbor_get_from_lladdr
 .text.rpl_neighbor_rank_via_nbr
                0x0000000000008eba       0x18 build/sky/obj/rpl-neighbor.o
                0x0000000000008eba                rpl_neighbor_rank_via_nbr
 .text.rpl_neighbor_get_lladdr
                0x0000000000008ed2        0xc build/sky/obj/rpl-neighbor.o
                0x0000000000008ed2                rpl_neighbor_get_lladdr
 .text.rpl_neighbor_get_ipaddr
                0x0000000000008ede        0xa build/sky/obj/rpl-neighbor.o
                0x0000000000008ede                rpl_neighbor_get_ipaddr
 .text.rpl_neighbor_get_link_stats
                0x0000000000008ee8        0xa build/sky/obj/rpl-neighbor.o
                0x0000000000008ee8                rpl_neighbor_get_link_stats
 .text.rpl_neighbor_is_fresh
                0x0000000000008ef2        0xa build/sky/obj/rpl-neighbor.o
                0x0000000000008ef2                rpl_neighbor_is_fresh
 .text.best_parent
                0x0000000000008efc       0xb4 build/sky/obj/rpl-neighbor.o
 .text.rpl_neighbor_set_preferred_parent
                0x0000000000008fb0       0x48 build/sky/obj/rpl-neighbor.o
                0x0000000000008fb0                rpl_neighbor_set_preferred_parent
 .text.rpl_neighbor_remove_all
                0x0000000000008ff8       0x30 build/sky/obj/rpl-neighbor.o
                0x0000000000008ff8                rpl_neighbor_remove_all
 .text.rpl_neighbor_get_from_ipaddr
                0x0000000000009028       0x14 build/sky/obj/rpl-neighbor.o
                0x0000000000009028                rpl_neighbor_get_from_ipaddr
 .text.rpl_neighbor_select_best
                0x000000000000903c       0x54 build/sky/obj/rpl-neighbor.o
                0x000000000000903c                rpl_neighbor_select_best
 .text.rpl_neighbor_init
                0x0000000000009090        0xe build/sky/obj/rpl-neighbor.o
                0x0000000000009090                rpl_neighbor_init
 .text.handle_state_update
                0x000000000000909e        0x6 build/sky/obj/rpl-timers.o
 .text.handle_leaving_timer
                0x00000000000090a4        0xc build/sky/obj/rpl-timers.o
 .text.schedule_dao_retransmission
                0x00000000000090b0       0x34 build/sky/obj/rpl-timers.o
 .text.new_dio_interval
                0x00000000000090e4       0x8a build/sky/obj/rpl-timers.o
 .text.handle_unicast_dio_timer
                0x000000000000916e       0x12 build/sky/obj/rpl-timers.o
 .text.send_new_dao
                0x0000000000009180       0x28 build/sky/obj/rpl-timers.o
 .text.resend_dao
                0x00000000000091a8       0x24 build/sky/obj/rpl-timers.o
 .text.handle_dao_ack_timer
                0x00000000000091cc       0x12 build/sky/obj/rpl-timers.o
 .text.handle_dio_timer
                0x00000000000091de       0x6e build/sky/obj/rpl-timers.o
 .text.rpl_timers_schedule_periodic_dis
                0x000000000000924c       0x40 build/sky/obj/rpl-timers.o
                0x000000000000924c                rpl_timers_schedule_periodic_dis
 .text.handle_periodic_timer
                0x000000000000928c       0x3a build/sky/obj/rpl-timers.o
 .text.handle_dis_timer
                0x00000000000092c6       0x26 build/sky/obj/rpl-timers.o
 .text.rpl_timers_dio_reset
                0x00000000000092ec       0x2e build/sky/obj/rpl-timers.o
                0x00000000000092ec                rpl_timers_dio_reset
 .text.rpl_timers_schedule_unicast_dio
                0x000000000000931a       0x20 build/sky/obj/rpl-timers.o
                0x000000000000931a                rpl_timers_schedule_unicast_dio
 .text.rpl_timers_schedule_dao
                0x000000000000933a       0x3c build/sky/obj/rpl-timers.o
                0x000000000000933a                rpl_timers_schedule_dao
 .text.rpl_timers_schedule_dao_ack
                0x0000000000009376       0x34 build/sky/obj/rpl-timers.o
                0x0000000000009376                rpl_timers_schedule_dao_ack
 .text.rpl_timers_notify_dao_ack
                0x00000000000093aa       0x82 build/sky/obj/rpl-timers.o
                0x00000000000093aa                rpl_timers_notify_dao_ack
 .text.get_probing_delay
                0x000000000000942c       0x1c build/sky/obj/rpl-timers.o
                0x000000000000942c                get_probing_delay
 .text.get_probing_target
                0x0000000000009448       0xee build/sky/obj/rpl-timers.o
                0x0000000000009448                get_probing_target
 .text.rpl_schedule_probing
                0x0000000000009536       0x20 build/sky/obj/rpl-timers.o
                0x0000000000009536                rpl_schedule_probing
 .text.handle_probing_timer
                0x0000000000009556       0x2a build/sky/obj/rpl-timers.o
 .text.rpl_schedule_probing_now
                0x0000000000009580       0x24 build/sky/obj/rpl-timers.o
                0x0000000000009580                rpl_schedule_probing_now
 .text.rpl_timers_unschedule_leaving
                0x00000000000095a4       0x1c build/sky/obj/rpl-timers.o
                0x00000000000095a4                rpl_timers_unschedule_leaving
 .text.rpl_timers_schedule_leaving
                0x00000000000095c0       0x2a build/sky/obj/rpl-timers.o
                0x00000000000095c0                rpl_timers_schedule_leaving
 .text.rpl_timers_init
                0x00000000000095ea       0x1c build/sky/obj/rpl-timers.o
                0x00000000000095ea                rpl_timers_init
 .text.rpl_timers_stop_dag_timers
                0x0000000000009606       0x4c build/sky/obj/rpl-timers.o
                0x0000000000009606                rpl_timers_stop_dag_timers
 .text.rpl_timers_unschedule_state_update
                0x0000000000009652       0x10 build/sky/obj/rpl-timers.o
                0x0000000000009652                rpl_timers_unschedule_state_update
 .text.rpl_timers_schedule_state_update
                0x0000000000009662       0x1c build/sky/obj/rpl-timers.o
                0x0000000000009662                rpl_timers_schedule_state_update
 .text.rpl_has_joined
                0x000000000000967e       0x12 build/sky/obj/rpl.o
                0x000000000000967e                rpl_has_joined
 .text.rpl_is_reachable
                0x0000000000009690       0x12 build/sky/obj/rpl.o
                0x0000000000009690                rpl_is_reachable
 .text.neighbor_state_changed
                0x00000000000096a2        0x2 build/sky/obj/rpl.o
 .text.drop_route
                0x00000000000096a4        0x2 build/sky/obj/rpl.o
 .text.rpl_get_leaf_only
                0x00000000000096a6        0x6 build/sky/obj/rpl.o
                0x00000000000096a6                rpl_get_leaf_only
 .text.get_sr_node_ipaddr
                0x00000000000096ac       0x34 build/sky/obj/rpl.o
 .text.init     0x00000000000096e0       0x42 build/sky/obj/rpl.o
 .text.set_ip_from_prefix
                0x0000000000009722       0x38 build/sky/obj/rpl.o
 .text.rpl_link_callback
                0x000000000000975a       0x1e build/sky/obj/rpl.o
                0x000000000000975a                rpl_link_callback
 .text.rpl_lollipop_greater_than
                0x0000000000009778       0x3c build/sky/obj/rpl.o
                0x0000000000009778                rpl_lollipop_greater_than
 .text.rpl_get_global_address
                0x00000000000097b4       0xbe build/sky/obj/rpl.o
                0x00000000000097b4                rpl_get_global_address
 .text.rpl_reset_prefix
                0x0000000000009872       0x24 build/sky/obj/rpl.o
                0x0000000000009872                rpl_reset_prefix
 .text.rpl_set_prefix_from_addr
                0x0000000000009896       0x92 build/sky/obj/rpl.o
                0x0000000000009896                rpl_set_prefix_from_addr
 .text.timera0  0x0000000000009928       0x2e build/sky/obj/rtimer-arch.o
                0x0000000000009928                __isr_6
                0x0000000000009928                timera0
 .text.rtimer_arch_init
                0x0000000000009956        0xe build/sky/obj/rtimer-arch.o
                0x0000000000009956                rtimer_arch_init
 .text.rtimer_arch_now
                0x0000000000009964        0xe build/sky/obj/rtimer-arch.o
                0x0000000000009964                rtimer_arch_now
 .text.rtimer_arch_schedule
                0x0000000000009972        0x6 build/sky/obj/rtimer-arch.o
                0x0000000000009972                rtimer_arch_schedule
 .text.rtimer_init
                0x0000000000009978        0x6 build/sky/obj/rtimer.o
                0x0000000000009978                rtimer_init
 .text.rtimer_run_next
                0x000000000000997e       0x26 build/sky/obj/rtimer.o
                0x000000000000997e                rtimer_run_next
 .text.process_thread_sensors_process
                0x00000000000099a4       0xc2 build/sky/obj/sensors.o
 .text.sensors_changed
                0x0000000000009a66       0x2a build/sky/obj/sensors.o
                0x0000000000009a66                sensors_changed
 .text.clear_fragments
                0x0000000000009a90       0x40 build/sky/obj/sicslowpan.o
 .text.addr_context_lookup_by_number
                0x0000000000009ad0       0x16 build/sky/obj/sicslowpan.o
 .text.sicslowpan_init
                0x0000000000009ae6       0x18 build/sky/obj/sicslowpan.o
                0x0000000000009ae6                sicslowpan_init
 .text.set_packet_attrs
                0x0000000000009afe       0x66 build/sky/obj/sicslowpan.o
 .text.compress_addr_64
                0x0000000000009b64       0xae build/sky/obj/sicslowpan.o
 .text.addr_context_lookup_by_prefix
                0x0000000000009c12       0x20 build/sky/obj/sicslowpan.o
 .text.send_packet
                0x0000000000009c32       0x1a build/sky/obj/sicslowpan.o
 .text.fragment_copy_payload_and_send
                0x0000000000009c4c       0x60 build/sky/obj/sicslowpan.o
 .text.output   0x0000000000009cac      0x7c8 build/sky/obj/sicslowpan.o
 .text.packet_sent
                0x000000000000a474       0x56 build/sky/obj/sicslowpan.o
 .text.store_fragment
                0x000000000000a4ca       0xb8 build/sky/obj/sicslowpan.o
 .text.add_fragment
                0x000000000000a582      0x1fc build/sky/obj/sicslowpan.o
 .text.uncompress_addr
                0x000000000000a77e       0xb4 build/sky/obj/sicslowpan.o
 .text.input    0x000000000000a832      0xa10 build/sky/obj/sicslowpan.o
 .text.process_thread_simple_udp_process
                0x000000000000b242       0xb8 build/sky/obj/simple-udp.o
 .text.simple_udp_sendto
                0x000000000000b2fa       0x2c build/sky/obj/simple-udp.o
                0x000000000000b2fa                simple_udp_sendto
 .text.simple_udp_register
                0x000000000000b326       0x9a build/sky/obj/simple-udp.o
                0x000000000000b326                simple_udp_register
 .text.spi_init
                0x000000000000b3c0       0x30 build/sky/obj/spi-legacy.o
                0x000000000000b3c0                spi_init
 .text.stack_check_init
                0x000000000000b3f0       0x2e build/sky/obj/stack-check.o
                0x000000000000b3f0                stack_check_init
 .text.stack_check_get_usage
                0x000000000000b41e       0x54 build/sky/obj/stack-check.o
                0x000000000000b41e                stack_check_get_usage
 .text.process_thread_stack_check_process
                0x000000000000b472       0xea build/sky/obj/stack-check.o
 .text.stimer_set
                0x000000000000b55c       0x1c build/sky/obj/stimer.o
                0x000000000000b55c                stimer_set
 .text.stimer_expired
                0x000000000000b578       0x30 build/sky/obj/stimer.o
                0x000000000000b578                stimer_expired
 .text.tcpip_output
                0x000000000000b5a8       0x22 build/sky/obj/tcpip.o
                0x000000000000b5a8                tcpip_output
 .text.udp_new  0x000000000000b5ca       0x1a build/sky/obj/tcpip.o
                0x000000000000b5ca                udp_new
 .text.tcpip_input
                0x000000000000b5e4       0x1e build/sky/obj/tcpip.o
                0x000000000000b5e4                tcpip_input
 .text.tcpip_ipv6_output
                0x000000000000b602      0x114 build/sky/obj/tcpip.o
                0x000000000000b602                tcpip_ipv6_output
 .text.packet_input.part.3
                0x000000000000b716       0x12 build/sky/obj/tcpip.o
 .text.process_thread_tcpip_process
                0x000000000000b728       0xcc build/sky/obj/tcpip.o
 .text.tcpip_uipcall
                0x000000000000b7f4       0x2a build/sky/obj/tcpip.o
                0x000000000000b7f4                tcpip_uipcall
 .text.timer_set
                0x000000000000b81e       0x1c build/sky/obj/timer.o
                0x000000000000b81e                timer_set
 .text.timer_expired
                0x000000000000b83a       0x2a build/sky/obj/timer.o
                0x000000000000b83a                timer_expired
 .text.timer_reset
                0x000000000000b864       0x1c build/sky/obj/timer.o
                0x000000000000b864                timer_reset
 .text.putchar  0x000000000000b880       0x10 build/sky/obj/uart1-putchar.o
                0x000000000000b880                putchar
 .text.uart1_active
                0x000000000000b890       0x18 build/sky/obj/uart1.o
                0x000000000000b890                uart1_active
 .text.uart1_writeb
                0x000000000000b8a8       0x18 build/sky/obj/uart1.o
                0x000000000000b8a8                uart1_writeb
 .text.uart1_init
                0x000000000000b8c0       0xf4 build/sky/obj/uart1.o
                0x000000000000b8c0                uart1_init
 .text.udp_rx_callback
                0x000000000000b9b4       0x46 build/sky/obj/udp-client.o
 .text.process_thread_udp_client_process
                0x000000000000b9fa      0x19a build/sky/obj/udp-client.o
 .text.uip_ds6_nbr_rm
                0x000000000000bb94       0x1e build/sky/obj/uip-ds6-nbr.o
                0x000000000000bb94                uip_ds6_nbr_rm
 .text.uip_ds6_neighbors_init
                0x000000000000bbb2       0x12 build/sky/obj/uip-ds6-nbr.o
                0x000000000000bbb2                uip_ds6_neighbors_init
 .text.uip_ds6_nbr_add
                0x000000000000bbc4       0x3e build/sky/obj/uip-ds6-nbr.o
                0x000000000000bbc4                uip_ds6_nbr_add
 .text.uip_ds6_nbr_get_ll
                0x000000000000bc02        0xc build/sky/obj/uip-ds6-nbr.o
                0x000000000000bc02                uip_ds6_nbr_get_ll
 .text.uip_ds6_nbr_head
                0x000000000000bc0e        0xa build/sky/obj/uip-ds6-nbr.o
                0x000000000000bc0e                uip_ds6_nbr_head
 .text.uip_ds6_nbr_next
                0x000000000000bc18        0xc build/sky/obj/uip-ds6-nbr.o
                0x000000000000bc18                uip_ds6_nbr_next
 .text.uip_ds6_nbr_lookup
                0x000000000000bc24       0x3a build/sky/obj/uip-ds6-nbr.o
                0x000000000000bc24                uip_ds6_nbr_lookup
 .text.uip_ds6_nbr_ll_lookup
                0x000000000000bc5e        0xc build/sky/obj/uip-ds6-nbr.o
                0x000000000000bc5e                uip_ds6_nbr_ll_lookup
 .text.uip_ds6_nbr_update_ll
                0x000000000000bc6a       0x76 build/sky/obj/uip-ds6-nbr.o
                0x000000000000bc6a                uip_ds6_nbr_update_ll
 .text.uip_ds6_nbr_ipaddr_from_lladdr
                0x000000000000bce0        0x6 build/sky/obj/uip-ds6-nbr.o
                0x000000000000bce0                uip_ds6_nbr_ipaddr_from_lladdr
 .text.uip_ds6_nbr_lladdr_from_ipaddr
                0x000000000000bce6       0x12 build/sky/obj/uip-ds6-nbr.o
                0x000000000000bce6                uip_ds6_nbr_lladdr_from_ipaddr
 .text.uip_ds6_link_callback
                0x000000000000bcf8        0x2 build/sky/obj/uip-ds6-nbr.o
                0x000000000000bcf8                uip_ds6_link_callback
 .text.uip_ds6_route_init
                0x000000000000bcfa       0x12 build/sky/obj/uip-ds6-route.o
                0x000000000000bcfa                uip_ds6_route_init
 .text.uip_ds6_route_nexthop
                0x000000000000bd0c        0x4 build/sky/obj/uip-ds6-route.o
                0x000000000000bd0c                uip_ds6_route_nexthop
 .text.uip_ds6_route_lookup
                0x000000000000bd10        0x4 build/sky/obj/uip-ds6-route.o
                0x000000000000bd10                uip_ds6_route_lookup
 .text.uip_ds6_route_rm
                0x000000000000bd14        0x2 build/sky/obj/uip-ds6-route.o
                0x000000000000bd14                uip_ds6_route_rm
 .text.uip_ds6_defrt_rm
                0x000000000000bd16       0x3c build/sky/obj/uip-ds6-route.o
                0x000000000000bd16                uip_ds6_defrt_rm
 .text.uip_ds6_defrt_lookup
                0x000000000000bd52       0x40 build/sky/obj/uip-ds6-route.o
                0x000000000000bd52                uip_ds6_defrt_lookup
 .text.uip_ds6_defrt_add
                0x000000000000bd92       0x72 build/sky/obj/uip-ds6-route.o
                0x000000000000bd92                uip_ds6_defrt_add
 .text.uip_ds6_defrt_choose
                0x000000000000be04       0x3a build/sky/obj/uip-ds6-route.o
                0x000000000000be04                uip_ds6_defrt_choose
 .text.uip_ds6_defrt_periodic
                0x000000000000be3e       0x38 build/sky/obj/uip-ds6-route.o
                0x000000000000be3e                uip_ds6_defrt_periodic
 .text.uip_ds6_default_prefix
                0x000000000000be76        0x6 build/sky/obj/uip-ds6.o
                0x000000000000be76                uip_ds6_default_prefix
 .text.uip_ds6_list_loop
                0x000000000000be7c       0x92 build/sky/obj/uip-ds6.o
                0x000000000000be7c                uip_ds6_list_loop
 .text.uip_ds6_prefix_add
                0x000000000000bf0e       0x80 build/sky/obj/uip-ds6.o
                0x000000000000bf0e                uip_ds6_prefix_add
 .text.uip_ds6_is_addr_onlink
                0x000000000000bf8e       0x54 build/sky/obj/uip-ds6.o
                0x000000000000bf8e                uip_ds6_is_addr_onlink
 .text.uip_ds6_addr_lookup
                0x000000000000bfe2       0x2a build/sky/obj/uip-ds6.o
                0x000000000000bfe2                uip_ds6_addr_lookup
 .text.uip_ds6_get_link_local
                0x000000000000c00c       0x3e build/sky/obj/uip-ds6.o
                0x000000000000c00c                uip_ds6_get_link_local
 .text.uip_ds6_maddr_add
                0x000000000000c04a       0x4c build/sky/obj/uip-ds6.o
                0x000000000000c04a                uip_ds6_maddr_add
 .text.uip_ds6_addr_add
                0x000000000000c096       0xc4 build/sky/obj/uip-ds6.o
                0x000000000000c096                uip_ds6_addr_add
 .text.uip_ds6_maddr_rm
                0x000000000000c15a        0xa build/sky/obj/uip-ds6.o
                0x000000000000c15a                uip_ds6_maddr_rm
 .text.uip_ds6_maddr_lookup
                0x000000000000c164       0x2a build/sky/obj/uip-ds6.o
                0x000000000000c164                uip_ds6_maddr_lookup
 .text.uip_ds6_addr_rm
                0x000000000000c18e       0x54 build/sky/obj/uip-ds6.o
                0x000000000000c18e                uip_ds6_addr_rm
 .text.uip_ds6_periodic
                0x000000000000c1e2       0x46 build/sky/obj/uip-ds6.o
                0x000000000000c1e2                uip_ds6_periodic
 .text.uip_ds6_set_addr_iid
                0x000000000000c228       0x14 build/sky/obj/uip-ds6.o
                0x000000000000c228                uip_ds6_set_addr_iid
 .text.uip_ds6_set_lladdr_from_iid
                0x000000000000c23c       0x14 build/sky/obj/uip-ds6.o
                0x000000000000c23c                uip_ds6_set_lladdr_from_iid
 .text.get_match_length
                0x000000000000c250       0x44 build/sky/obj/uip-ds6.o
                0x000000000000c250                get_match_length
 .text.uip_ds6_select_src
                0x000000000000c294       0xaa build/sky/obj/uip-ds6.o
                0x000000000000c294                uip_ds6_select_src
 .text.uip_ds6_compute_reachable_time
                0x000000000000c33e       0x3e build/sky/obj/uip-ds6.o
                0x000000000000c33e                uip_ds6_compute_reachable_time
 .text.uip_ds6_init
                0x000000000000c37c      0x164 build/sky/obj/uip-ds6.o
                0x000000000000c37c                uip_ds6_init
 .text.echo_reply_input
                0x000000000000c4e0       0x68 build/sky/obj/uip-icmp6.o
 .text.echo_request_input
                0x000000000000c548       0x86 build/sky/obj/uip-icmp6.o
 .text.uip_icmp6_input
                0x000000000000c5ce       0x48 build/sky/obj/uip-icmp6.o
                0x000000000000c5ce                uip_icmp6_input
 .text.uip_icmp6_register_input_handler
                0x000000000000c616        0xc build/sky/obj/uip-icmp6.o
                0x000000000000c616                uip_icmp6_register_input_handler
 .text.uip_icmp6_error_output
                0x000000000000c622      0x146 build/sky/obj/uip-icmp6.o
                0x000000000000c622                uip_icmp6_error_output
 .text.uip_icmp6_send
                0x000000000000c768       0x8e build/sky/obj/uip-icmp6.o
                0x000000000000c768                uip_icmp6_send
 .text.uip_icmp6_init
                0x000000000000c7f6       0x12 build/sky/obj/uip-icmp6.o
                0x000000000000c7f6                uip_icmp6_init
 .text.ns_input
                0x000000000000c808      0x29a build/sky/obj/uip-nd6.o
 .text.uip_nd6_init
                0x000000000000caa2        0xa build/sky/obj/uip-nd6.o
                0x000000000000caa2                uip_nd6_init
 .text.node_matches_address.part.0
                0x000000000000caac       0x2e build/sky/obj/uip-sr.o
 .text.uip_sr_get_node
                0x000000000000cada       0x44 build/sky/obj/uip-sr.o
                0x000000000000cada                uip_sr_get_node
 .text.uip_sr_is_addr_reachable
                0x000000000000cb1e       0x4e build/sky/obj/uip-sr.o
                0x000000000000cb1e                uip_sr_is_addr_reachable
 .text.uip_sr_expire_parent
                0x000000000000cb6c       0x50 build/sky/obj/uip-sr.o
                0x000000000000cb6c                uip_sr_expire_parent
 .text.uip_sr_update_node
                0x000000000000cbbc       0xbc build/sky/obj/uip-sr.o
                0x000000000000cbbc                uip_sr_update_node
 .text.uip_sr_init
                0x000000000000cc78       0x16 build/sky/obj/uip-sr.o
                0x000000000000cc78                uip_sr_init
 .text.uip_sr_periodic
                0x000000000000cc8e       0x9e build/sky/obj/uip-sr.o
                0x000000000000cc8e                uip_sr_periodic
 .text.uip_sr_free_all
                0x000000000000cd2c       0x3c build/sky/obj/uip-sr.o
                0x000000000000cd2c                uip_sr_free_all
 .text.uip_udp_packet_send
                0x000000000000cd68       0x2a build/sky/obj/uip-udp-packet.o
                0x000000000000cd68                uip_udp_packet_send
 .text.uip_udp_packet_sendto
                0x000000000000cd92       0x66 build/sky/obj/uip-udp-packet.o
                0x000000000000cd92                uip_udp_packet_sendto
 .text.chksum   0x000000000000cdf8       0x32 build/sky/obj/uip6.o
 .text.upper_layer_chksum
                0x000000000000ce2a       0x58 build/sky/obj/uip6.o
 .text.ext_hdr_options_process
                0x000000000000ce82       0xa4 build/sky/obj/uip6.o
 .text.uip_check_mtu
                0x000000000000cf26       0x1e build/sky/obj/uip6.o
 .text.uip_update_ttl
                0x000000000000cf44       0x24 build/sky/obj/uip6.o
 .text.uip_icmp6chksum
                0x000000000000cf68        0xa build/sky/obj/uip6.o
                0x000000000000cf68                uip_icmp6chksum
 .text.uip_udpchksum
                0x000000000000cf72        0xa build/sky/obj/uip6.o
                0x000000000000cf72                uip_udpchksum
 .text.uip_init
                0x000000000000cf7c       0x3c build/sky/obj/uip6.o
                0x000000000000cf7c                uip_init
 .text.uip_remove_ext_hdr
                0x000000000000cfb8       0x5e build/sky/obj/uip6.o
                0x000000000000cfb8                uip_remove_ext_hdr
 .text.uip_udp_new
                0x000000000000d016       0xac build/sky/obj/uip6.o
                0x000000000000d016                uip_udp_new
 .text.uip_process
                0x000000000000d0c2      0x4be build/sky/obj/uip6.o
                0x000000000000d0c2                uip_process
 .text.uip_htonl
                0x000000000000d580       0x2e build/sky/obj/uip6.o
                0x000000000000d580                uip_htonl
 .text.uipbuf_add_ext_hdr
                0x000000000000d5ae       0x1c build/sky/obj/uipbuf.o
                0x000000000000d5ae                uipbuf_add_ext_hdr
 .text.uipbuf_set_len
                0x000000000000d5ca       0x12 build/sky/obj/uipbuf.o
                0x000000000000d5ca                uipbuf_set_len
 .text.uipbuf_set_len_field
                0x000000000000d5dc        0xe build/sky/obj/uipbuf.o
                0x000000000000d5dc                uipbuf_set_len_field
 .text.uipbuf_get_len_field
                0x000000000000d5ea        0xe build/sky/obj/uipbuf.o
                0x000000000000d5ea                uipbuf_get_len_field
 .text.uipbuf_get_next_header
                0x000000000000d5f8       0x6a build/sky/obj/uipbuf.o
                0x000000000000d5f8                uipbuf_get_next_header
 .text.uipbuf_get_last_header
                0x000000000000d662       0x3e build/sky/obj/uipbuf.o
                0x000000000000d662                uipbuf_get_last_header
 .text.uipbuf_search_header
                0x000000000000d6a0       0x4e build/sky/obj/uipbuf.o
                0x000000000000d6a0                uipbuf_search_header
 .text.uipbuf_get_attr
                0x000000000000d6ee       0x12 build/sky/obj/uipbuf.o
                0x000000000000d6ee                uipbuf_get_attr
 .text.uipbuf_set_attr
                0x000000000000d700       0x14 build/sky/obj/uipbuf.o
                0x000000000000d700                uipbuf_set_attr
 .text.uipbuf_clear_attr
                0x000000000000d714       0x12 build/sky/obj/uipbuf.o
                0x000000000000d714                uipbuf_clear_attr
 .text.uipbuf_clear
                0x000000000000d726       0x12 build/sky/obj/uipbuf.o
                0x000000000000d726                uipbuf_clear
 .text.uipbuf_init
                0x000000000000d738       0x1a build/sky/obj/uipbuf.o
                0x000000000000d738                uipbuf_init
 .text.uiplib_ipaddr_snprint
                0x000000000000d752      0x12c build/sky/obj/uiplib.o
                0x000000000000d752                uiplib_ipaddr_snprint
 .text.watchdog_interrupt
                0x000000000000d87e        0x6 build/sky/obj/watchdog.o
                0x000000000000d87e                __isr_10
                0x000000000000d87e                watchdog_interrupt
 .text.watchdog_start
                0x000000000000d884       0x14 build/sky/obj/watchdog.o
                0x000000000000d884                watchdog_start
 .text.watchdog_periodic
                0x000000000000d898       0x12 build/sky/obj/watchdog.o
                0x000000000000d898                watchdog_periodic
 .text.watchdog_stop
                0x000000000000d8aa       0x16 build/sky/obj/watchdog.o
                0x000000000000d8aa                watchdog_stop
 .text.watchdog_init
                0x000000000000d8c0       0x12 build/sky/obj/watchdog.o
                0x000000000000d8c0                watchdog_init
 .text.xmem_init
                0x000000000000d8d2       0x3c build/sky/obj/xmem.o
                0x000000000000d8d2                xmem_init
 .text.printf   0x000000000000d90e       0x10 /home/ape/libs/mspgcc-4.7.3/bin/../lib/gcc/msp430/4.7.3/../../../../msp430/lib/mmpy-16/libc.a(printf.o)
                0x000000000000d90e                printf
 .text.append   0x000000000000d91e       0x22 /home/ape/libs/mspgcc-4.7.3/bin/../lib/gcc/msp430/4.7.3/../../../../msp430/lib/mmpy-16/libc.a(sprintf.o)
 .text.call_vuprintf
                0x000000000000d940       0x3a /home/ape/libs/mspgcc-4.7.3/bin/../lib/gcc/msp430/4.7.3/../../../../msp430/lib/mmpy-16/libc.a(sprintf.o)
 .text.snprintf
                0x000000000000d97a       0x1a /home/ape/libs/mspgcc-4.7.3/bin/../lib/gcc/msp430/4.7.3/../../../../msp430/lib/mmpy-16/libc.a(sprintf.o)
                0x000000000000d97a                snprintf
 .text.print_field
                0x000000000000d994      0x194 /home/ape/libs/mspgcc-4.7.3/bin/../lib/gcc/msp430/4.7.3/../../../../msp430/lib/mmpy-16/libc.a(vuprintf.o)
 .text.vuprintf
                0x000000000000db28      0x63e /home/ape/libs/mspgcc-4.7.3/bin/../lib/gcc/msp430/4.7.3/../../../../msp430/lib/mmpy-16/libc.a(vuprintf.o)
                0x000000000000db28                vuprintf
 .text.puts     0x000000000000e166       0x2c /home/ape/libs/mspgcc-4.7.3/bin/../lib/gcc/msp430/4.7.3/../../../../msp430/lib/mmpy-16/libc.a(puts.o)
                0x000000000000e166                puts
 .text.rand     0x000000000000e192       0x26 /home/ape/libs/mspgcc-4.7.3/bin/../lib/gcc/msp430/4.7.3/../../../../msp430/lib/mmpy-16/libc.a(rand.o)
                0x000000000000e192                rand
 .text.srand    0x000000000000e1b8        0xa /home/ape/libs/mspgcc-4.7.3/bin/../lib/gcc/msp430/4.7.3/../../../../msp430/lib/mmpy-16/libc.a(rand.o)
                0x000000000000e1b8                srand
 .text.memcmp   0x000000000000e1c2       0x30 /home/ape/libs/mspgcc-4.7.3/bin/../lib/gcc/msp430/4.7.3/../../../../msp430/lib/mmpy-16/libc.a(memcmp.o)
                0x000000000000e1c2                memcmp
 .text.memcpy   0x000000000000e1f2       0xfa /home/ape/libs/mspgcc-4.7.3/bin/../lib/gcc/msp430/4.7.3/../../../../msp430/lib/mmpy-16/libc.a(memcpy.o)
                0x000000000000e1f2                memcpy
 .text.memmove  0x000000000000e2ec       0xfa /home/ape/libs/mspgcc-4.7.3/bin/../lib/gcc/msp430/4.7.3/../../../../msp430/lib/mmpy-16/libc.a(memmove.o)
                0x000000000000e2ec                memmove
 .text.memset   0x000000000000e3e6       0x6a /home/ape/libs/mspgcc-4.7.3/bin/../lib/gcc/msp430/4.7.3/../../../../msp430/lib/mmpy-16/libc.a(memset.o)
                0x000000000000e3e6                memset
 .text.crt0     0x000000000000e450        0x2 /home/ape/libs/mspgcc-4.7.3/bin/../lib/gcc/msp430/4.7.3/mmpy-16/libcrt0.a(_unexpected_.o)
                0x000000000000e450                _unexpected_
 .text.libgcc   0x000000000000e452       0x2c /home/ape/libs/mspgcc-4.7.3/bin/../lib/gcc/msp430/4.7.3/mmpy-16/libgcc.a(_mulsi3.o)
                0x000000000000e452                __mulsi3
 .text.libgcc   0x000000000000e47e       0x22 /home/ape/libs/mspgcc-4.7.3/bin/../lib/gcc/msp430/4.7.3/mmpy-16/libgcc.a(_udivmod16.o)
                0x000000000000e47e                __udivhi3
                0x000000000000e47e                __ext_udivmod16
                0x000000000000e498                __umodhi3
 .text.libgcc   0x000000000000e4a0       0x3a /home/ape/libs/mspgcc-4.7.3/bin/../lib/gcc/msp430/4.7.3/mmpy-16/libgcc.a(_divmod16.o)
                0x000000000000e4a0                __ext_divmod16
                0x000000000000e4a0                __divhi3
                0x000000000000e4d2                __modhi3
 .text.libgcc   0x000000000000e4da       0x40 /home/ape/libs/mspgcc-4.7.3/bin/../lib/gcc/msp430/4.7.3/mmpy-16/libgcc.a(_udivmod32.o)
                0x000000000000e4da                __udivsi3
                0x000000000000e4da                __ext_udivmod32
                0x000000000000e510                __umodsi3
 .text.libgcc   0x000000000000e51a       0x4c /home/ape/libs/mspgcc-4.7.3/bin/../lib/gcc/msp430/4.7.3/mmpy-16/libgcc.a(_divmod32.o)
                0x000000000000e51a                __ext_divmod32
                0x000000000000e51a                __divsi3
                0x000000000000e55c                __modsi3
 .text.libgcc   0x000000000000e566       0xf0 /home/ape/libs/mspgcc-4.7.3/bin/../lib/gcc/msp430/4.7.3/mmpy-16/libgcc.a(_udivmod64.o)
                0x000000000000e566                __xabi_udivmod64
                0x000000000000e5c4                __udivdi3
                0x000000000000e5ea                __umoddi3
                0x000000000000e618                __udivmoddi4
 *(SORT(.near.text) SORT(.near.text.*))

.rodata         0x000000000000e658      0x51a
                0x000000000000e658                . = ALIGN (0x2)
 *(SORT(.rodata) SORT(.rodata.*) SORT(.gnu.linkonce.r.*))
 .rodata.get_value
                0x000000000000e658       0x34 build/sky/obj/cc2420.o
 .rodata.set_value
                0x000000000000e68c       0x10 build/sky/obj/cc2420.o
 .rodata        0x000000000000e69c       0x10 build/sky/obj/button-sensor.o
                0x000000000000e6a4                button_sensor
 .rodata        0x000000000000e6ac       0x3e build/sky/obj/cc2420.o
                0x000000000000e6ac                cc2420_aes_128_driver
                0x000000000000e6b0                cc2420_driver
 .rodata        0x000000000000e6ea       0x14 build/sky/obj/csma.o
                0x000000000000e6f0                csma_driver
 .rodata        0x000000000000e6fe        0x6 build/sky/obj/framer-802154.o
                0x000000000000e6fe                framer_802154
 .rodata        0x000000000000e704        0x8 build/sky/obj/linkaddr.o
                0x000000000000e704                linkaddr_null
 .rodata        0x000000000000e70c       0xb6 build/sky/obj/log.o
 .rodata        0x000000000000e7c2       0xe0 build/sky/obj/rpl-dag.o
 .rodata        0x000000000000e8a2       0x34 build/sky/obj/rpl.o
                0x000000000000e8ac                rpl_lite_driver
 .rodata        0x000000000000e8d6       0x26 build/sky/obj/sicslowpan.o
                0x000000000000e8e2                sicslowpan_driver
                0x000000000000e8ea                llprefix
                0x000000000000e8ec                unc_mxconf
                0x000000000000e8f0                unc_ctxconf
                0x000000000000e8f4                unc_llconf
 .rodata        0x000000000000e8fc       0x98 build/sky/obj/udp-client.o
                0x000000000000e984                autostart_processes
 .rodata        0x000000000000e994       0xbe build/sky/obj/contiki-main.o
 .rodata        0x000000000000ea52        0xf build/sky/obj/ctimer.o
 .rodata        0x000000000000ea61        0xc build/sky/obj/etimer.o
 .rodata        0x000000000000ea6d        0x2 build/sky/obj/frame802154.o
 .rodata        0x000000000000ea6f       0x31 build/sky/obj/platform.o
 .rodata        0x000000000000eaa0        0xc build/sky/obj/rpl-timers.o
 .rodata        0x000000000000eaac        0x8 build/sky/obj/sensors.o
 .rodata        0x000000000000eab4       0x13 build/sky/obj/simple-udp.o
 .rodata        0x000000000000eac7       0x6a build/sky/obj/stack-check.o
 .rodata        0x000000000000eb31        0xd build/sky/obj/tcpip.o
 .rodata        0x000000000000eb3e       0x2d build/sky/obj/uiplib.o
 .rodata.vuprintf
                0x000000000000eb6b        0x7 /home/ape/libs/mspgcc-4.7.3/bin/../lib/gcc/msp430/4.7.3/../../../../msp430/lib/mmpy-16/libc.a(vuprintf.o)
 *(SORT(.near.rodata) SORT(.near.rodata.*))
                0x000000000000eb72                . = ALIGN (0x2)
                0x000000000000eb72                _etext = .

.data           0x0000000000001100      0x144 load address 0x000000000000eb72
                0x0000000000001100                . = ALIGN (0x2)
                0x0000000000001100                __data_start = .
 *(SORT(.data) SORT(.data.*) SORT(.gnu.linkonce.d.*))
 .data          0x0000000000001100        0xc build/sky/obj/cc2420.o
                0x0000000000001100                cc2420_process
 .data          0x000000000000110c        0x4 build/sky/obj/contiki-sky-platform.o
                0x000000000000110c                sensors
 .data          0x0000000000001110       0x18 build/sky/obj/csma-output.o
 .data          0x0000000000001128        0xa build/sky/obj/ctimer.o
                0x0000000000001128                ctimer_process
 .data          0x0000000000001132        0xa build/sky/obj/etimer.o
                0x0000000000001132                etimer_process
 .data          0x000000000000113c        0x2 build/sky/obj/frame802154.o
 .data          0x000000000000113e        0x8 build/sky/obj/link-stats.o
 .data          0x0000000000001146       0x50 build/sky/obj/log.o
                0x0000000000001146                all_modules
                0x0000000000001194                curr_log_level_main
 .data          0x0000000000001196        0x2 build/sky/obj/msp430.o
 .data          0x0000000000001198        0x8 build/sky/obj/nbr-table.o
 .data          0x00000000000011a0       0x10 build/sky/obj/queuebuf.o
 .data          0x00000000000011b0       0x18 build/sky/obj/rpl-icmp6.o
 .data          0x00000000000011c8       0x12 build/sky/obj/rpl-mrhof.o
                0x00000000000011c8                rpl_mrhof
 .data          0x00000000000011da        0xa build/sky/obj/rpl-neighbor.o
                0x00000000000011da                rpl_neighbors
 .data          0x00000000000011e4        0xa build/sky/obj/sensors.o
                0x00000000000011e4                sensors_process
 .data          0x00000000000011ee        0xa build/sky/obj/simple-udp.o