Archive member included because of file (symbol)

/home/ape/libs/mspgcc-4.7.3/bin/../lib/gcc/msp430/4.7.3/mmpy-16/libgcc.a(_mulsi3.o)
                              build/sky/obj/cfs-coffee.o (__mulsi3)
/home/ape/libs/mspgcc-4.7.3/bin/../lib/gcc/msp430/4.7.3/mmpy-16/libgcc.a(_udivmod16.o)
                              build/sky/obj/cfs-coffee.o (__udivhi3)
/home/ape/libs/mspgcc-4.7.3/bin/../lib/gcc/msp430/4.7.3/mmpy-16/libgcc.a(_divmod16.o)
                              build/sky/obj/link-stats.o (__divhi3)
/home/ape/libs/mspgcc-4.7.3/bin/../lib/gcc/msp430/4.7.3/mmpy-16/libgcc.a(_udivmod32.o)
                              build/sky/obj/ifft.o (__udivsi3)
/home/ape/libs/mspgcc-4.7.3/bin/../lib/gcc/msp430/4.7.3/mmpy-16/libgcc.a(_divmod32.o)
                              build/sky/obj/cfs-coffee.o (__divsi3)
/home/ape/libs/mspgcc-4.7.3/bin/../lib/gcc/msp430/4.7.3/../../../../msp430/lib/mmpy-16/libc.a(strtol.o)
                              build/sky/obj/shell-commands.o (strtol)
/home/ape/libs/mspgcc-4.7.3/bin/../lib/gcc/msp430/4.7.3/../../../../msp430/lib/mmpy-16/libc.a(printf.o)
                              build/sky/obj/assert.o (printf)
/home/ape/libs/mspgcc-4.7.3/bin/../lib/gcc/msp430/4.7.3/../../../../msp430/lib/mmpy-16/libc.a(sprintf.o)
                              build/sky/obj/log.o (snprintf)
/home/ape/libs/mspgcc-4.7.3/bin/../lib/gcc/msp430/4.7.3/../../../../msp430/lib/mmpy-16/libc.a(vuprintf.o)
                              /home/ape/libs/mspgcc-4.7.3/bin/../lib/gcc/msp430/4.7.3/../../../../msp430/lib/mmpy-16/libc.a(printf.o) (vuprintf)
/home/ape/libs/mspgcc-4.7.3/bin/../lib/gcc/msp430/4.7.3/../../../../msp430/lib/mmpy-16/libc.a(puts.o)
                              build/sky/obj/assert.o (puts)
/home/ape/libs/mspgcc-4.7.3/bin/../lib/gcc/msp430/4.7.3/../../../../msp430/lib/mmpy-16/libc.a(rand.o)
                              build/sky/obj/random.o (rand)
/home/ape/libs/mspgcc-4.7.3/bin/../lib/gcc/msp430/4.7.3/../../../../msp430/lib/mmpy-16/libc.a(strchr.o)
                              build/sky/obj/shell-commands.o (strchr)
/home/ape/libs/mspgcc-4.7.3/bin/../lib/gcc/msp430/4.7.3/../../../../msp430/lib/mmpy-16/libc.a(strcmp.o)
                              build/sky/obj/cfs-coffee.o (strcmp)
/home/ape/libs/mspgcc-4.7.3/bin/../lib/gcc/msp430/4.7.3/../../../../msp430/lib/mmpy-16/libc.a(strncmp.o)
                              build/sky/obj/sensors.o (strncmp)
/home/ape/libs/mspgcc-4.7.3/bin/../lib/gcc/msp430/4.7.3/../../../../msp430/lib/mmpy-16/libc.a(memcmp.o)
                              build/sky/obj/ip64-addr.o (memcmp)
/home/ape/libs/mspgcc-4.7.3/bin/../lib/gcc/msp430/4.7.3/../../../../msp430/lib/mmpy-16/libc.a(strcpy.o)
                              build/sky/obj/shell-commands.o (strcpy)
/home/ape/libs/mspgcc-4.7.3/bin/../lib/gcc/msp430/4.7.3/../../../../msp430/lib/mmpy-16/libc.a(strncpy.o)
                              build/sky/obj/cfs-coffee.o (strncpy)
/home/ape/libs/mspgcc-4.7.3/bin/../lib/gcc/msp430/4.7.3/../../../../msp430/lib/mmpy-16/libc.a(memcpy.o)
                              build/sky/obj/aes-128.o (memcpy)
/home/ape/libs/mspgcc-4.7.3/bin/../lib/gcc/msp430/4.7.3/../../../../msp430/lib/mmpy-16/libc.a(memmove.o)
                              build/sky/obj/rpl-ext-header.o (memmove)
/home/ape/libs/mspgcc-4.7.3/bin/../lib/gcc/msp430/4.7.3/../../../../msp430/lib/mmpy-16/libc.a(memset.o)
                              build/sky/obj/cfs-coffee.o (memset)
/home/ape/libs/mspgcc-4.7.3/bin/../lib/gcc/msp430/4.7.3/../../../../msp430/lib/mmpy-16/libc.a(ldiv.o)
                              /home/ape/libs/mspgcc-4.7.3/bin/../lib/gcc/msp430/4.7.3/../../../../msp430/lib/mmpy-16/libc.a(strtol.o) (ldiv)
/home/ape/libs/mspgcc-4.7.3/bin/../lib/gcc/msp430/4.7.3/../../../../msp430/lib/mmpy-16/libc.a(errno.o)
                              /home/ape/libs/mspgcc-4.7.3/bin/../lib/gcc/msp430/4.7.3/../../../../msp430/lib/mmpy-16/libc.a(strtol.o) (errno)
/home/ape/libs/mspgcc-4.7.3/bin/../lib/gcc/msp430/4.7.3/mmpy-16/libgcc.a(_udivmod64.o)
                              /home/ape/libs/mspgcc-4.7.3/bin/../lib/gcc/msp430/4.7.3/../../../../msp430/lib/mmpy-16/libc.a(vuprintf.o) (__udivdi3)
/home/ape/libs/mspgcc-4.7.3/bin/../lib/gcc/msp430/4.7.3/mmpy-16/libcrt0.a(_reset_vector__.o)
                              (_reset_vector__)
/home/ape/libs/mspgcc-4.7.3/bin/../lib/gcc/msp430/4.7.3/mmpy-16/libcrt0.a(__watchdog_support.o)
                              /home/ape/libs/mspgcc-4.7.3/bin/../lib/gcc/msp430/4.7.3/mmpy-16/libcrt0.a(_reset_vector__.o) (__watchdog_support)
/home/ape/libs/mspgcc-4.7.3/bin/../lib/gcc/msp430/4.7.3/mmpy-16/libcrt0.a(__init_stack.o)
                              /home/ape/libs/mspgcc-4.7.3/bin/../lib/gcc/msp430/4.7.3/mmpy-16/libcrt0.a(_reset_vector__.o) (__init_stack)
/home/ape/libs/mspgcc-4.7.3/bin/../lib/gcc/msp430/4.7.3/mmpy-16/libcrt0.a(__low_level_init.o)
[...]
Memory Configuration

Name             Origin             Length             Attributes
sfr              0x0000000000000000 0x0000000000000010
peripheral_8bit  0x0000000000000010 0x00000000000000f0
peripheral_16bit 0x0000000000000100 0x0000000000000100
ram_mirror       0x0000000000000200 0x0000000000000800 xw
infomem          0x0000000000001000 0x0000000000000100
infob            0x0000000000001000 0x0000000000000080
infoa            0x0000000000001080 0x0000000000000080
ram              0x0000000000001100 0x0000000000002800 xw
rom              0x0000000000004000 0x000000000000bfe0 xr
vectors          0x000000000000ffe0 0x0000000000000020
bsl              0x0000000000000000 0x0000000000000000
infoc            0x0000000000000000 0x0000000000000000
infod            0x0000000000000000 0x0000000000000000
ram2             0x0000000000000000 0x0000000000000000 xw
usbram           0x0000000000000000 0x0000000000000000 xw
far_rom          0x0000000000000000 0x0000000000000000
*default*        0x0000000000000000 0xffffffffffffffff

Linker script and memory map

LOAD /home/ape/libs/mspgcc-4.7.3/bin/../lib/gcc/msp430/4.7.3/mmpy-16/crt0ivtbl16.o
                0x0000000000002cea                _stack = _end
LOAD build/sky/obj/aes-128.o
LOAD build/sky/obj/anti-replay.o
LOAD build/sky/obj/assert.o
LOAD build/sky/obj/atomic.o
LOAD build/sky/obj/autostart.o
LOAD build/sky/obj/battery-sensor.o
LOAD build/sky/obj/button-hal.o
LOAD build/sky/obj/button-sensor.o
LOAD build/sky/obj/cc2420-arch-sfd.o
LOAD build/sky/obj/cc2420-arch.o
LOAD build/sky/obj/cc2420-tsch-15ms.o
LOAD build/sky/obj/cc2420.o
LOAD build/sky/obj/ccm-star-packetbuf.o
LOAD build/sky/obj/ccm-star.o
LOAD build/sky/obj/cfs-coffee.o
LOAD build/sky/obj/circular-list.o
LOAD build/sky/obj/clock.o
LOAD build/sky/obj/compower.o
LOAD build/sky/obj/contiki-main.o
LOAD build/sky/obj/contiki-sky-platform.o
LOAD build/sky/obj/crc16.o
LOAD build/sky/obj/csma-output.o
LOAD build/sky/obj/csma-security.o
LOAD build/sky/obj/csma.o
LOAD build/sky/obj/ctimer.o
LOAD build/sky/obj/dbl-circ-list.o
LOAD build/sky/obj/dbl-list.o
LOAD build/sky/obj/ds2411.o
LOAD build/sky/obj/energest.o
LOAD build/sky/obj/etimer.o
LOAD build/sky/obj/flash.o
LOAD build/sky/obj/frame802154.o
LOAD build/sky/obj/frame802154e-ie.o
LOAD build/sky/obj/framer-802154.o
LOAD build/sky/obj/gpio-hal.o
LOAD build/sky/obj/heapmem.o
LOAD build/sky/obj/hello-world.o
LOAD build/sky/obj/hexconv.o
LOAD build/sky/obj/i2c.o
LOAD build/sky/obj/ifft.o
LOAD build/sky/obj/int-master.o
LOAD build/sky/obj/ip64-addr.o
LOAD build/sky/obj/leds-arch.o
LOAD build/sky/obj/leds.o
LOAD build/sky/obj/light-sensor.o
LOAD build/sky/obj/link-stats.o
LOAD build/sky/obj/linkaddr.o
LOAD build/sky/obj/list.o
LOAD build/sky/obj/log.o
LOAD build/sky/obj/lpm.o
LOAD build/sky/obj/mac-sequence.o
LOAD build/sky/obj/mac.o
LOAD build/sky/obj/memb.o
LOAD build/sky/obj/msp430.o
LOAD build/sky/obj/mutex.o
LOAD build/sky/obj/nbr-table.o
LOAD build/sky/obj/net-debug.o
LOAD build/sky/obj/netstack.o
LOAD build/sky/obj/node-id.o
LOAD build/sky/obj/nullframer.o
LOAD build/sky/obj/nullradio.o
LOAD build/sky/obj/packetbuf.o
LOAD build/sky/obj/platform.o
LOAD build/sky/obj/process.o
LOAD build/sky/obj/psock.o
LOAD build/sky/obj/queuebuf.o
LOAD build/sky/obj/random.o
LOAD build/sky/obj/ringbuf.o
LOAD build/sky/obj/ringbufindex.o
LOAD build/sky/obj/rpl-dag-root.o
LOAD build/sky/obj/rpl-dag.o
LOAD build/sky/obj/rpl-ext-header.o
LOAD build/sky/obj/rpl-icmp6.o
LOAD build/sky/obj/rpl-mrhof.o
LOAD build/sky/obj/rpl-nbr-policy.o
LOAD build/sky/obj/rpl-neighbor.o
LOAD build/sky/obj/rpl-of0.o
LOAD build/sky/obj/rpl-timers.o
LOAD build/sky/obj/rpl.o
LOAD build/sky/obj/rtimer-arch.o
LOAD build/sky/obj/rtimer.o
LOAD build/sky/obj/sensors.o
LOAD build/sky/obj/serial-line.o
LOAD build/sky/obj/serial-shell.o
LOAD build/sky/obj/shell-commands.o
LOAD build/sky/obj/shell.o
LOAD build/sky/obj/sht11-sensor.o
LOAD build/sky/obj/sht11.o
LOAD build/sky/obj/sicslowpan.o
LOAD build/sky/obj/simple-udp.o
LOAD build/sky/obj/sky-sensors.o
LOAD build/sky/obj/slip.o
LOAD build/sky/obj/slip_uart1.o
LOAD build/sky/obj/spi-legacy.o
LOAD build/sky/obj/spi.o
LOAD build/sky/obj/stack-check.o
LOAD build/sky/obj/stimer.o
LOAD build/sky/obj/tcp-socket.o
LOAD build/sky/obj/tcpip.o
LOAD build/sky/obj/timer.o
LOAD build/sky/obj/trickle-timer.o
LOAD build/sky/obj/uart1-putchar.o
LOAD build/sky/obj/uart1.o
LOAD build/sky/obj/udp-socket.o
LOAD build/sky/obj/uip-ds6-nbr.o
LOAD build/sky/obj/uip-ds6-route.o
LOAD build/sky/obj/uip-ds6.o
LOAD build/sky/obj/uip-icmp6.o
LOAD build/sky/obj/uip-ipchksum.o
LOAD build/sky/obj/uip-nameserver.o
LOAD build/sky/obj/uip-nd6.o
LOAD build/sky/obj/uip-packetqueue.o
LOAD build/sky/obj/uip-sr.o
LOAD build/sky/obj/uip-udp-packet.o
LOAD build/sky/obj/uip6.o
LOAD build/sky/obj/uipbuf.o
LOAD build/sky/obj/uiplib.o
LOAD build/sky/obj/watchdog.o
LOAD build/sky/obj/xmem.o
LOAD /home/ape/libs/mspgcc-4.7.3/bin/../lib/gcc/msp430/4.7.3/mmpy-16/libgcc.a
LOAD /home/ape/libs/mspgcc-4.7.3/bin/../lib/gcc/msp430/4.7.3/../../../../msp430/lib/mmpy-16/libc.a
LOAD /home/ape/libs/mspgcc-4.7.3/bin/../lib/gcc/msp430/4.7.3/mmpy-16/libgcc.a
LOAD /home/ape/libs/mspgcc-4.7.3/bin/../lib/gcc/msp430/4.7.3/mmpy-16/libcrt0.a
                0x0000000000000080                PROVIDE (__info_segment_size, 0x80)
                0x0000000000001000                PROVIDE (__infob, 0x1000)
                0x0000000000001080                PROVIDE (__infoa, 0x1080)
                0x0000000000000000                __IE1 = 0x0
                0x0000000000000002                __IFG1 = 0x2
                0x0000000000000004                __ME1 = 0x4
                0x0000000000000001                __IE2 = 0x1
                0x0000000000000003                __IFG2 = 0x3
                0x0000000000000005                __ME2 = 0x5
                0x0000000000000120                __WDTCTL = 0x120
                0x0000000000000130                __MPY = 0x130
                0x0000000000000132                __MPYS = 0x132
                0x0000000000000134                __MAC = 0x134
                0x0000000000000136                __MACS = 0x136
                0x0000000000000138                __OP2 = 0x138
                0x000000000000013a                __RESLO = 0x13a
                0x000000000000013c                __RESHI = 0x13c
                0x000000000000013e                __SUMEXT = 0x13e
                0x0000000000000020                __P1IN = 0x20
                0x0000000000000021                __P1OUT = 0x21
                0x0000000000000022                __P1DIR = 0x22
                0x0000000000000023                __P1IFG = 0x23
                0x0000000000000024                __P1IES = 0x24
                0x0000000000000025                __P1IE = 0x25
                0x0000000000000026                __P1SEL = 0x26
                0x0000000000000028                __P2IN = 0x28
                0x0000000000000029                __P2OUT = 0x29
                0x000000000000002a                __P2DIR = 0x2a
                0x000000000000002b                __P2IFG = 0x2b
                0x000000000000002c                __P2IES = 0x2c
                0x000000000000002d                __P2IE = 0x2d
                0x000000000000002e                __P2SEL = 0x2e
                0x0000000000000018                __P3IN = 0x18
                0x0000000000000019                __P3OUT = 0x19
                0x000000000000001a                __P3DIR = 0x1a
                0x000000000000001b                __P3SEL = 0x1b
                0x000000000000001c                __P4IN = 0x1c
                0x000000000000001d                __P4OUT = 0x1d
                0x000000000000001e                __P4DIR = 0x1e
                0x000000000000001f                __P4SEL = 0x1f
                0x0000000000000030                __P5IN = 0x30
                0x0000000000000031                __P5OUT = 0x31
                0x0000000000000032                __P5DIR = 0x32
                0x0000000000000033                __P5SEL = 0x33
                0x0000000000000034                __P6IN = 0x34
                0x0000000000000035                __P6OUT = 0x35
                0x0000000000000036                __P6DIR = 0x36
                0x0000000000000037                __P6SEL = 0x37
                0x0000000000000070                __U0CTL = 0x70
                0x0000000000000071                __U0TCTL = 0x71
                0x0000000000000072                __U0RCTL = 0x72
                0x0000000000000073                __U0MCTL = 0x73
                0x0000000000000074                __U0BR0 = 0x74
                0x0000000000000075                __U0BR1 = 0x75
                0x0000000000000076                __U0RXBUF = 0x76
                0x0000000000000077                __U0TXBUF = 0x77
                0x0000000000000078                __U1CTL = 0x78
                0x0000000000000079                __U1TCTL = 0x79
                0x000000000000007a                __U1RCTL = 0x7a
                0x000000000000007b                __U1MCTL = 0x7b
                0x000000000000007c                __U1BR0 = 0x7c
                0x000000000000007d                __U1BR1 = 0x7d
                0x000000000000007e                __U1RXBUF = 0x7e
                0x000000000000007f                __U1TXBUF = 0x7f
                0x0000000000000050                __I2CIE = 0x50
                0x0000000000000051                __I2CIFG = 0x51
                0x0000000000000052                __I2CNDAT = 0x52
                0x0000000000000071                __I2CTCTL = 0x71
                0x0000000000000072                __I2CDCTL = 0x72
                0x0000000000000073                __I2CPSC = 0x73
                0x0000000000000074                __I2CSCLH = 0x74
                0x0000000000000075                __I2CSCLL = 0x75
                0x0000000000000076                __I2CDRB = 0x76
                0x0000000000000076                __I2CDRW = 0x76
                0x0000000000000118                __I2COA = 0x118
                0x000000000000011a                __I2CSA = 0x11a
                0x000000000000011c                __I2CIV = 0x11c
                0x000000000000012e                __TAIV = 0x12e
                0x0000000000000160                __TACTL = 0x160
                0x0000000000000162                __TACCTL0 = 0x162
                0x0000000000000164                __TACCTL1 = 0x164
                0x0000000000000166                __TACCTL2 = 0x166
                0x0000000000000170                __TAR = 0x170
                0x0000000000000172                __TACCR0 = 0x172
                0x0000000000000174                __TACCR1 = 0x174
                0x0000000000000176                __TACCR2 = 0x176
                0x000000000000011e                __TBIV = 0x11e
                0x0000000000000180                __TBCTL = 0x180
                0x0000000000000182                __TBCCTL0 = 0x182
                0x0000000000000184                __TBCCTL1 = 0x184
                0x0000000000000186                __TBCCTL2 = 0x186
                0x0000000000000188                __TBCCTL3 = 0x188
                0x000000000000018a                __TBCCTL4 = 0x18a
                0x000000000000018c                __TBCCTL5 = 0x18c
                0x000000000000018e                __TBCCTL6 = 0x18e
                0x0000000000000190                __TBR = 0x190
                0x0000000000000192                __TBCCR0 = 0x192
                0x0000000000000194                __TBCCR1 = 0x194
                0x0000000000000196                __TBCCR2 = 0x196
                0x0000000000000198                __TBCCR3 = 0x198
                0x000000000000019a                __TBCCR4 = 0x19a
                0x000000000000019c                __TBCCR5 = 0x19c
                0x000000000000019e                __TBCCR6 = 0x19e
                0x0000000000000056                __DCOCTL = 0x56
                0x0000000000000057                __BCSCTL1 = 0x57
                0x0000000000000058                __BCSCTL2 = 0x58
                0x0000000000000055                __SVSCTL = 0x55
                0x0000000000000128                __FCTL1 = 0x128
                0x000000000000012a                __FCTL2 = 0x12a
                0x000000000000012c                __FCTL3 = 0x12c
                0x0000000000000059                __CACTL1 = 0x59
                0x000000000000005a                __CACTL2 = 0x5a
                0x000000000000005b                __CAPD = 0x5b
                0x00000000000001a0                __ADC12CTL0 = 0x1a0
                0x00000000000001a2                __ADC12CTL1 = 0x1a2
                0x00000000000001a4                __ADC12IFG = 0x1a4
                0x00000000000001a6                __ADC12IE = 0x1a6
                0x00000000000001a8                __ADC12IV = 0x1a8
                0x0000000000000140                __ADC12MEM0 = 0x140
                0x0000000000000142                __ADC12MEM1 = 0x142
                0x0000000000000144                __ADC12MEM2 = 0x144
                0x0000000000000146                __ADC12MEM3 = 0x146
                0x0000000000000148                __ADC12MEM4 = 0x148
                0x000000000000014a                __ADC12MEM5 = 0x14a
                0x000000000000014c                __ADC12MEM6 = 0x14c
                0x000000000000014e                __ADC12MEM7 = 0x14e
                0x0000000000000150                __ADC12MEM8 = 0x150
                0x0000000000000152                __ADC12MEM9 = 0x152
                0x0000000000000154                __ADC12MEM10 = 0x154
                0x0000000000000156                __ADC12MEM11 = 0x156
                0x0000000000000158                __ADC12MEM12 = 0x158
                0x000000000000015a                __ADC12MEM13 = 0x15a
                0x000000000000015c                __ADC12MEM14 = 0x15c
                0x000000000000015e                __ADC12MEM15 = 0x15e
                0x0000000000000080                __ADC12MCTL0 = 0x80
                0x0000000000000081                __ADC12MCTL1 = 0x81
                0x0000000000000082                __ADC12MCTL2 = 0x82
                0x0000000000000083                __ADC12MCTL3 = 0x83
                0x0000000000000084                __ADC12MCTL4 = 0x84
                0x0000000000000085                __ADC12MCTL5 = 0x85
                0x0000000000000086                __ADC12MCTL6 = 0x86
                0x0000000000000087                __ADC12MCTL7 = 0x87
                0x0000000000000088                __ADC12MCTL8 = 0x88
                0x0000000000000089                __ADC12MCTL9 = 0x89
                0x000000000000008a                __ADC12MCTL10 = 0x8a
                0x000000000000008b                __ADC12MCTL11 = 0x8b
                0x000000000000008c                __ADC12MCTL12 = 0x8c
                0x000000000000008d                __ADC12MCTL13 = 0x8d
                0x000000000000008e                __ADC12MCTL14 = 0x8e
                0x000000000000008f                __ADC12MCTL15 = 0x8f
                0x00000000000001c0                __DAC12_0CTL = 0x1c0
                0x00000000000001c2                __DAC12_1CTL = 0x1c2
                0x00000000000001c8                __DAC12_0DAT = 0x1c8
                0x00000000000001ca                __DAC12_1DAT = 0x1ca
                0x0000000000000122                __DMACTL0 = 0x122
                0x0000000000000124                __DMACTL1 = 0x124
                0x00000000000001e0                __DMA0CTL = 0x1e0
                0x00000000000001e8                __DMA1CTL = 0x1e8
                0x00000000000001f0                __DMA2CTL = 0x1f0
                0x00000000000001e2                __DMA0SA = 0x1e2
                0x00000000000001e4                __DMA0DA = 0x1e4
                0x00000000000001e6                __DMA0SZ = 0x1e6
                0x00000000000001ea                __DMA1SA = 0x1ea
                0x00000000000001ec                __DMA1DA = 0x1ec
                0x00000000000001ee                __DMA1SZ = 0x1ee
                0x00000000000001f2                __DMA2SA = 0x1f2
                0x00000000000001f4                __DMA2DA = 0x1f4
                0x00000000000001f6                __DMA2SZ = 0x1f6

.hash
 *(SORT(.hash))

.dynsym
 *(SORT(.dynsym))

.dynstr
 *(SORT(.dynstr))

.gnu.version
 *(SORT(.gnu.version))

.gnu.version_d
 *(SORT(.gnu.version_d))

.gnu.version_r
 *(SORT(.gnu.version_r))

.rel.init
 *(SORT(.rel.init))

.rela.init
 *(SORT(.rela.init))

.rel.fini
 *(SORT(.rel.fini))

.rela.fini
 *(SORT(.rela.fini))

.rel.text
 *(SORT(.rel.text) SORT(.rel.text.*) SORT(.rel.gnu.linkonce.t.*))

.rela.text
 *(SORT(.rela.text) SORT(.rela.text.*) SORT(.rela.gnu.linkonce.t.*))

.rel.rodata
 *(SORT(.rel.rodata) SORT(.rel.rodata.*) SORT(.rel.gnu.linkonce.r.*))

.rela.rodata
 *(SORT(.rela.rodata) SORT(.rela.rodata.*) SORT(.rela.gnu.linkonce.r.*))

.rel.data
 *(SORT(.rel.data) SORT(.rel.data.*) SORT(.rel.gnu.linkonce.d.*))

.rela.data
 *(SORT(.rela.data) SORT(.rela.data.*) SORT(.rela.gnu.linkonce.d.*))

.rel.bss
 *(SORT(.rel.bss) SORT(.rel.bss.*) SORT(.rel.gnu.linkonce.b.*))

.rela.bss
 *(SORT(.rela.bss) SORT(.rela.bss.*) SORT(.rela.gnu.linkonce.b.*))

.rel.ctors
 *(SORT(.rel.ctors))

.rela.ctors
 *(SORT(.rela.ctors))

.rel.dtors
 *(SORT(.rel.dtors))

.rela.dtors
 *(SORT(.rela.dtors))

.rel.got
 *(SORT(.rel.got))

.rela.got
 *(SORT(.rela.got))

.rel.plt
 *(SORT(.rel.plt))

.rela.plt
 *(SORT(.rela.plt))

.text           0x0000000000004000     0xb9e6
                0x0000000000004000                . = ALIGN (0x2)
 *(SORT(.init) SORT(.init.*))
 *(SORT(.init0))
 .init0         0x0000000000004000        0x0 /home/ape/libs/mspgcc-4.7.3/bin/../lib/gcc/msp430/4.7.3/mmpy-16/libcrt0.a(_reset_vector__.o)
                0x0000000000004000                _reset_vector__
 *(SORT(.init1))
 .init1         0x0000000000004000        0xc /home/ape/libs/mspgcc-4.7.3/bin/../lib/gcc/msp430/4.7.3/mmpy-16/libcrt0.a(__watchdog_support.o)
                0x0000000000004000                __watchdog_support
 *(SORT(.init2))
 .init2         0x000000000000400c        0x4 /home/ape/libs/mspgcc-4.7.3/bin/../lib/gcc/msp430/4.7.3/mmpy-16/libcrt0.a(__init_stack.o)
                0x000000000000400c                __init_stack
 *(SORT(.init3))
 .init3         0x0000000000004010        0x0 /home/ape/libs/mspgcc-4.7.3/bin/../lib/gcc/msp430/4.7.3/mmpy-16/libcrt0.a(__low_level_init.o)
                0x0000000000004010                __low_level_init
 *(SORT(.init4))
 .init4         0x0000000000004010       0x18 /home/ape/libs/mspgcc-4.7.3/bin/../lib/gcc/msp430/4.7.3/mmpy-16/libcrt0.a(_copy_data.o)
                0x0000000000004010                __do_copy_data
 .init4         0x0000000000004028       0x16 /home/ape/libs/mspgcc-4.7.3/bin/../lib/gcc/msp430/4.7.3/mmpy-16/libcrt0.a(_clear_bss.o)
                0x0000000000004028                __do_clear_bss
 *(SORT(.init5))
 *(SORT(.init6))
 *(SORT(.init7))
 *(SORT(.init8))
 *(SORT(.init9))
 .init9         0x000000000000403e      0x212 build/sky/obj/contiki-main.o
                0x000000000000403e                main
 *(SORT(.fini9))
 .fini9         0x0000000000004250        0x0 /home/ape/libs/mspgcc-4.7.3/bin/../lib/gcc/msp430/4.7.3/mmpy-16/libcrt0.a(__stop_progExec__.o)
                0x0000000000004250                __stop_progExec__
 *(SORT(.fini8))
 *(SORT(.fini7))
 *(SORT(.fini6))
 *(SORT(.fini5))
 *(SORT(.fini4))
 *(SORT(.fini3))
 *(SORT(.fini2))
 *(SORT(.fini1))
 *(SORT(.fini0))
 .fini0         0x0000000000004250        0x6 /home/ape/libs/mspgcc-4.7.3/bin/../lib/gcc/msp430/4.7.3/mmpy-16/libcrt0.a(_endless_loop__.o)
                0x0000000000004250                _endless_loop__
 *(SORT(.fini) SORT(.fini.*))
                0x0000000000004256                . = ALIGN (0x2)
                0x0000000000004256                __ctors_start = .
 *(SORT(.ctors))
                0x0000000000004256                __ctors_end = .
                0x0000000000004256                __dtors_start = .
 *(SORT(.dtors))
                0x0000000000004256                __dtors_end = .
                0x0000000000004256                . = ALIGN (0x2)
 *(SORT(.text) SORT(.text.*) SORT(.gnu.linkonce.t.*))
 .text          0x0000000000004256        0x4 /home/ape/libs/mspgcc-4.7.3/bin/../lib/gcc/msp430/4.7.3/mmpy-16/crt0ivtbl16.o
                0x0000000000004256                __isr_14
                0x0000000000004256                __isr_11
                0x0000000000004256                __isr_2
                0x0000000000004256                __isr_7
                0x0000000000004256                __isr_0
                0x0000000000004256                __isr_8
                0x0000000000004256                __isr_3
                0x0000000000004256                __isr_13
                0x0000000000004256                __isr_9
 .text.autostart_start
                0x000000000000425a       0x16 build/sky/obj/autostart.o
                0x000000000000425a                autostart_start
 .text.status   0x0000000000004270       0x18 build/sky/obj/button-sensor.o
 .text.value    0x0000000000004288       0x20 build/sky/obj/button-sensor.o
 .text.configure
                0x00000000000042a8       0x4c build/sky/obj/button-sensor.o
 .text.irq_p2   0x00000000000042f4       0x46 build/sky/obj/button-sensor.o
                0x00000000000042f4                irq_p2
                0x00000000000042f4                __isr_1
 .text.cc2420_timerb1_interrupt
                0x000000000000433a       0x26 build/sky/obj/cc2420-arch-sfd.o
                0x000000000000433a                cc2420_timerb1_interrupt
                0x000000000000433a                __isr_12
 .text.cc2420_port1_interrupt
                0x0000000000004360       0x20 build/sky/obj/cc2420-arch.o
                0x0000000000004360                __isr_4
                0x0000000000004360                cc2420_port1_interrupt
 .text.cc2420_arch_init
                0x0000000000004380       0x1a build/sky/obj/cc2420-arch.o
                0x0000000000004380                cc2420_arch_init
 .text.get_object
                0x000000000000439a        0x4 build/sky/obj/cc2420.o
 .text.set_object
                0x000000000000439e        0x4 build/sky/obj/cc2420.o
 .text.strobe   0x00000000000043a2       0x1c build/sky/obj/cc2420.o
 .text.getreg   0x00000000000043be       0x4c build/sky/obj/cc2420.o
 .text.setreg   0x000000000000440a       0x4c build/sky/obj/cc2420.o
 .text.write_ram
                0x0000000000004456       0x7c build/sky/obj/cc2420.o
 .text.write_fifo_buf
                0x00000000000044d2       0x3c build/sky/obj/cc2420.o
 .text.get_status
                0x000000000000450e       0x20 build/sky/obj/cc2420.o
 .text.on       0x000000000000452e       0x1a build/sky/obj/cc2420.o
 .text.cc2420_receiving_packet
                0x0000000000004548        0xc build/sky/obj/cc2420.o
 .text.pending_packet
                0x0000000000004554        0x8 build/sky/obj/cc2420.o
 .text.wait_for_transmission
                0x000000000000455c       0x22 build/sky/obj/cc2420.o
 .text.wait_for_status
                0x000000000000457e       0x28 build/sky/obj/cc2420.o
 .text.getrxdata
                0x00000000000045a6       0x50 build/sky/obj/cc2420.o
 .text.flushrx  0x00000000000045f6       0x1a build/sky/obj/cc2420.o
 .text.off      0x0000000000004610       0x28 build/sky/obj/cc2420.o
 .text.RELEASE_LOCK
                0x0000000000004638       0x28 build/sky/obj/cc2420.o
 .text.set_key  0x0000000000004660       0x18 build/sky/obj/cc2420.o
 .text.set_frame_filtering
                0x0000000000004678       0x30 build/sky/obj/cc2420.o
 .text.set_auto_ack
                0x00000000000046a8       0x30 build/sky/obj/cc2420.o
 .text.set_poll_mode
                0x00000000000046d8       0x2c build/sky/obj/cc2420.o
 .text.cc2420_prepare
                0x0000000000004704       0x46 build/sky/obj/cc2420.o
 .text.cc2420_on
                0x000000000000474a       0x22 build/sky/obj/cc2420.o
                0x000000000000474a                cc2420_on
 .text.cc2420_transmit
                0x000000000000476c       0x66 build/sky/obj/cc2420.o
 .text.cc2420_send
                0x00000000000047d2       0x12 build/sky/obj/cc2420.o
 .text.cc2420_off
                0x00000000000047e4       0x30 build/sky/obj/cc2420.o
                0x00000000000047e4                cc2420_off
 .text.cc2420_cca
                0x0000000000004814       0x68 build/sky/obj/cc2420.o
 .text.cc2420_read
                0x000000000000487c       0xbe build/sky/obj/cc2420.o
 .text.process_thread_cc2420_process
                0x000000000000493a       0x56 build/sky/obj/cc2420.o
 .text.encrypt  0x0000000000004990       0x88 build/sky/obj/cc2420.o
 .text.cc2420_set_channel
                0x0000000000004a18       0x3c build/sky/obj/cc2420.o
                0x0000000000004a18                cc2420_set_channel
 .text.cc2420_set_pan_addr
                0x0000000000004a54       0x4c build/sky/obj/cc2420.o
                0x0000000000004a54                cc2420_set_pan_addr
 .text.cc2420_interrupt
                0x0000000000004aa0       0x16 build/sky/obj/cc2420.o
                0x0000000000004aa0                cc2420_interrupt
 .text.cc2420_set_txpower
                0x0000000000004ab6       0x2c build/sky/obj/cc2420.o
                0x0000000000004ab6                cc2420_set_txpower
 .text.cc2420_get_txpower
                0x0000000000004ae2       0x1e build/sky/obj/cc2420.o
                0x0000000000004ae2                cc2420_get_txpower
 .text.cc2420_rssi
                0x0000000000004b00       0x4c build/sky/obj/cc2420.o
                0x0000000000004b00                cc2420_rssi
 .text.get_value
                0x0000000000004b4c      0x11e build/sky/obj/cc2420.o
 .text.cc2420_set_cca_threshold
                0x0000000000004c6a       0x16 build/sky/obj/cc2420.o
                0x0000000000004c6a                cc2420_set_cca_threshold
 .text.set_value
                0x0000000000004c80      0x150 build/sky/obj/cc2420.o
 .text.cc2420_init
                0x0000000000004dd0       0xea build/sky/obj/cc2420.o
                0x0000000000004dd0                cc2420_init
 .text.timera1  0x0000000000004eba       0xdc build/sky/obj/clock.o
                0x0000000000004eba                __isr_5
                0x0000000000004eba                timera1
 .text.clock_time
                0x0000000000004f96       0x1a build/sky/obj/clock.o
                0x0000000000004f96                clock_time
 .text.clock_init
                0x0000000000004fb0       0x28 build/sky/obj/clock.o
                0x0000000000004fb0                clock_init
 .text.clock_delay
                0x0000000000004fd8        0xc build/sky/obj/clock.o
                0x0000000000004fd8                clock_delay
 .text.clock_seconds
                0x0000000000004fe4       0x1a build/sky/obj/clock.o
                0x0000000000004fe4                clock_seconds
 .text.init_platform
                0x0000000000004ffe        0xc build/sky/obj/contiki-sky-platform.o
                0x0000000000004ffe                init_platform
 .text.schedule_transmission
                0x000000000000500a       0x70 build/sky/obj/csma-output.o
 .text.tx_done  0x000000000000507a       0x9a build/sky/obj/csma-output.o
 .text.transmit_from_queue
                0x0000000000005114      0x1c0 build/sky/obj/csma-output.o
 .text.csma_output_packet
                0x00000000000052d4      0x158 build/sky/obj/csma-output.o
                0x00000000000052d4                csma_output_packet
 .text.csma_output_init
                0x000000000000542c       0x1a build/sky/obj/csma-output.o
                0x000000000000542c                csma_output_init
 .text.csma_security_create_frame
                0x0000000000005446       0x10 build/sky/obj/csma-security.o
                0x0000000000005446                csma_security_create_frame
 .text.csma_security_parse_frame
                0x0000000000005456        0x6 build/sky/obj/csma-security.o
                0x0000000000005456                csma_security_parse_frame
 .text.on       0x000000000000545c        0x6 build/sky/obj/csma.o
 .text.off      0x0000000000005462        0x6 build/sky/obj/csma.o
 .text.max_payload
                0x0000000000005468       0x38 build/sky/obj/csma.o
 .text.send_packet
                0x00000000000054a0        0x6 build/sky/obj/csma.o
 .text.input_packet
                0x00000000000054a6       0x58 build/sky/obj/csma.o
 .text.init     0x00000000000054fe       0x20 build/sky/obj/csma.o
 .text.process_thread_ctimer_process
                0x000000000000551e       0xa8 build/sky/obj/ctimer.o
 .text.ctimer_init
                0x00000000000055c6       0x18 build/sky/obj/ctimer.o
                0x00000000000055c6                ctimer_init
 .text.ctimer_set_with_process
                0x00000000000055de       0x4e build/sky/obj/ctimer.o
                0x00000000000055de                ctimer_set_with_process
 .text.ctimer_set
                0x000000000000562c       0x10 build/sky/obj/ctimer.o
                0x000000000000562c                ctimer_set
 .text.ctimer_reset
                0x000000000000563c       0x30 build/sky/obj/ctimer.o
                0x000000000000563c                ctimer_reset
 .text.ctimer_stop
                0x000000000000566c       0x28 build/sky/obj/ctimer.o
                0x000000000000566c                ctimer_stop
 .text.ctimer_expired
                0x0000000000005694       0x30 build/sky/obj/ctimer.o
                0x0000000000005694                ctimer_expired
 .text.owreadb  0x00000000000056c4       0x50 build/sky/obj/ds2411.o
 .text.ds2411_init
                0x0000000000005714      0x120 build/sky/obj/ds2411.o
                0x0000000000005714                ds2411_init
 .text.energest_init
                0x0000000000005834        0x2 build/sky/obj/energest.o
                0x0000000000005834                energest_init
 .text.energest_flush
                0x0000000000005836        0x2 build/sky/obj/energest.o
                0x0000000000005836                energest_flush
 .text.update_time
                0x0000000000005838       0x78 build/sky/obj/etimer.o
 .text.etimer_request_poll
                0x00000000000058b0        0xa build/sky/obj/etimer.o
                0x00000000000058b0                etimer_request_poll
 .text.process_thread_etimer_process
                0x00000000000058ba       0xcc build/sky/obj/etimer.o
 .text.add_timer
                0x0000000000005986       0x40 build/sky/obj/etimer.o
 .text.etimer_set
                0x00000000000059c6       0x12 build/sky/obj/etimer.o
                0x00000000000059c6                etimer_set
 .text.etimer_reset
                0x00000000000059d8       0x12 build/sky/obj/etimer.o
                0x00000000000059d8                etimer_reset
 .text.etimer_expired
                0x00000000000059ea        0xe build/sky/obj/etimer.o
                0x00000000000059ea                etimer_expired
 .text.etimer_pending
                0x00000000000059f8        0xc build/sky/obj/etimer.o
                0x00000000000059f8                etimer_pending
 .text.etimer_next_expiration_time
                0x0000000000005a04       0x16 build/sky/obj/etimer.o
                0x0000000000005a04                etimer_next_expiration_time
 .text.etimer_stop
                0x0000000000005a1a       0x3e build/sky/obj/etimer.o
                0x0000000000005a1a                etimer_stop
 .text.frame802154_get_pan_id
                0x0000000000005a58        0x6 build/sky/obj/frame802154.o
                0x0000000000005a58                frame802154_get_pan_id
 .text.frame802154_has_panid
                0x0000000000005a5e       0xe0 build/sky/obj/frame802154.o
                0x0000000000005a5e                frame802154_has_panid
 .text.field_len
                0x0000000000005b3e       0xac build/sky/obj/frame802154.o
 .text.frame802154_is_broadcast_addr
                0x0000000000005bea       0x28 build/sky/obj/frame802154.o
                0x0000000000005bea                frame802154_is_broadcast_addr
 .text.frame802154_hdrlen
                0x0000000000005c12       0x32 build/sky/obj/frame802154.o
                0x0000000000005c12                frame802154_hdrlen
 .text.frame802154_create_fcf
                0x0000000000005c44       0x96 build/sky/obj/frame802154.o
                0x0000000000005c44                frame802154_create_fcf
 .text.frame802154_create
                0x0000000000005cda       0xe4 build/sky/obj/frame802154.o
                0x0000000000005cda                frame802154_create
 .text.frame802154_parse_fcf
                0x0000000000005dbe       0xbc build/sky/obj/frame802154.o
                0x0000000000005dbe                frame802154_parse_fcf
 .text.frame802154_parse
                0x0000000000005e7a      0x168 build/sky/obj/frame802154.o
                0x0000000000005e7a                frame802154_parse
 .text.parse    0x0000000000005fe2       0xa2 build/sky/obj/framer-802154.o
 .text.framer_802154_setup_params
                0x0000000000006084       0xb8 build/sky/obj/framer-802154.o
                0x0000000000006084                framer_802154_setup_params
 .text.create_frame
                0x000000000000613c       0xa2 build/sky/obj/framer-802154.o
 .text.create   0x00000000000061de        0x8 build/sky/obj/framer-802154.o
 .text.hdr_length
                0x00000000000061e6        0x8 build/sky/obj/framer-802154.o
 .text.process_thread_hello_world_process
                0x00000000000061ee       0x5a build/sky/obj/hello-world.o
 .text.leds_arch_init
                0x0000000000006248        0xe build/sky/obj/leds-arch.o
                0x0000000000006248                leds_arch_init
 .text.leds_arch_get
                0x0000000000006256       0x34 build/sky/obj/leds-arch.o
                0x0000000000006256                leds_arch_get
 .text.leds_arch_set
                0x000000000000628a       0x3e build/sky/obj/leds-arch.o
                0x000000000000628a                leds_arch_set
 .text.leds_init
                0x00000000000062c8        0x6 build/sky/obj/leds.o
                0x00000000000062c8                leds_init
 .text.leds_on  0x00000000000062ce       0x12 build/sky/obj/leds.o
                0x00000000000062ce                leds_on
 .text.leds_off
                0x00000000000062e0       0x12 build/sky/obj/leds.o
                0x00000000000062e0                leds_off
 .text.periodic
                0x00000000000062f2       0x28 build/sky/obj/link-stats.o
 .text.link_stats_from_lladdr
                0x000000000000631a        0xc build/sky/obj/link-stats.o
                0x000000000000631a                link_stats_from_lladdr
 .text.link_stats_is_fresh
                0x0000000000006326       0x30 build/sky/obj/link-stats.o
                0x0000000000006326                link_stats_is_fresh
 .text.link_stats_packet_sent
                0x0000000000006356       0xf4 build/sky/obj/link-stats.o
                0x0000000000006356                link_stats_packet_sent
 .text.link_stats_input_callback
                0x000000000000644a      0x106 build/sky/obj/link-stats.o
                0x000000000000644a                link_stats_input_callback
 .text.link_stats_reset
                0x0000000000006550       0x2a build/sky/obj/link-stats.o
                0x0000000000006550                link_stats_reset
 .text.link_stats_init
                0x000000000000657a       0x22 build/sky/obj/link-stats.o
                0x000000000000657a                link_stats_init
 .text.linkaddr_copy
                0x000000000000659c        0x8 build/sky/obj/linkaddr.o
                0x000000000000659c                linkaddr_copy
 .text.linkaddr_cmp
                0x00000000000065a4       0x12 build/sky/obj/linkaddr.o
                0x00000000000065a4                linkaddr_cmp
 .text.linkaddr_set_node_addr
                0x00000000000065b6        0xc build/sky/obj/linkaddr.o
                0x00000000000065b6                linkaddr_set_node_addr
 .text.list_init
                0x00000000000065c2        0x6 build/sky/obj/list.o
                0x00000000000065c2                list_init
 .text.list_head
                0x00000000000065c8        0x4 build/sky/obj/list.o
                0x00000000000065c8                list_head
 .text.list_tail
                0x00000000000065cc       0x12 build/sky/obj/list.o
                0x00000000000065cc                list_tail
 .text.list_remove
                0x00000000000065de       0x34 build/sky/obj/list.o
                0x00000000000065de                list_remove
 .text.list_push
                0x0000000000006612       0x1a build/sky/obj/list.o
                0x0000000000006612                list_push
 .text.list_add
                0x000000000000662c       0x2a build/sky/obj/list.o
                0x000000000000662c                list_add
 .text.list_length
                0x0000000000006656       0x10 build/sky/obj/list.o
                0x0000000000006656                list_length
 .text.list_item_next
                0x0000000000006666        0xc build/sky/obj/list.o
                0x0000000000006666                list_item_next
 .text.log_6addr
                0x0000000000006672       0x32 build/sky/obj/log.o
                0x0000000000006672                log_6addr
 .text.log_lladdr
                0x00000000000066a4       0x44 build/sky/obj/log.o
                0x00000000000066a4                log_lladdr
 .text.log_set_level
                0x00000000000066e8       0x58 build/sky/obj/log.o
                0x00000000000066e8                log_set_level
 .text.log_get_level
                0x0000000000006740       0x48 build/sky/obj/log.o
                0x0000000000006740                log_get_level
 .text.log_level_to_str
                0x0000000000006788       0x14 build/sky/obj/log.o
                0x0000000000006788                log_level_to_str
 .text.mac_sequence_init
                0x000000000000679c        0xa build/sky/obj/mac-sequence.o
                0x000000000000679c                mac_sequence_init
 .text.mac_sequence_set_dsn
                0x00000000000067a6       0x18 build/sky/obj/mac-sequence.o
                0x00000000000067a6                mac_sequence_set_dsn
 .text.mac_sequence_is_duplicate
                0x00000000000067be       0x84 build/sky/obj/mac-sequence.o
                0x00000000000067be                mac_sequence_is_duplicate
 .text.mac_sequence_register_seqno
                0x0000000000006842       0x90 build/sky/obj/mac-sequence.o
                0x0000000000006842                mac_sequence_register_seqno
 .text.mac_call_sent_callback
                0x00000000000068d2       0x14 build/sky/obj/mac.o
                0x00000000000068d2                mac_call_sent_callback
 .text.memb_init
                0x00000000000068e6       0x36 build/sky/obj/memb.o
                0x00000000000068e6                memb_init
 .text.memb_alloc
                0x000000000000691c       0x3e build/sky/obj/memb.o
                0x000000000000691c                memb_alloc
 .text.memb_free
                0x000000000000695a       0x32 build/sky/obj/memb.o
                0x000000000000695a                memb_free
 .text.memb_inmemb
                0x000000000000698c       0x2a build/sky/obj/memb.o
                0x000000000000698c                memb_inmemb
 .text.memb_numfree
                0x00000000000069b6       0x26 build/sky/obj/memb.o
                0x00000000000069b6                memb_numfree
 .text.msp430_init_dco
                0x00000000000069dc       0x82 build/sky/obj/msp430.o
                0x00000000000069dc                msp430_init_dco
 .text.msp430_add_lpm_req
                0x0000000000006a5e        0xc build/sky/obj/msp430.o
                0x0000000000006a5e                msp430_add_lpm_req
 .text.msp430_cpu_init
                0x0000000000006a6a       0x2a build/sky/obj/msp430.o
                0x0000000000006a6a                msp430_cpu_init
 .text.splhigh_
                0x0000000000006a94        0xa build/sky/obj/msp430.o
                0x0000000000006a94                splhigh_
 .text.msp430_sync_dco
                0x0000000000006a9e       0x6c build/sky/obj/msp430.o
                0x0000000000006a9e                msp430_sync_dco
 .text.item_from_index
                0x0000000000006b0a       0x2a build/sky/obj/nbr-table.o
 .text.index_from_key
                0x0000000000006b34       0x26 build/sky/obj/nbr-table.o
 .text.index_from_item
                0x0000000000006b5a       0x1e build/sky/obj/nbr-table.o
 .text.nbr_set_bit
                0x0000000000006b78       0x58 build/sky/obj/nbr-table.o
 .text.index_from_lladdr
                0x0000000000006bd0       0x42 build/sky/obj/nbr-table.o
 .text.nbr_get_bit.constprop.3
                0x0000000000006c12       0x2e build/sky/obj/nbr-table.o
 .text.remove_key
                0x0000000000006c40       0x84 build/sky/obj/nbr-table.o
 .text.nbr_table_is_registered
                0x0000000000006cc4       0x22 build/sky/obj/nbr-table.o
                0x0000000000006cc4                nbr_table_is_registered
 .text.nbr_table_register
                0x0000000000006ce6       0x40 build/sky/obj/nbr-table.o
                0x0000000000006ce6                nbr_table_register
 .text.nbr_table_next
                0x0000000000006d26       0x54 build/sky/obj/nbr-table.o
                0x0000000000006d26                nbr_table_next
 .text.nbr_table_head
                0x0000000000006d7a       0x3a build/sky/obj/nbr-table.o
                0x0000000000006d7a                nbr_table_head
 .text.nbr_table_get_from_lladdr
                0x0000000000006db4       0x2c build/sky/obj/nbr-table.o
                0x0000000000006db4                nbr_table_get_from_lladdr
 .text.entry_is_allowed.isra.2
                0x0000000000006de0       0x80 build/sky/obj/nbr-table.o
 .text.nbr_table_add_lladdr
                0x0000000000006e60       0xc2 build/sky/obj/nbr-table.o
                0x0000000000006e60                nbr_table_add_lladdr
 .text.nbr_table_remove
                0x0000000000006f22       0x32 build/sky/obj/nbr-table.o
                0x0000000000006f22                nbr_table_remove
 .text.nbr_table_lock
                0x0000000000006f54       0x10 build/sky/obj/nbr-table.o
                0x0000000000006f54                nbr_table_lock
 .text.nbr_table_unlock
                0x0000000000006f64       0x10 build/sky/obj/nbr-table.o
                0x0000000000006f64                nbr_table_unlock
 .text.nbr_table_get_lladdr
                0x0000000000006f74       0x22 build/sky/obj/nbr-table.o
                0x0000000000006f74                nbr_table_get_lladdr
 .text.netstack_process_ip_callback
                0x0000000000006f96       0x4e build/sky/obj/netstack.o
                0x0000000000006f96                netstack_process_ip_callback
 .text.netstack_init
                0x0000000000006fe4        0xe build/sky/obj/netstack.o
                0x0000000000006fe4                netstack_init
 .text.node_id_init
                0x0000000000006ff2       0x14 build/sky/obj/node-id.o
                0x0000000000006ff2                node_id_init
 .text.packetbuf_hdrreduce
                0x0000000000007006       0x1a build/sky/obj/packetbuf.o
                0x0000000000007006                packetbuf_hdrreduce
 .text.packetbuf_set_datalen
                0x0000000000007020        0x6 build/sky/obj/packetbuf.o
                0x0000000000007020                packetbuf_set_datalen
 .text.packetbuf_hdrptr
                0x0000000000007026        0x6 build/sky/obj/packetbuf.o
                0x0000000000007026                packetbuf_hdrptr
 .text.packetbuf_datalen
                0x000000000000702c        0x6 build/sky/obj/packetbuf.o
                0x000000000000702c                packetbuf_datalen
 .text.packetbuf_hdrlen
                0x0000000000007032        0xa build/sky/obj/packetbuf.o
                0x0000000000007032                packetbuf_hdrlen
 .text.packetbuf_dataptr
                0x000000000000703c        0xc build/sky/obj/packetbuf.o
                0x000000000000703c                packetbuf_dataptr
 .text.packetbuf_copyto
                0x0000000000007048       0x46 build/sky/obj/packetbuf.o
                0x0000000000007048                packetbuf_copyto
 .text.packetbuf_totlen
                0x000000000000708e        0xc build/sky/obj/packetbuf.o
                0x000000000000708e                packetbuf_totlen
 .text.packetbuf_hdralloc
                0x000000000000709a       0x3c build/sky/obj/packetbuf.o
                0x000000000000709a                packetbuf_hdralloc
 .text.packetbuf_attr_clear
                0x00000000000070d6       0x28 build/sky/obj/packetbuf.o
                0x00000000000070d6                packetbuf_attr_clear
 .text.packetbuf_clear
                0x00000000000070fe       0x12 build/sky/obj/packetbuf.o
                0x00000000000070fe                packetbuf_clear
 .text.packetbuf_copyfrom
                0x0000000000007110       0x2e build/sky/obj/packetbuf.o
                0x0000000000007110                packetbuf_copyfrom
 .text.packetbuf_attr_copyto
                0x000000000000713e       0x22 build/sky/obj/packetbuf.o
                0x000000000000713e                packetbuf_attr_copyto
 .text.packetbuf_attr_copyfrom
                0x0000000000007160       0x24 build/sky/obj/packetbuf.o
                0x0000000000007160                packetbuf_attr_copyfrom
 .text.packetbuf_set_attr
                0x0000000000007184        0xc build/sky/obj/packetbuf.o
                0x0000000000007184                packetbuf_set_attr
 .text.packetbuf_attr
                0x0000000000007190        0xa build/sky/obj/packetbuf.o
                0x0000000000007190                packetbuf_attr
 .text.packetbuf_set_addr
                0x000000000000719a       0x18 build/sky/obj/packetbuf.o
                0x000000000000719a                packetbuf_set_addr
 .text.packetbuf_addr
                0x00000000000071b2       0x12 build/sky/obj/packetbuf.o
                0x00000000000071b2                packetbuf_addr
 .text.packetbuf_holds_broadcast
                0x00000000000071c4        0xe build/sky/obj/packetbuf.o
                0x00000000000071c4                packetbuf_holds_broadcast
 .text.platform_init_stage_one
                0x00000000000071d2       0x12 build/sky/obj/platform.o
                0x00000000000071d2                platform_init_stage_one
 .text.platform_init_stage_two
                0x00000000000071e4       0x64 build/sky/obj/platform.o
                0x00000000000071e4                platform_init_stage_two
 .text.platform_init_stage_three
                0x0000000000007248       0x7a build/sky/obj/platform.o
                0x0000000000007248                platform_init_stage_three
 .text.platform_idle
                0x00000000000072c2       0x54 build/sky/obj/platform.o
                0x00000000000072c2                platform_idle
 .text.call_process
                0x0000000000007316       0x46 build/sky/obj/process.o
 .text.exit_process
                0x000000000000735c       0x96 build/sky/obj/process.o
 .text.do_poll  0x00000000000073f2       0x30 build/sky/obj/process.o
 .text.process_alloc_event
                0x0000000000007422        0xe build/sky/obj/process.o
                0x0000000000007422                process_alloc_event
 .text.process_init
                0x0000000000007430       0x18 build/sky/obj/process.o
                0x0000000000007430                process_init
 .text.process_run
                0x0000000000007448       0x92 build/sky/obj/process.o
                0x0000000000007448                process_run
 .text.process_nevents
                0x00000000000074da        0xe build/sky/obj/process.o
                0x00000000000074da                process_nevents
 .text.process_post
                0x00000000000074e8       0x42 build/sky/obj/process.o
                0x00000000000074e8                process_post
 .text.process_post_synch
                0x000000000000752a       0x12 build/sky/obj/process.o
                0x000000000000752a                process_post_synch
 .text.process_start
                0x000000000000753c       0x36 build/sky/obj/process.o
                0x000000000000753c                process_start
 .text.process_poll
                0x0000000000007572       0x18 build/sky/obj/process.o
                0x0000000000007572                process_poll
 .text.queuebuf_init
                0x000000000000758a       0x12 build/sky/obj/queuebuf.o
                0x000000000000758a                queuebuf_init
 .text.queuebuf_numfree
                0x000000000000759c        0xa build/sky/obj/queuebuf.o
                0x000000000000759c                queuebuf_numfree
 .text.queuebuf_new_from_packetbuf
                0x00000000000075a6       0x52 build/sky/obj/queuebuf.o
                0x00000000000075a6                queuebuf_new_from_packetbuf
 .text.queuebuf_update_attr_from_packetbuf
                0x00000000000075f8       0x12 build/sky/obj/queuebuf.o
                0x00000000000075f8                queuebuf_update_attr_from_packetbuf
 .text.queuebuf_free
                0x000000000000760a       0x2a build/sky/obj/queuebuf.o
                0x000000000000760a                queuebuf_free
 .text.queuebuf_to_packetbuf
                0x0000000000007634       0x32 build/sky/obj/queuebuf.o
                0x0000000000007634                queuebuf_to_packetbuf
 .text.random_init
                0x0000000000007666        0x6 build/sky/obj/random.o
                0x0000000000007666                random_init
 .text.random_rand
                0x000000000000766c        0x6 build/sky/obj/random.o
                0x000000000000766c                random_rand
 .text.rpl_dag_root_set_prefix
                0x0000000000007672       0x62 build/sky/obj/rpl-dag-root.o
                0x0000000000007672                rpl_dag_root_set_prefix
 .text.rpl_dag_root_start
                0x00000000000076d4       0x8e build/sky/obj/rpl-dag-root.o
                0x00000000000076d4                rpl_dag_root_start
 .text.rpl_dag_root_is_root
                0x0000000000007762       0x14 build/sky/obj/rpl-dag-root.o
                0x0000000000007762                rpl_dag_root_is_root
 .text.init_dag
                0x0000000000007776       0x84 build/sky/obj/rpl-dag.o
 .text.process_dio_init_dag
                0x00000000000077fa       0xb0 build/sky/obj/rpl-dag.o
 .text.rpl_dag_get_root_ipaddr
                0x00000000000078aa       0x1e build/sky/obj/rpl-dag.o
                0x00000000000078aa                rpl_dag_get_root_ipaddr
 .text.rpl_dag_leave
                0x00000000000078c8       0x4a build/sky/obj/rpl-dag.o
                0x00000000000078c8                rpl_dag_leave
 .text.rpl_dag_poison_and_leave
                0x0000000000007912        0xc build/sky/obj/rpl-dag.o
                0x0000000000007912                rpl_dag_poison_and_leave
 .text.rpl_dag_periodic
                0x000000000000791e       0x6a build/sky/obj/rpl-dag.o
                0x000000000000791e                rpl_dag_periodic
 .text.rpl_is_addr_in_our_dag
                0x0000000000007988       0x34 build/sky/obj/rpl-dag.o
                0x0000000000007988                rpl_is_addr_in_our_dag
 .text.rpl_refresh_routes
                0x00000000000079bc       0x20 build/sky/obj/rpl-dag.o
                0x00000000000079bc                rpl_refresh_routes
 .text.rpl_local_repair
                0x00000000000079dc       0x2a build/sky/obj/rpl-dag.o
                0x00000000000079dc                rpl_local_repair
 .text.rpl_global_repair
                0x0000000000007a06       0x2e build/sky/obj/rpl-dag.o
                0x0000000000007a06                rpl_global_repair
 .text.rpl_dag_ready_to_advertise
                0x0000000000007a34       0x22 build/sky/obj/rpl-dag.o
                0x0000000000007a34                rpl_dag_ready_to_advertise
 .text.rpl_dag_update_state
                0x0000000000007a56      0x140 build/sky/obj/rpl-dag.o
                0x0000000000007a56                rpl_dag_update_state
 .text.rpl_process_dio
                0x0000000000007b96      0x1b6 build/sky/obj/rpl-dag.o
                0x0000000000007b96                rpl_process_dio
 .text.rpl_process_dis
                0x0000000000007d4c       0x2a build/sky/obj/rpl-dag.o
                0x0000000000007d4c                rpl_process_dis
 .text.rpl_process_dao
                0x0000000000007d76       0x6c build/sky/obj/rpl-dag.o
                0x0000000000007d76                rpl_process_dao
 .text.rpl_process_dao_ack
                0x0000000000007de2       0x54 build/sky/obj/rpl-dag.o
                0x0000000000007de2                rpl_process_dao_ack
 .text.rpl_process_hbh
                0x0000000000007e36       0x2e build/sky/obj/rpl-dag.o
                0x0000000000007e36                rpl_process_hbh
 .text.rpl_dag_init_root
                0x0000000000007e64       0xbc build/sky/obj/rpl-dag.o
                0x0000000000007e64                rpl_dag_init_root
 .text.rpl_dag_init
                0x0000000000007f20       0x10 build/sky/obj/rpl-dag.o
                0x0000000000007f20                rpl_dag_init
 .text.update_hbh_header
                0x0000000000007f30       0x4a build/sky/obj/rpl-ext-header.o
 .text.rpl_ext_header_srh_get_next_hop
                0x0000000000007f7a       0x84 build/sky/obj/rpl-ext-header.o
                0x0000000000007f7a                rpl_ext_header_srh_get_next_hop
 .text.rpl_ext_header_srh_update
                0x0000000000007ffe      0x118 build/sky/obj/rpl-ext-header.o
                0x0000000000007ffe                rpl_ext_header_srh_update
 .text.rpl_ext_header_hbh_update
                0x0000000000008116       0x9e build/sky/obj/rpl-ext-header.o
                0x0000000000008116                rpl_ext_header_hbh_update
 .text.rpl_ext_header_remove
                0x00000000000081b4       0xcc build/sky/obj/rpl-ext-header.o
                0x00000000000081b4                rpl_ext_header_remove
 .text.rpl_ext_header_update
                0x0000000000008280      0x2aa build/sky/obj/rpl-ext-header.o
                0x0000000000008280                rpl_ext_header_update
 .text.get32    0x000000000000852a       0x46 build/sky/obj/rpl-icmp6.o
 .text.set32    0x0000000000008570       0x2a build/sky/obj/rpl-icmp6.o
 .text.get16    0x000000000000859a        0xe build/sky/obj/rpl-icmp6.o
 .text.set16    0x00000000000085a8       0x10 build/sky/obj/rpl-icmp6.o
 .text.dao_ack_input
                0x00000000000085b8       0x30 build/sky/obj/rpl-icmp6.o
 .text.dao_input
                0x00000000000085e8      0x13c build/sky/obj/rpl-icmp6.o
 .text.dio_input
                0x0000000000008724      0x29c build/sky/obj/rpl-icmp6.o
 .text.dis_input
                0x00000000000089c0       0x1e build/sky/obj/rpl-icmp6.o
 .text.rpl_icmp6_update_nbr_table
                0x00000000000089de       0x36 build/sky/obj/rpl-icmp6.o
                0x00000000000089de                rpl_icmp6_update_nbr_table
 .text.rpl_icmp6_dis_output
                0x0000000000008a14       0x34 build/sky/obj/rpl-icmp6.o
                0x0000000000008a14                rpl_icmp6_dis_output
 .text.rpl_icmp6_dio_output
                0x0000000000008a48      0x23a build/sky/obj/rpl-icmp6.o
                0x0000000000008a48                rpl_icmp6_dio_output
 .text.rpl_icmp6_dao_output
                0x0000000000008c82       0xe2 build/sky/obj/rpl-icmp6.o
                0x0000000000008c82                rpl_icmp6_dao_output
 .text.rpl_icmp6_dao_ack_output
                0x0000000000008d64       0x4e build/sky/obj/rpl-icmp6.o
                0x0000000000008d64                rpl_icmp6_dao_ack_output
 .text.rpl_icmp6_init
                0x0000000000008db2       0x22 build/sky/obj/rpl-icmp6.o
                0x0000000000008db2                rpl_icmp6_init
 .text.reset    0x0000000000008dd4        0x2 build/sky/obj/rpl-mrhof.o
 .text.update_metric_container
                0x0000000000008dd6        0x6 build/sky/obj/rpl-mrhof.o
 .text.nbr_link_metric
                0x0000000000008ddc       0x12 build/sky/obj/rpl-mrhof.o
 .text.nbr_has_usable_link
                0x0000000000008dee       0x14 build/sky/obj/rpl-mrhof.o
 .text.nbr_path_cost
                0x0000000000008e02       0x38 build/sky/obj/rpl-mrhof.o
 .text.within_hysteresis
                0x0000000000008e3a       0x54 build/sky/obj/rpl-mrhof.o
 .text.nbr_is_acceptable_parent
                0x0000000000008e8e       0x2c build/sky/obj/rpl-mrhof.o
 .text.rank_via_nbr
                0x0000000000008eba       0x48 build/sky/obj/rpl-mrhof.o
 .text.best_parent
                0x0000000000008f02       0x7c build/sky/obj/rpl-mrhof.o
 .text.get_rank
                0x0000000000008f7e       0x16 build/sky/obj/rpl-nbr-policy.o
 .text.rpl_nbr_gc_get_worst
                0x0000000000008f94       0x28 build/sky/obj/rpl-nbr-policy.o
                0x0000000000008f94                rpl_nbr_gc_get_worst
 .text.remove_neighbor
                0x0000000000008fbc       0x24 build/sky/obj/rpl-neighbor.o
 .text.rpl_neighbor_count
                0x0000000000008fe0       0x2c build/sky/obj/rpl-neighbor.o
                0x0000000000008fe0                rpl_neighbor_count
 .text.rpl_neighbor_get_from_lladdr
                0x000000000000900c        0xc build/sky/obj/rpl-neighbor.o
                0x000000000000900c                rpl_neighbor_get_from_lladdr
 .text.rpl_neighbor_is_acceptable_parent
                0x0000000000009018       0x18 build/sky/obj/rpl-neighbor.o
                0x0000000000009018                rpl_neighbor_is_acceptable_parent
 .text.rpl_neighbor_get_link_metric
                0x0000000000009030       0x18 build/sky/obj/rpl-neighbor.o
                0x0000000000009030                rpl_neighbor_get_link_metric
 .text.rpl_neighbor_rank_via_nbr
                0x0000000000009048       0x18 build/sky/obj/rpl-neighbor.o
                0x0000000000009048                rpl_neighbor_rank_via_nbr
 .text.rpl_neighbor_get_lladdr
                0x0000000000009060        0xc build/sky/obj/rpl-neighbor.o
                0x0000000000009060                rpl_neighbor_get_lladdr
 .text.rpl_neighbor_get_ipaddr
                0x000000000000906c        0xa build/sky/obj/rpl-neighbor.o
                0x000000000000906c                rpl_neighbor_get_ipaddr
 .text.rpl_neighbor_get_link_stats
                0x0000000000009076        0xa build/sky/obj/rpl-neighbor.o
                0x0000000000009076                rpl_neighbor_get_link_stats
 .text.rpl_neighbor_is_fresh
                0x0000000000009080        0xa build/sky/obj/rpl-neighbor.o
                0x0000000000009080                rpl_neighbor_is_fresh
 .text.best_parent
                0x000000000000908a       0xb4 build/sky/obj/rpl-neighbor.o
 .text.rpl_neighbor_snprint
                0x000000000000913e      0x20c build/sky/obj/rpl-neighbor.o
                0x000000000000913e                rpl_neighbor_snprint
 .text.rpl_neighbor_set_preferred_parent
                0x000000000000934a       0x48 build/sky/obj/rpl-neighbor.o
                0x000000000000934a                rpl_neighbor_set_preferred_parent
 .text.rpl_neighbor_remove_all
                0x0000000000009392       0x30 build/sky/obj/rpl-neighbor.o
                0x0000000000009392                rpl_neighbor_remove_all
 .text.rpl_neighbor_get_from_ipaddr
                0x00000000000093c2       0x14 build/sky/obj/rpl-neighbor.o
                0x00000000000093c2                rpl_neighbor_get_from_ipaddr
 .text.rpl_neighbor_select_best
                0x00000000000093d6       0x54 build/sky/obj/rpl-neighbor.o
                0x00000000000093d6                rpl_neighbor_select_best
 .text.rpl_neighbor_init
                0x000000000000942a        0xe build/sky/obj/rpl-neighbor.o
                0x000000000000942a                rpl_neighbor_init
 .text.handle_state_update
                0x0000000000009438        0x6 build/sky/obj/rpl-timers.o
 .text.handle_leaving_timer
                0x000000000000943e        0xc build/sky/obj/rpl-timers.o
 .text.schedule_dao_retransmission
                0x000000000000944a       0x34 build/sky/obj/rpl-timers.o
 .text.new_dio_interval
                0x000000000000947e       0x8a build/sky/obj/rpl-timers.o
 .text.handle_unicast_dio_timer
                0x0000000000009508       0x12 build/sky/obj/rpl-timers.o
 .text.send_new_dao
                0x000000000000951a       0x28 build/sky/obj/rpl-timers.o
 .text.resend_dao
                0x0000000000009542       0x24 build/sky/obj/rpl-timers.o
 .text.handle_dao_ack_timer
                0x0000000000009566       0x12 build/sky/obj/rpl-timers.o
 .text.handle_dio_timer
                0x0000000000009578       0x6e build/sky/obj/rpl-timers.o
 .text.rpl_timers_schedule_periodic_dis
                0x00000000000095e6       0x40 build/sky/obj/rpl-timers.o
                0x00000000000095e6                rpl_timers_schedule_periodic_dis
 .text.handle_periodic_timer
                0x0000000000009626       0x3a build/sky/obj/rpl-timers.o
 .text.handle_dis_timer
                0x0000000000009660       0x26 build/sky/obj/rpl-timers.o
 .text.rpl_timers_dio_reset
                0x0000000000009686       0x2e build/sky/obj/rpl-timers.o
                0x0000000000009686                rpl_timers_dio_reset
 .text.rpl_timers_schedule_unicast_dio
                0x00000000000096b4       0x20 build/sky/obj/rpl-timers.o
                0x00000000000096b4                rpl_timers_schedule_unicast_dio
 .text.rpl_timers_schedule_dao
                0x00000000000096d4       0x3c build/sky/obj/rpl-timers.o
                0x00000000000096d4                rpl_timers_schedule_dao
 .text.rpl_timers_schedule_dao_ack
                0x0000000000009710       0x34 build/sky/obj/rpl-timers.o
                0x0000000000009710                rpl_timers_schedule_dao_ack
 .text.rpl_timers_notify_dao_ack
                0x0000000000009744       0x82 build/sky/obj/rpl-timers.o
                0x0000000000009744                rpl_timers_notify_dao_ack
 .text.get_probing_delay
                0x00000000000097c6       0x1c build/sky/obj/rpl-timers.o
                0x00000000000097c6                get_probing_delay
 .text.get_probing_target
                0x00000000000097e2       0xee build/sky/obj/rpl-timers.o
                0x00000000000097e2                get_probing_target
 .text.rpl_schedule_probing
                0x00000000000098d0       0x20 build/sky/obj/rpl-timers.o
                0x00000000000098d0                rpl_schedule_probing
 .text.handle_probing_timer
                0x00000000000098f0       0x2a build/sky/obj/rpl-timers.o
 .text.rpl_schedule_probing_now
                0x000000000000991a       0x24 build/sky/obj/rpl-timers.o
                0x000000000000991a                rpl_schedule_probing_now
 .text.rpl_timers_unschedule_leaving
                0x000000000000993e       0x1c build/sky/obj/rpl-timers.o
                0x000000000000993e                rpl_timers_unschedule_leaving
 .text.rpl_timers_schedule_leaving
                0x000000000000995a       0x2a build/sky/obj/rpl-timers.o
                0x000000000000995a                rpl_timers_schedule_leaving
 .text.rpl_timers_init
                0x0000000000009984       0x1c build/sky/obj/rpl-timers.o
                0x0000000000009984                rpl_timers_init
 .text.rpl_timers_stop_dag_timers
                0x00000000000099a0       0x4c build/sky/obj/rpl-timers.o
                0x00000000000099a0                rpl_timers_stop_dag_timers
 .text.rpl_timers_unschedule_state_update
                0x00000000000099ec       0x10 build/sky/obj/rpl-timers.o
                0x00000000000099ec                rpl_timers_unschedule_state_update
 .text.rpl_timers_schedule_state_update
                0x00000000000099fc       0x1c build/sky/obj/rpl-timers.o
                0x00000000000099fc                rpl_timers_schedule_state_update
 .text.rpl_has_joined
                0x0000000000009a18       0x12 build/sky/obj/rpl.o
                0x0000000000009a18                rpl_has_joined
 .text.rpl_is_reachable
                0x0000000000009a2a       0x12 build/sky/obj/rpl.o
                0x0000000000009a2a                rpl_is_reachable
 .text.neighbor_state_changed
                0x0000000000009a3c        0x2 build/sky/obj/rpl.o
 .text.drop_route
                0x0000000000009a3e        0x2 build/sky/obj/rpl.o
 .text.rpl_get_leaf_only
                0x0000000000009a40        0x6 build/sky/obj/rpl.o
                0x0000000000009a40                rpl_get_leaf_only
 .text.get_sr_node_ipaddr
                0x0000000000009a46       0x34 build/sky/obj/rpl.o
 .text.init     0x0000000000009a7a       0x42 build/sky/obj/rpl.o
 .text.set_ip_from_prefix
                0x0000000000009abc       0x38 build/sky/obj/rpl.o
 .text.rpl_link_callback
                0x0000000000009af4       0x1e build/sky/obj/rpl.o
                0x0000000000009af4                rpl_link_callback
 .text.rpl_lollipop_greater_than
                0x0000000000009b12       0x3c build/sky/obj/rpl.o
                0x0000000000009b12                rpl_lollipop_greater_than
 .text.rpl_get_global_address
                0x0000000000009b4e       0xbe build/sky/obj/rpl.o
                0x0000000000009b4e                rpl_get_global_address
 .text.rpl_reset_prefix
                0x0000000000009c0c       0x24 build/sky/obj/rpl.o
                0x0000000000009c0c                rpl_reset_prefix
 .text.rpl_set_prefix_from_addr
                0x0000000000009c30       0x92 build/sky/obj/rpl.o
                0x0000000000009c30                rpl_set_prefix_from_addr
 .text.timera0  0x0000000000009cc2       0x2e build/sky/obj/rtimer-arch.o
                0x0000000000009cc2                __isr_6
                0x0000000000009cc2                timera0
 .text.rtimer_arch_init
                0x0000000000009cf0        0xe build/sky/obj/rtimer-arch.o
                0x0000000000009cf0                rtimer_arch_init
 .text.rtimer_arch_now
                0x0000000000009cfe        0xe build/sky/obj/rtimer-arch.o
                0x0000000000009cfe                rtimer_arch_now
 .text.rtimer_arch_schedule
                0x0000000000009d0c        0x6 build/sky/obj/rtimer-arch.o
                0x0000000000009d0c                rtimer_arch_schedule
 .text.rtimer_init
                0x0000000000009d12        0x6 build/sky/obj/rtimer.o
                0x0000000000009d12                rtimer_init
 .text.rtimer_run_next
                0x0000000000009d18       0x26 build/sky/obj/rtimer.o
                0x0000000000009d18                rtimer_run_next
 .text.process_thread_sensors_process
                0x0000000000009d3e       0xc2 build/sky/obj/sensors.o
 .text.sensors_changed
                0x0000000000009e00       0x2a build/sky/obj/sensors.o
                0x0000000000009e00                sensors_changed
 .text.process_thread_serial_shell_process
                0x0000000000009e2a       0x62 build/sky/obj/serial-shell.o
 .text.serial_shell_output
                0x0000000000009e8c        0xe build/sky/obj/serial-shell.o
 .text.serial_shell_init
                0x0000000000009e9a        0xc build/sky/obj/serial-shell.o
                0x0000000000009e9a                serial_shell_init
 .text.cmd_rpl_global_repair
                0x0000000000009ea6       0x3a build/sky/obj/shell-commands.o
 .text.cmd_rpl_local_repair
                0x0000000000009ee0       0x3a build/sky/obj/shell-commands.o
 .text.cmd_rpl_nbr
                0x0000000000009f1a       0xc0 build/sky/obj/shell-commands.o
 .text.cmd_ipaddr
                0x0000000000009fda       0x9a build/sky/obj/shell-commands.o
 .text.cmd_rpl_status
                0x000000000000a074      0x376 build/sky/obj/shell-commands.o
 .text.cmd_rpl_refresh_routes
                0x000000000000a3ea       0x3a build/sky/obj/shell-commands.o
 .text.cmd_rpl_set_root
                0x000000000000a424      0x192 build/sky/obj/shell-commands.o
 .text.cmd_routes
                0x000000000000a5b6      0x150 build/sky/obj/shell-commands.o
 .text.cmd_ping
                0x000000000000a706      0x1b4 build/sky/obj/shell-commands.o
 .text.cmd_macaddr
                0x000000000000a8ba       0x4a build/sky/obj/shell-commands.o
 .text.cmd_ip_neighbors
                0x000000000000a904      0x118 build/sky/obj/shell-commands.o
 .text.shell_output_log_levels
                0x000000000000aa1c       0x78 build/sky/obj/shell-commands.o
 .text.cmd_log  0x000000000000aa94      0x142 build/sky/obj/shell-commands.o
 .text.cmd_reboot
                0x000000000000abd6       0x36 build/sky/obj/shell-commands.o
 .text.cmd_help
                0x000000000000ac0c       0x94 build/sky/obj/shell-commands.o
 .text.echo_reply_handler
                0x000000000000aca0       0x1c build/sky/obj/shell-commands.o
 .text.shell_commands_init
                0x000000000000acbc       0x22 build/sky/obj/shell-commands.o
                0x000000000000acbc                shell_commands_init
 .text.shell_command_lookup
                0x000000000000acde       0x44 build/sky/obj/shell-commands.o
                0x000000000000acde                shell_command_lookup
 .text.shell_output_6addr
                0x000000000000ad22       0x50 build/sky/obj/shell.o
                0x000000000000ad22                shell_output_6addr
 .text.shell_output_lladdr
                0x000000000000ad72       0x88 build/sky/obj/shell.o
                0x000000000000ad72                shell_output_lladdr
 .text.shell_input
                0x000000000000adfa       0xc6 build/sky/obj/shell.o
                0x000000000000adfa                shell_input
 .text.shell_init
                0x000000000000aec0        0x6 build/sky/obj/shell.o
                0x000000000000aec0                shell_init
 .text.clear_fragments
                0x000000000000aec6       0x40 build/sky/obj/sicslowpan.o
 .text.addr_context_lookup_by_number
                0x000000000000af06       0x16 build/sky/obj/sicslowpan.o
 .text.sicslowpan_init
                0x000000000000af1c       0x18 build/sky/obj/sicslowpan.o
                0x000000000000af1c                sicslowpan_init
 .text.set_packet_attrs
                0x000000000000af34       0x66 build/sky/obj/sicslowpan.o
 .text.compress_addr_64
                0x000000000000af9a       0xae build/sky/obj/sicslowpan.o
 .text.addr_context_lookup_by_prefix
                0x000000000000b048       0x20 build/sky/obj/sicslowpan.o
 .text.send_packet
                0x000000000000b068       0x1a build/sky/obj/sicslowpan.o
 .text.fragment_copy_payload_and_send
                0x000000000000b082       0x60 build/sky/obj/sicslowpan.o
 .text.output   0x000000000000b0e2      0x7c8 build/sky/obj/sicslowpan.o
 .text.packet_sent
                0x000000000000b8aa       0x56 build/sky/obj/sicslowpan.o
 .text.store_fragment
                0x000000000000b900       0xb8 build/sky/obj/sicslowpan.o
 .text.add_fragment
                0x000000000000b9b8      0x1fc build/sky/obj/sicslowpan.o
 .text.uncompress_addr
                0x000000000000bbb4       0xb4 build/sky/obj/sicslowpan.o
 .text.input    0x000000000000bc68      0xa10 build/sky/obj/sicslowpan.o
 .text.spi_init
                0x000000000000c678       0x30 build/sky/obj/spi-legacy.o
                0x000000000000c678                spi_init
 .text.stack_check_init
                0x000000000000c6a8       0x2e build/sky/obj/stack-check.o
                0x000000000000c6a8                stack_check_init
 .text.stack_check_get_usage
                0x000000000000c6d6       0x54 build/sky/obj/stack-check.o
                0x000000000000c6d6                stack_check_get_usage
 .text.process_thread_stack_check_process
                0x000000000000c72a       0xea build/sky/obj/stack-check.o
 .text.stimer_set
                0x000000000000c814       0x1c build/sky/obj/stimer.o
                0x000000000000c814                stimer_set
 .text.stimer_expired
                0x000000000000c830       0x30 build/sky/obj/stimer.o
                0x000000000000c830                stimer_expired
 .text.tcpip_output
                0x000000000000c860       0x22 build/sky/obj/tcpip.o
                0x000000000000c860                tcpip_output
 .text.tcpip_input
                0x000000000000c882       0x1e build/sky/obj/tcpip.o
                0x000000000000c882                tcpip_input
 .text.tcpip_ipv6_output
                0x000000000000c8a0      0x114 build/sky/obj/tcpip.o
                0x000000000000c8a0                tcpip_ipv6_output
 .text.packet_input.part.3
                0x000000000000c9b4       0x12 build/sky/obj/tcpip.o
 .text.process_thread_tcpip_process
                0x000000000000c9c6       0xcc build/sky/obj/tcpip.o
 .text.tcpip_uipcall
                0x000000000000ca92       0x2a build/sky/obj/tcpip.o
                0x000000000000ca92                tcpip_uipcall
 .text.timer_set
                0x000000000000cabc       0x1c build/sky/obj/timer.o
                0x000000000000cabc                timer_set
 .text.timer_expired
                0x000000000000cad8       0x2a build/sky/obj/timer.o
                0x000000000000cad8                timer_expired
 .text.timer_reset
                0x000000000000cb02       0x1c build/sky/obj/timer.o
                0x000000000000cb02                timer_reset
 .text.putchar  0x000000000000cb1e       0x10 build/sky/obj/uart1-putchar.o
                0x000000000000cb1e                putchar
 .text.uart1_active
                0x000000000000cb2e       0x18 build/sky/obj/uart1.o
                0x000000000000cb2e                uart1_active
 .text.uart1_writeb
                0x000000000000cb46       0x18 build/sky/obj/uart1.o
                0x000000000000cb46                uart1_writeb
 .text.uart1_init
                0x000000000000cb5e       0xf4 build/sky/obj/uart1.o
                0x000000000000cb5e                uart1_init
 .text.uip_ds6_nbr_rm
                0x000000000000cc52       0x1e build/sky/obj/uip-ds6-nbr.o
                0x000000000000cc52                uip_ds6_nbr_rm
 .text.uip_ds6_neighbors_init
                0x000000000000cc70       0x12 build/sky/obj/uip-ds6-nbr.o
                0x000000000000cc70                uip_ds6_neighbors_init
 .text.uip_ds6_nbr_add
                0x000000000000cc82       0x3e build/sky/obj/uip-ds6-nbr.o
                0x000000000000cc82                uip_ds6_nbr_add
 .text.uip_ds6_nbr_get_ipaddr
                0x000000000000ccc0        0x2 build/sky/obj/uip-ds6-nbr.o
                0x000000000000ccc0                uip_ds6_nbr_get_ipaddr
 .text.uip_ds6_nbr_get_ll
                0x000000000000ccc2        0xc build/sky/obj/uip-ds6-nbr.o
                0x000000000000ccc2                uip_ds6_nbr_get_ll
 .text.uip_ds6_nbr_head
                0x000000000000ccce        0xa build/sky/obj/uip-ds6-nbr.o
                0x000000000000ccce                uip_ds6_nbr_head
 .text.uip_ds6_nbr_next
                0x000000000000ccd8        0xc build/sky/obj/uip-ds6-nbr.o
                0x000000000000ccd8                uip_ds6_nbr_next
 .text.uip_ds6_nbr_lookup
                0x000000000000cce4       0x3a build/sky/obj/uip-ds6-nbr.o
                0x000000000000cce4                uip_ds6_nbr_lookup
 .text.uip_ds6_nbr_ll_lookup
                0x000000000000cd1e        0xc build/sky/obj/uip-ds6-nbr.o
                0x000000000000cd1e                uip_ds6_nbr_ll_lookup
 .text.uip_ds6_nbr_update_ll
                0x000000000000cd2a       0x76 build/sky/obj/uip-ds6-nbr.o
                0x000000000000cd2a                uip_ds6_nbr_update_ll
 .text.uip_ds6_nbr_ipaddr_from_lladdr
                0x000000000000cda0        0x6 build/sky/obj/uip-ds6-nbr.o
                0x000000000000cda0                uip_ds6_nbr_ipaddr_from_lladdr
 .text.uip_ds6_nbr_lladdr_from_ipaddr
                0x000000000000cda6       0x12 build/sky/obj/uip-ds6-nbr.o
                0x000000000000cda6                uip_ds6_nbr_lladdr_from_ipaddr
 .text.uip_ds6_link_callback
                0x000000000000cdb8        0x2 build/sky/obj/uip-ds6-nbr.o
                0x000000000000cdb8                uip_ds6_link_callback
 .text.uip_ds6_route_init
                0x000000000000cdba       0x12 build/sky/obj/uip-ds6-route.o
                0x000000000000cdba                uip_ds6_route_init
 .text.uip_ds6_route_nexthop
                0x000000000000cdcc        0x4 build/sky/obj/uip-ds6-route.o
                0x000000000000cdcc                uip_ds6_route_nexthop
 .text.uip_ds6_route_lookup
                0x000000000000cdd0        0x4 build/sky/obj/uip-ds6-route.o
                0x000000000000cdd0                uip_ds6_route_lookup
 .text.uip_ds6_route_rm
                0x000000000000cdd4        0x2 build/sky/obj/uip-ds6-route.o
                0x000000000000cdd4                uip_ds6_route_rm
 .text.uip_ds6_defrt_rm
                0x000000000000cdd6       0x3c build/sky/obj/uip-ds6-route.o
                0x000000000000cdd6                uip_ds6_defrt_rm
 .text.uip_ds6_defrt_lookup
                0x000000000000ce12       0x40 build/sky/obj/uip-ds6-route.o
                0x000000000000ce12                uip_ds6_defrt_lookup
 .text.uip_ds6_defrt_add
                0x000000000000ce52       0x72 build/sky/obj/uip-ds6-route.o
                0x000000000000ce52                uip_ds6_defrt_add
 .text.uip_ds6_defrt_choose
                0x000000000000cec4       0x3a build/sky/obj/uip-ds6-route.o
                0x000000000000cec4                uip_ds6_defrt_choose
 .text.uip_ds6_defrt_periodic
                0x000000000000cefe       0x38 build/sky/obj/uip-ds6-route.o
                0x000000000000cefe                uip_ds6_defrt_periodic
 .text.uip_ds6_default_prefix
                0x000000000000cf36        0x6 build/sky/obj/uip-ds6.o
                0x000000000000cf36                uip_ds6_default_prefix
 .text.uip_ds6_list_loop
                0x000000000000cf3c       0x92 build/sky/obj/uip-ds6.o
                0x000000000000cf3c                uip_ds6_list_loop
 .text.uip_ds6_prefix_add
                0x000000000000cfce       0x80 build/sky/obj/uip-ds6.o
                0x000000000000cfce                uip_ds6_prefix_add
 .text.uip_ds6_is_addr_onlink
                0x000000000000d04e       0x54 build/sky/obj/uip-ds6.o
                0x000000000000d04e                uip_ds6_is_addr_onlink
 .text.uip_ds6_addr_lookup
                0x000000000000d0a2       0x2a build/sky/obj/uip-ds6.o
                0x000000000000d0a2                uip_ds6_addr_lookup
 .text.uip_ds6_get_link_local
                0x000000000000d0cc       0x3e build/sky/obj/uip-ds6.o
                0x000000000000d0cc                uip_ds6_get_link_local
 .text.uip_ds6_maddr_add
                0x000000000000d10a       0x4c build/sky/obj/uip-ds6.o
                0x000000000000d10a                uip_ds6_maddr_add
 .text.uip_ds6_addr_add
                0x000000000000d156       0xc4 build/sky/obj/uip-ds6.o
                0x000000000000d156                uip_ds6_addr_add
 .text.uip_ds6_maddr_rm
                0x000000000000d21a        0xa build/sky/obj/uip-ds6.o
                0x000000000000d21a                uip_ds6_maddr_rm
 .text.uip_ds6_maddr_lookup
                0x000000000000d224       0x2a build/sky/obj/uip-ds6.o
                0x000000000000d224                uip_ds6_maddr_lookup
 .text.uip_ds6_addr_rm
                0x000000000000d24e       0x54 build/sky/obj/uip-ds6.o
                0x000000000000d24e                uip_ds6_addr_rm
 .text.uip_ds6_periodic
                0x000000000000d2a2       0x46 build/sky/obj/uip-ds6.o
                0x000000000000d2a2                uip_ds6_periodic
 .text.uip_ds6_set_addr_iid
                0x000000000000d2e8       0x14 build/sky/obj/uip-ds6.o
                0x000000000000d2e8                uip_ds6_set_addr_iid
 .text.uip_ds6_set_lladdr_from_iid
                0x000000000000d2fc       0x14 build/sky/obj/uip-ds6.o
                0x000000000000d2fc                uip_ds6_set_lladdr_from_iid
 .text.get_match_length
                0x000000000000d310       0x44 build/sky/obj/uip-ds6.o
                0x000000000000d310                get_match_length
 .text.uip_ds6_select_src
                0x000000000000d354       0xaa build/sky/obj/uip-ds6.o
                0x000000000000d354                uip_ds6_select_src
 .text.uip_ds6_compute_reachable_time
                0x000000000000d3fe       0x3e build/sky/obj/uip-ds6.o
                0x000000000000d3fe                uip_ds6_compute_reachable_time
 .text.uip_ds6_init
                0x000000000000d43c      0x164 build/sky/obj/uip-ds6.o
                0x000000000000d43c                uip_ds6_init
 .text.echo_reply_input
                0x000000000000d5a0       0x68 build/sky/obj/uip-icmp6.o
 .text.echo_request_input
                0x000000000000d608       0x86 build/sky/obj/uip-icmp6.o
 .text.uip_icmp6_input
                0x000000000000d68e       0x48 build/sky/obj/uip-icmp6.o
                0x000000000000d68e                uip_icmp6_input
 .text.uip_icmp6_register_input_handler
                0x000000000000d6d6        0xc build/sky/obj/uip-icmp6.o
                0x000000000000d6d6                uip_icmp6_register_input_handler
 .text.uip_icmp6_error_output
                0x000000000000d6e2      0x146 build/sky/obj/uip-icmp6.o
                0x000000000000d6e2                uip_icmp6_error_output
 .text.uip_icmp6_send
                0x000000000000d828       0x8e build/sky/obj/uip-icmp6.o
                0x000000000000d828                uip_icmp6_send
 .text.uip_icmp6_echo_reply_callback_add
                0x000000000000d8b6       0x18 build/sky/obj/uip-icmp6.o
                0x000000000000d8b6                uip_icmp6_echo_reply_callback_add
 .text.uip_icmp6_init
                0x000000000000d8ce       0x12 build/sky/obj/uip-icmp6.o
                0x000000000000d8ce                uip_icmp6_init
 .text.ns_input
                0x000000000000d8e0      0x29a build/sky/obj/uip-nd6.o
 .text.uip_nd6_init
                0x000000000000db7a        0xa build/sky/obj/uip-nd6.o
                0x000000000000db7a                uip_nd6_init
 .text.node_matches_address.part.0
                0x000000000000db84       0x2e build/sky/obj/uip-sr.o
 .text.uip_sr_num_nodes
                0x000000000000dbb2        0x6 build/sky/obj/uip-sr.o
                0x000000000000dbb2                uip_sr_num_nodes
 .text.uip_sr_get_node
                0x000000000000dbb8       0x44 build/sky/obj/uip-sr.o
                0x000000000000dbb8                uip_sr_get_node
 .text.uip_sr_is_addr_reachable
                0x000000000000dbfc       0x4e build/sky/obj/uip-sr.o
                0x000000000000dbfc                uip_sr_is_addr_reachable
 .text.uip_sr_expire_parent
                0x000000000000dc4a       0x50 build/sky/obj/uip-sr.o
                0x000000000000dc4a                uip_sr_expire_parent
 .text.uip_sr_update_node
                0x000000000000dc9a       0xbc build/sky/obj/uip-sr.o
                0x000000000000dc9a                uip_sr_update_node
 .text.uip_sr_init
                0x000000000000dd56       0x16 build/sky/obj/uip-sr.o
                0x000000000000dd56                uip_sr_init
 .text.uip_sr_node_head
                0x000000000000dd6c        0xa build/sky/obj/uip-sr.o
                0x000000000000dd6c                uip_sr_node_head
 .text.uip_sr_node_next
                0x000000000000dd76        0x6 build/sky/obj/uip-sr.o
                0x000000000000dd76                uip_sr_node_next
 .text.uip_sr_periodic
                0x000000000000dd7c       0x9e build/sky/obj/uip-sr.o
                0x000000000000dd7c                uip_sr_periodic
 .text.uip_sr_free_all
                0x000000000000de1a       0x3c build/sky/obj/uip-sr.o
                0x000000000000de1a                uip_sr_free_all
 .text.uip_sr_link_snprint
                0x000000000000de56       0xd6 build/sky/obj/uip-sr.o
                0x000000000000de56                uip_sr_link_snprint
 .text.chksum   0x000000000000df2c       0x32 build/sky/obj/uip6.o
 .text.upper_layer_chksum
                0x000000000000df5e       0x58 build/sky/obj/uip6.o
 .text.ext_hdr_options_process
                0x000000000000dfb6       0xa4 build/sky/obj/uip6.o
 .text.uip_check_mtu
                0x000000000000e05a       0x1e build/sky/obj/uip6.o
 .text.uip_update_ttl
                0x000000000000e078       0x24 build/sky/obj/uip6.o
 .text.uip_icmp6chksum
                0x000000000000e09c        0xa build/sky/obj/uip6.o
                0x000000000000e09c                uip_icmp6chksum
 .text.uip_udpchksum
                0x000000000000e0a6        0xa build/sky/obj/uip6.o
                0x000000000000e0a6                uip_udpchksum
 .text.uip_init
                0x000000000000e0b0       0x3c build/sky/obj/uip6.o
                0x000000000000e0b0                uip_init
 .text.uip_remove_ext_hdr
                0x000000000000e0ec       0x5e build/sky/obj/uip6.o
                0x000000000000e0ec                uip_remove_ext_hdr
 .text.uip_process
                0x000000000000e14a      0x4be build/sky/obj/uip6.o
                0x000000000000e14a                uip_process
 .text.uip_htonl
                0x000000000000e608       0x2e build/sky/obj/uip6.o
                0x000000000000e608                uip_htonl
 .text.uipbuf_add_ext_hdr
                0x000000000000e636       0x1c build/sky/obj/uipbuf.o
                0x000000000000e636                uipbuf_add_ext_hdr
 .text.uipbuf_set_len
                0x000000000000e652       0x12 build/sky/obj/uipbuf.o
                0x000000000000e652                uipbuf_set_len
 .text.uipbuf_set_len_field
                0x000000000000e664        0xe build/sky/obj/uipbuf.o
                0x000000000000e664                uipbuf_set_len_field
 .text.uipbuf_get_len_field
                0x000000000000e672        0xe build/sky/obj/uipbuf.o
                0x000000000000e672                uipbuf_get_len_field
 .text.uipbuf_get_next_header
                0x000000000000e680       0x6a build/sky/obj/uipbuf.o
                0x000000000000e680                uipbuf_get_next_header
 .text.uipbuf_get_last_header
                0x000000000000e6ea       0x3e build/sky/obj/uipbuf.o
                0x000000000000e6ea                uipbuf_get_last_header
 .text.uipbuf_search_header
                0x000000000000e728       0x4e build/sky/obj/uipbuf.o
                0x000000000000e728                uipbuf_search_header
 .text.uipbuf_get_attr
                0x000000000000e776       0x12 build/sky/obj/uipbuf.o
                0x000000000000e776                uipbuf_get_attr
 .text.uipbuf_set_attr
                0x000000000000e788       0x14 build/sky/obj/uipbuf.o
                0x000000000000e788                uipbuf_set_attr
 .text.uipbuf_clear_attr
                0x000000000000e79c       0x12 build/sky/obj/uipbuf.o
                0x000000000000e79c                uipbuf_clear_attr
 .text.uipbuf_clear
                0x000000000000e7ae       0x12 build/sky/obj/uipbuf.o
                0x000000000000e7ae                uipbuf_clear
 .text.uipbuf_init
                0x000000000000e7c0       0x1a build/sky/obj/uipbuf.o
                0x000000000000e7c0                uipbuf_init
 .text.uiplib_ip6addrconv
                0x000000000000e7da      0x10c build/sky/obj/uiplib.o
                0x000000000000e7da                uiplib_ip6addrconv
 .text.uiplib_ipaddr_snprint
                0x000000000000e8e6      0x12c build/sky/obj/uiplib.o
                0x000000000000e8e6                uiplib_ipaddr_snprint
 .text.watchdog_interrupt
                0x000000000000ea12        0x6 build/sky/obj/watchdog.o
                0x000000000000ea12                __isr_10
                0x000000000000ea12                watchdog_interrupt
 .text.watchdog_start
                0x000000000000ea18       0x14 build/sky/obj/watchdog.o
                0x000000000000ea18                watchdog_start
 .text.watchdog_periodic
                0x000000000000ea2c       0x12 build/sky/obj/watchdog.o
                0x000000000000ea2c                watchdog_periodic
 .text.watchdog_stop
                0x000000000000ea3e       0x16 build/sky/obj/watchdog.o
                0x000000000000ea3e                watchdog_stop
 .text.watchdog_init
                0x000000000000ea54       0x12 build/sky/obj/watchdog.o
                0x000000000000ea54                watchdog_init
 .text.watchdog_reboot
                0x000000000000ea66        0x6 build/sky/obj/watchdog.o
                0x000000000000ea66                watchdog_reboot
 .text.xmem_init
                0x000000000000ea6c       0x3c build/sky/obj/xmem.o
                0x000000000000ea6c                xmem_init
 .text.strtol   0x000000000000eaa8      0x19c /home/ape/libs/mspgcc-4.7.3/bin/../lib/gcc/msp430/4.7.3/../../../../msp430/lib/mmpy-16/libc.a(strtol.o)
                0x000000000000eaa8                strtol
 .text.printf   0x000000000000ec44       0x10 /home/ape/libs/mspgcc-4.7.3/bin/../lib/gcc/msp430/4.7.3/../../../../msp430/lib/mmpy-16/libc.a(printf.o)
                0x000000000000ec44                printf
 .text.append   0x000000000000ec54       0x22 /home/ape/libs/mspgcc-4.7.3/bin/../lib/gcc/msp430/4.7.3/../../../../msp430/lib/mmpy-16/libc.a(sprintf.o)
 .text.call_vuprintf
                0x000000000000ec76       0x3a /home/ape/libs/mspgcc-4.7.3/bin/../lib/gcc/msp430/4.7.3/../../../../msp430/lib/mmpy-16/libc.a(sprintf.o)
 .text.snprintf
                0x000000000000ecb0       0x1a /home/ape/libs/mspgcc-4.7.3/bin/../lib/gcc/msp430/4.7.3/../../../../msp430/lib/mmpy-16/libc.a(sprintf.o)
                0x000000000000ecb0                snprintf
 .text.print_field
                0x000000000000ecca      0x194 /home/ape/libs/mspgcc-4.7.3/bin/../lib/gcc/msp430/4.7.3/../../../../msp430/lib/mmpy-16/libc.a(vuprintf.o)
 .text.vuprintf
                0x000000000000ee5e      0x63e /home/ape/libs/mspgcc-4.7.3/bin/../lib/gcc/msp430/4.7.3/../../../../msp430/lib/mmpy-16/libc.a(vuprintf.o)
                0x000000000000ee5e                vuprintf
 .text.puts     0x000000000000f49c       0x2c /home/ape/libs/mspgcc-4.7.3/bin/../lib/gcc/msp430/4.7.3/../../../../msp430/lib/mmpy-16/libc.a(puts.o)
                0x000000000000f49c                puts
 .text.rand     0x000000000000f4c8       0x26 /home/ape/libs/mspgcc-4.7.3/bin/../lib/gcc/msp430/4.7.3/../../../../msp430/lib/mmpy-16/libc.a(rand.o)
                0x000000000000f4c8                rand
 .text.srand    0x000000000000f4ee        0xa /home/ape/libs/mspgcc-4.7.3/bin/../lib/gcc/msp430/4.7.3/../../../../msp430/lib/mmpy-16/libc.a(rand.o)
                0x000000000000f4ee                srand
 .text.strchr   0x000000000000f4f8       0x16 /home/ape/libs/mspgcc-4.7.3/bin/../lib/gcc/msp430/4.7.3/../../../../msp430/lib/mmpy-16/libc.a(strchr.o)
                0x000000000000f4f8                strchr
 .text.strcmp   0x000000000000f50e       0x1e /home/ape/libs/mspgcc-4.7.3/bin/../lib/gcc/msp430/4.7.3/../../../../msp430/lib/mmpy-16/libc.a(strcmp.o)
                0x000000000000f50e                strcmp
 .text.memcmp   0x000000000000f52c       0x30 /home/ape/libs/mspgcc-4.7.3/bin/../lib/gcc/msp430/4.7.3/../../../../msp430/lib/mmpy-16/libc.a(memcmp.o)
                0x000000000000f52c                memcmp
 .text.strcpy   0x000000000000f55c       0x14 /home/ape/libs/mspgcc-4.7.3/bin/../lib/gcc/msp430/4.7.3/../../../../msp430/lib/mmpy-16/libc.a(strcpy.o)
                0x000000000000f55c                strcpy
 .text.memcpy   0x000000000000f570       0xfa /home/ape/libs/mspgcc-4.7.3/bin/../lib/gcc/msp430/4.7.3/../../../../msp430/lib/mmpy-16/libc.a(memcpy.o)
                0x000000000000f570                memcpy
 .text.memmove  0x000000000000f66a       0xfa /home/ape/libs/mspgcc-4.7.3/bin/../lib/gcc/msp430/4.7.3/../../../../msp430/lib/mmpy-16/libc.a(memmove.o)
                0x000000000000f66a                memmove
 .text.memset   0x000000000000f764       0x6a /home/ape/libs/mspgcc-4.7.3/bin/../lib/gcc/msp430/4.7.3/../../../../msp430/lib/mmpy-16/libc.a(memset.o)
                0x000000000000f764                memset
 .text.crt0     0x000000000000f7ce        0x2 /home/ape/libs/mspgcc-4.7.3/bin/../lib/gcc/msp430/4.7.3/mmpy-16/libcrt0.a(_unexpected_.o)
                0x000000000000f7ce                _unexpected_
 .text.libgcc   0x000000000000f7d0       0x2c /home/ape/libs/mspgcc-4.7.3/bin/../lib/gcc/msp430/4.7.3/mmpy-16/libgcc.a(_mulsi3.o)
                0x000000000000f7d0                __mulsi3
 .text.libgcc   0x000000000000f7fc       0x22 /home/ape/libs/mspgcc-4.7.3/bin/../lib/gcc/msp430/4.7.3/mmpy-16/libgcc.a(_udivmod16.o)
                0x000000000000f7fc                __udivhi3
                0x000000000000f7fc                __ext_udivmod16
                0x000000000000f816                __umodhi3
 .text.libgcc   0x000000000000f81e       0x3a /home/ape/libs/mspgcc-4.7.3/bin/../lib/gcc/msp430/4.7.3/mmpy-16/libgcc.a(_divmod16.o)
                0x000000000000f81e                __ext_divmod16
                0x000000000000f81e                __divhi3
                0x000000000000f850                __modhi3
 .text.libgcc   0x000000000000f858       0x40 /home/ape/libs/mspgcc-4.7.3/bin/../lib/gcc/msp430/4.7.3/mmpy-16/libgcc.a(_udivmod32.o)
                0x000000000000f858                __udivsi3
                0x000000000000f858                __ext_udivmod32
                0x000000000000f88e                __umodsi3
 .text.libgcc   0x000000000000f898       0x4c /home/ape/libs/mspgcc-4.7.3/bin/../lib/gcc/msp430/4.7.3/mmpy-16/libgcc.a(_divmod32.o)
                0x000000000000f898                __ext_divmod32
                0x000000000000f898                __divsi3
                0x000000000000f8da                __modsi3